Component: ARM Compiler 5.06 update 6 (build 750) Tool: armlink [4d35ed]

==============================================================================

Section Cross References

    main.o(.text) refers to drv_bsp.o(.text) for All_Init
    main.o(.text) refers to ano_scheduler.o(.text) for Scheduler_Setup
    ano_scheduler.o(.text) refers to memcpya.o(.text) for __aeabi_memcpy4
    ano_scheduler.o(.text) refers to ano_dt_lx.o(.text) for User_DT_Send
    ano_scheduler.o(.text) refers to drv_openmv.o(.text) for OpenMV_Offline_Check
    ano_scheduler.o(.text) refers to user_task.o(.text) for UserTask_OneKeyCmd
    ano_scheduler.o(.text) refers to drv_sys.o(.text) for GetSysRunTimeMs
    ano_scheduler.o(.text) refers to ano_scheduler.o(.data) for user_flag
    ano_scheduler.o(.text) refers to drv_anoof.o(.bss) for ano_of
    ano_scheduler.o(.data) refers to ano_scheduler.o(.text) for Loop_1000Hz
    user_task.o(.text) refers to lx_fc_fun.o(.text) for OneKey_Hold
    user_task.o(.text) refers to drv_bsp.o(.bss) for rc_in
    user_task.o(.text) refers to user_task.o(.data) for one_key_takeoff_f
    user_task.o(.text) refers to ano_lx.o(.bss) for rt_tar
    user_task.o(.text) refers to ano_dt_lx.o(.bss) for dt
    ano_dt_lx.o(.text) refers to drv_uart.o(.text) for DrvUart5SendBuf
    ano_dt_lx.o(.text) refers to ano_dt_lx.o(.bss) for dt
    ano_dt_lx.o(.text) refers to ano_lx.o(.bss) for pwm_to_esc
    ano_dt_lx.o(.text) refers to drv_led.o(.data) for led
    ano_dt_lx.o(.text) refers to lx_fc_state.o(.bss) for fc_sta
    ano_dt_lx.o(.text) refers to ano_dt_lx.o(.data) for rxstate
    ano_dt_lx.o(.text) refers to ano_lx.o(.data) for fc_bat
    ano_dt_lx.o(.text) refers to lx_fc_ext_sensor.o(.bss) for ext_sens
    ano_dt_lx.o(.text) refers to drv_bsp.o(.bss) for rc_in
    ano_lx.o(.text) refers to lx_fc_fun.o(.text) for LX_Change_Mode
    ano_lx.o(.text) refers to ano_math.o(.text) for my_deadzone
    ano_lx.o(.text) refers to drv_pwmout.o(.text) for DrvMotorPWMSet
    ano_lx.o(.text) refers to drv_adc.o(.text) for Drv_AdcGetBatVot
    ano_lx.o(.text) refers to drv_bsp.o(.bss) for rc_in
    ano_lx.o(.text) refers to ano_lx.o(.data) for mod_f
    ano_lx.o(.text) refers to lx_fc_state.o(.data) for sti_fun
    ano_lx.o(.text) refers to ano_lx.o(.bss) for rt_tar
    ano_lx.o(.text) refers to ano_dt_lx.o(.bss) for dt
    ano_lx.o(.text) refers to lx_fc_state.o(.bss) for fc_sta
    ano_lx.o(.text) refers to drv_bsp.o(.text) for DrvRcInputTask
    ano_lx.o(.text) refers to lx_fc_state.o(.text) for LX_FC_State_Task
    ano_lx.o(.text) refers to drv_anoof.o(.text) for AnoOF_Check_State
    ano_lx.o(.text) refers to drv_uart.o(.text) for DrvUartDataCheck
    ano_lx.o(.text) refers to lx_fc_ext_sensor.o(.text) for LX_FC_EXT_Sensor_Task
    ano_lx.o(.text) refers to ano_dt_lx.o(.text) for ANO_LX_Data_Exchange_Task
    ano_lx.o(.text) refers to drv_led.o(.text) for LED_1ms_DRV
    lx_fc_ext_sensor.o(.text) refers to drv_anoof.o(.bss) for ano_of
    lx_fc_ext_sensor.o(.text) refers to lx_fc_ext_sensor.o(.data) for of_alt_update_cnt
    lx_fc_ext_sensor.o(.text) refers to lx_fc_ext_sensor.o(.bss) for ext_sens
    lx_fc_ext_sensor.o(.text) refers to ano_dt_lx.o(.bss) for dt
    lx_fc_fun.o(.text) refers to ano_dt_lx.o(.text) for CMD_Send
    lx_fc_fun.o(.text) refers to lx_fc_state.o(.bss) for fc_sta
    lx_fc_fun.o(.text) refers to ano_dt_lx.o(.bss) for dt
    lx_fc_fun.o(.text) refers to lx_fc_fun.o(.data) for old_mode
    lx_fc_state.o(.text) refers to lx_fc_fun.o(.text) for FC_Unlock
    lx_fc_state.o(.text) refers to drv_bsp.o(.bss) for rc_in
    lx_fc_state.o(.text) refers to lx_fc_state.o(.data) for sti_fun
    lx_fc_state.o(.text) refers to lx_fc_state.o(.bss) for fc_sta
    drv_bsp.o(.text) refers to drv_rcin.o(.text) for DrvRcPpmInit
    drv_bsp.o(.text) refers to drv_sys.o(.text) for DrvSysInit
    drv_bsp.o(.text) refers to drv_led.o(.text) for DvrLedInit
    drv_bsp.o(.text) refers to drv_pwmout.o(.text) for DrvPwmOutInit
    drv_bsp.o(.text) refers to drv_uart.o(.text) for DrvUart1Init
    drv_bsp.o(.text) refers to drv_adc.o(.text) for DrvAdcInit
    drv_bsp.o(.text) refers to ano_dt_lx.o(.text) for ANO_DT_Init
    drv_bsp.o(.text) refers to drv_timer.o(.text) for DrvTimerFcInit
    drv_bsp.o(.text) refers to drv_bsp.o(.bss) for rc_in
    drv_bsp.o(.text) refers to drv_bsp.o(.data) for ch_sta
    ano_math.o(.text) refers to cdcmple.o(.text) for __aeabi_cdcmple
    ano_math.o(.text) refers to dmul.o(.text) for __aeabi_dmul
    ano_math.o(.text) refers to dadd.o(.text) for __aeabi_dadd
    ano_math.o(.text) refers to cdrcmple.o(.text) for __aeabi_cdrcmple
    ano_math.o(.text) refers to dflti.o(.text) for __aeabi_i2d
    ano_math.o(.text) refers to d2f.o(.text) for __aeabi_d2f
    ano_math.o(.text) refers to ano_math.o(.constdata) for fast_atan_table
    drv_anoof.o(.text) refers to drv_anoof.o(.bss) for check_time_ms
    drv_anoof.o(.text) refers to drv_anoof.o(.data) for rxstate
[...]
    ..\DriversMcu\STM32F407\Drivers\Drv_adc.c 0x00000000   Number         0  drv_adc.o ABSOLUTE
    ..\DriversMcu\STM32F407\Drivers\Drv_led.c 0x00000000   Number         0  drv_led.o ABSOLUTE
    ..\DriversMcu\STM32F407\Drivers\stm32f4xx_it.c 0x00000000   Number         0  stm32f4xx_it.o ABSOLUTE
    ..\DriversMcu\STM32F407\Libraries\CMSIS\ST\STM32F4xx\Source\Templates\arm\startup_stm32f4xx.s 0x00000000   Number         0  startup_stm32f4xx.o ABSOLUTE
    ..\DriversMcu\STM32F407\Libraries\CMSIS\ST\STM32F4xx\Source\Templates\system_stm32f4xx.c 0x00000000   Number         0  system_stm32f4xx.o ABSOLUTE
    ..\DriversMcu\STM32F407\Libraries\STM32F4xx_StdPeriph_Driver\src\misc.c 0x00000000   Number         0  misc.o ABSOLUTE
    ..\DriversMcu\STM32F407\Libraries\STM32F4xx_StdPeriph_Driver\src\stm32f4xx_adc.c 0x00000000   Number         0  stm32f4xx_adc.o ABSOLUTE
    ..\DriversMcu\STM32F407\Libraries\STM32F4xx_StdPeriph_Driver\src\stm32f4xx_dma.c 0x00000000   Number         0  stm32f4xx_dma.o ABSOLUTE
    ..\DriversMcu\STM32F407\Libraries\STM32F4xx_StdPeriph_Driver\src\stm32f4xx_exti.c 0x00000000   Number         0  stm32f4xx_exti.o ABSOLUTE
    ..\DriversMcu\STM32F407\Libraries\STM32F4xx_StdPeriph_Driver\src\stm32f4xx_flash.c 0x00000000   Number         0  stm32f4xx_flash.o ABSOLUTE
    ..\DriversMcu\STM32F407\Libraries\STM32F4xx_StdPeriph_Driver\src\stm32f4xx_gpio.c 0x00000000   Number         0  stm32f4xx_gpio.o ABSOLUTE
    ..\DriversMcu\STM32F407\Libraries\STM32F4xx_StdPeriph_Driver\src\stm32f4xx_rcc.c 0x00000000   Number         0  stm32f4xx_rcc.o ABSOLUTE
    ..\DriversMcu\STM32F407\Libraries\STM32F4xx_StdPeriph_Driver\src\stm32f4xx_spi.c 0x00000000   Number         0  stm32f4xx_spi.o ABSOLUTE
    ..\DriversMcu\STM32F407\Libraries\STM32F4xx_StdPeriph_Driver\src\stm32f4xx_tim.c 0x00000000   Number         0  stm32f4xx_tim.o ABSOLUTE
    ..\DriversMcu\STM32F407\Libraries\STM32F4xx_StdPeriph_Driver\src\stm32f4xx_usart.c 0x00000000   Number         0  stm32f4xx_usart.o ABSOLUTE
    ..\FcSrc\ANO_DT_LX.c                     0x00000000   Number         0  ano_dt_lx.o ABSOLUTE
    ..\FcSrc\ANO_LX.c                        0x00000000   Number         0  ano_lx.o ABSOLUTE
    ..\FcSrc\Ano_Scheduler.c                 0x00000000   Number         0  ano_scheduler.o ABSOLUTE
    ..\FcSrc\LX_FC_EXT_Sensor.c              0x00000000   Number         0  lx_fc_ext_sensor.o ABSOLUTE
    ..\FcSrc\LX_FC_Fun.c                     0x00000000   Number         0  lx_fc_fun.o ABSOLUTE
    ..\FcSrc\LX_FC_State.c                   0x00000000   Number         0  lx_fc_state.o ABSOLUTE
    ..\FcSrc\User_Task.c                     0x00000000   Number         0  user_task.o ABSOLUTE
    ..\FcSrc\main.c                          0x00000000   Number         0  main.o ABSOLUTE
    ..\\DriversBsp\\Ano_Math.c               0x00000000   Number         0  ano_math.o ABSOLUTE
    ..\\DriversBsp\\Drv_AnoOf.c              0x00000000   Number         0  drv_anoof.o ABSOLUTE
    ..\\DriversBsp\\Drv_BSP.c                0x00000000   Number         0  drv_bsp.o ABSOLUTE
    ..\\DriversBsp\\Drv_OpenMV.c             0x00000000   Number         0  drv_openmv.o ABSOLUTE
    ..\\DriversMcu\\STM32F407\\Drivers\\Drv_PwmOut.c 0x00000000   Number         0  drv_pwmout.o ABSOLUTE
    ..\\DriversMcu\\STM32F407\\Drivers\\Drv_RcIn.c 0x00000000   Number         0  drv_rcin.o ABSOLUTE
    ..\\DriversMcu\\STM32F407\\Drivers\\Drv_Sys.c 0x00000000   Number         0  drv_sys.o ABSOLUTE
    ..\\DriversMcu\\STM32F407\\Drivers\\Drv_Timer.c 0x00000000   Number         0  drv_timer.o ABSOLUTE
    ..\\DriversMcu\\STM32F407\\Drivers\\Drv_Uart.c 0x00000000   Number         0  drv_uart.o ABSOLUTE
    ..\\DriversMcu\\STM32F407\\Drivers\\Drv_adc.c 0x00000000   Number         0  drv_adc.o ABSOLUTE
    ..\\DriversMcu\\STM32F407\\Drivers\\Drv_led.c 0x00000000   Number         0  drv_led.o ABSOLUTE
    ..\\DriversMcu\\STM32F407\\Drivers\\stm32f4xx_it.c 0x00000000   Number         0  stm32f4xx_it.o ABSOLUTE
    ..\\DriversMcu\\STM32F407\\Libraries\\CMSIS\\ST\\STM32F4xx\\Source\\Templates\\system_stm32f4xx.c 0x00000000   Number         0  system_stm32f4xx.o ABSOLUTE
    ..\\DriversMcu\\STM32F407\\Libraries\\STM32F4xx_StdPeriph_Driver\\src\\misc.c 0x00000000   Number         0  misc.o ABSOLUTE
    ..\\DriversMcu\\STM32F407\\Libraries\\STM32F4xx_StdPeriph_Driver\\src\\stm32f4xx_adc.c 0x00000000   Number         0  stm32f4xx_adc.o ABSOLUTE
    ..\\DriversMcu\\STM32F407\\Libraries\\STM32F4xx_StdPeriph_Driver\\src\\stm32f4xx_dma.c 0x00000000   Number         0  stm32f4xx_dma.o ABSOLUTE
    ..\\DriversMcu\\STM32F407\\Libraries\\STM32F4xx_StdPeriph_Driver\\src\\stm32f4xx_exti.c 0x00000000   Number         0  stm32f4xx_exti.o ABSOLUTE
    ..\\DriversMcu\\STM32F407\\Libraries\\STM32F4xx_StdPeriph_Driver\\src\\stm32f4xx_flash.c 0x00000000   Number         0  stm32f4xx_flash.o ABSOLUTE
    ..\\DriversMcu\\STM32F407\\Libraries\\STM32F4xx_StdPeriph_Driver\\src\\stm32f4xx_gpio.c 0x00000000   Number         0  stm32f4xx_gpio.o ABSOLUTE
    ..\\DriversMcu\\STM32F407\\Libraries\\STM32F4xx_StdPeriph_Driver\\src\\stm32f4xx_rcc.c 0x00000000   Number         0  stm32f4xx_rcc.o ABSOLUTE
    ..\\DriversMcu\\STM32F407\\Libraries\\STM32F4xx_StdPeriph_Driver\\src\\stm32f4xx_spi.c 0x00000000   Number         0  stm32f4xx_spi.o ABSOLUTE
    ..\\DriversMcu\\STM32F407\\Libraries\\STM32F4xx_StdPeriph_Driver\\src\\stm32f4xx_tim.c 0x00000000   Number         0  stm32f4xx_tim.o ABSOLUTE
    ..\\DriversMcu\\STM32F407\\Libraries\\STM32F4xx_StdPeriph_Driver\\src\\stm32f4xx_usart.c 0x00000000   Number         0  stm32f4xx_usart.o ABSOLUTE
    ..\\FcSrc\\ANO_DT_LX.c                   0x00000000   Number         0  ano_dt_lx.o ABSOLUTE
    ..\\FcSrc\\ANO_LX.c                      0x00000000   Number         0  ano_lx.o ABSOLUTE
    ..\\FcSrc\\Ano_Scheduler.c               0x00000000   Number         0  ano_scheduler.o ABSOLUTE
    ..\\FcSrc\\LX_FC_EXT_Sensor.c            0x00000000   Number         0  lx_fc_ext_sensor.o ABSOLUTE
    ..\\FcSrc\\LX_FC_Fun.c                   0x00000000   Number         0  lx_fc_fun.o ABSOLUTE
    ..\\FcSrc\\LX_FC_State.c                 0x00000000   Number         0  lx_fc_state.o ABSOLUTE
    ..\\FcSrc\\User_Task.c                   0x00000000   Number         0  user_task.o ABSOLUTE
    ..\\FcSrc\\main.c                        0x00000000   Number         0  main.o ABSOLUTE
    cdcmple.s                                0x00000000   Number         0  cdcmple.o ABSOLUTE
    cdrcmple.s                               0x00000000   Number         0  cdrcmple.o ABSOLUTE
    dc.s                                     0x00000000   Number         0  dc.o ABSOLUTE
    handlers.s                               0x00000000   Number         0  handlers.o ABSOLUTE
    init.s                                   0x00000000   Number         0  init.o ABSOLUTE
    RESET                                    0x08000000   Section      392  startup_stm32f4xx.o(RESET)
    .ARM.Collect$$$$00000000                 0x08000188   Section        0  entry.o(.ARM.Collect$$$$00000000)
    .ARM.Collect$$$$00000001                 0x08000188   Section        4  entry2.o(.ARM.Collect$$$$00000001)
    .ARM.Collect$$$$00000004                 0x0800018c   Section        4  entry5.o(.ARM.Collect$$$$00000004)
    .ARM.Collect$$$$00000008                 0x08000190   Section        0  entry7b.o(.ARM.Collect$$$$00000008)
    .ARM.Collect$$$$0000000A                 0x08000190   Section        0  entry8b.o(.ARM.Collect$$$$0000000A)
    .ARM.Collect$$$$0000000B                 0x08000190   Section        8  entry9a.o(.ARM.Collect$$$$0000000B)
    .ARM.Collect$$$$0000000D                 0x08000198   Section        0  entry10a.o(.ARM.Collect$$$$0000000D)
    .ARM.Collect$$$$0000000F                 0x08000198   Section        0  entry11a.o(.ARM.Collect$$$$0000000F)
    .ARM.Collect$$$$00002712                 0x08000198   Section        4  entry2.o(.ARM.Collect$$$$00002712)
    __lit__00000000                          0x08000198   Data           4  entry2.o(.ARM.Collect$$$$00002712)
    .text                                    0x0800019c   Section        0  main.o(.text)
    .text                                    0x080001b0   Section        0  ano_scheduler.o(.text)
    Loop_1000Hz                              0x080001b1   Thumb Code     2  ano_scheduler.o(.text)
    Loop_500Hz                               0x080001b3   Thumb Code     2  ano_scheduler.o(.text)
    Loop_200Hz                               0x080001b5   Thumb Code     2  ano_scheduler.o(.text)
    Loop_100Hz                               0x080001b7   Thumb Code   132  ano_scheduler.o(.text)
    Loop_50Hz                                0x0800023b   Thumb Code    14  ano_scheduler.o(.text)
    Loop_20Hz                                0x08000249   Thumb Code     2  ano_scheduler.o(.text)
    Loop_2Hz                                 0x0800024b   Thumb Code     2  ano_scheduler.o(.text)
    .text                                    0x08000300   Section        0  user_task.o(.text)
    .text                                    0x08000570   Section        0  ano_dt_lx.o(.text)
    ANO_DT_LX_Send_Data                      0x08000617   Thumb Code    16  ano_dt_lx.o(.text)
    ANO_DT_LX_Data_Receive_Anl               0x08000641   Thumb Code   402  ano_dt_lx.o(.text)
    Add_Send_Data                            0x080008d5   Thumb Code   434  ano_dt_lx.o(.text)
    Frame_Send                               0x08000a87   Thumb Code   190  ano_dt_lx.o(.text)
    Check_To_Send                            0x08000b45   Thumb Code   138  ano_dt_lx.o(.text)
    CK_Back_Check                            0x08000cfb   Thumb Code    90  ano_dt_lx.o(.text)
    .text                                    0x08000d78   Section        0  ano_lx.o(.text)
    RC_Data_Task                             0x08000d79   Thumb Code   612  ano_lx.o(.text)
    ESC_Output                               0x08000fdd   Thumb Code   364  ano_lx.o(.text)
    Bat_Voltage_Data_Handle                  0x08001149   Thumb Code   120  ano_lx.o(.text)
    .text                                    0x08001258   Section        0  lx_fc_ext_sensor.o(.text)
    General_Velocity_Data_Handle             0x080012a7   Thumb Code   120  lx_fc_ext_sensor.o(.text)
    .text                                    0x0800133c   Section        0  lx_fc_fun.o(.text)
    .text                                    0x0800165c   Section        0  lx_fc_state.o(.text)
    LX_Unlock_Lock_Check                     0x0800165d   Thumb Code   438  lx_fc_state.o(.text)
    .text                                    0x080018e0   Section        0  drv_bsp.o(.text)
    rcSignalCheck                            0x08001be3   Thumb Code   168  drv_bsp.o(.text)
    .text                                    0x08001db4   Section        0  ano_math.o(.text)
    .text                                    0x08002630   Section        0  drv_anoof.o(.text)
    AnoOF_DataAnl                            0x080026e5   Thumb Code   364  drv_anoof.o(.text)
    .text                                    0x08002970   Section        0  drv_openmv.o(.text)
    OpenMV_Check_Reset                       0x08002971   Thumb Code    12  drv_openmv.o(.text)
    OpenMV_Data_Analysis                     0x0800297d   Thumb Code   152  drv_openmv.o(.text)
    .text                                    0x08002b48   Section        0  stm32f4xx_it.o(.text)
    .text                                    0x08002bc4   Section        0  drv_sys.o(.text)
    .text                                    0x08002ccc   Section        0  drv_adc.o(.text)
    initAdcDMA                               0x08002ccd   Thumb Code   108  drv_adc.o(.text)
    .text                                    0x08002e60   Section        0  drv_led.o(.text)
    .text                                    0x08002f7c   Section        0  drv_pwmout.o(.text)
    .text                                    0x080032f8   Section        0  drv_rcin.o(.text)
    .text                                    0x080034dc   Section        0  drv_timer.o(.text)
    .text                                    0x08003568   Section        0  drv_uart.o(.text)
    .text                                    0x08003fc0   Section       36  startup_stm32f4xx.o(.text)
    $v0                                      0x08003fc0   Number         0  startup_stm32f4xx.o(.text)
    .text                                    0x08003fe4   Section        0  system_stm32f4xx.o(.text)
    SetSysClock                              0x08003fe5   Thumb Code   220  system_stm32f4xx.o(.text)
    .text                                    0x080041f4   Section        0  misc.o(.text)
    .text                                    0x080043b4   Section        0  stm32f4xx_adc.o(.text)
    .text                                    0x08005390   Section        0  stm32f4xx_dma.o(.text)
    .text                                    0x080066f8   Section        0  stm32f4xx_exti.o(.text)
    .text                                    0x080069cc   Section        0  stm32f4xx_gpio.o(.text)
    .text                                    0x08007294   Section        0  stm32f4xx_rcc.o(.text)
    .text                                    0x08007f90   Section        0  stm32f4xx_tim.o(.text)
    TI4_Config                               0x08009c09   Thumb Code    80  stm32f4xx_tim.o(.text)
    TI3_Config                               0x08009ced   Thumb Code    72  stm32f4xx_tim.o(.text)
    TI2_Config                               0x08009dab   Thumb Code    80  stm32f4xx_tim.o(.text)
    TI1_Config                               0x08009e81   Thumb Code    58  stm32f4xx_tim.o(.text)
    .text                                    0x0800b17c   Section        0  stm32f4xx_usart.o(.text)
    .text                                    0x0800bfa0   Section        0  memcpya.o(.text)
    .text                                    0x0800bfc4   Section        0  dadd.o(.text)
    .text                                    0x0800c112   Section        0  dmul.o(.text)
    .text                                    0x0800c1f6   Section        0  dflti.o(.text)
    .text                                    0x0800c218   Section       48  cdcmple.o(.text)
    .text                                    0x0800c248   Section       48  cdrcmple.o(.text)
    .text                                    0x0800c278   Section        0  d2f.o(.text)
    .text                                    0x0800c2b0   Section        0  llshl.o(.text)
    .text                                    0x0800c2ce   Section        0  llsshr.o(.text)
    .text                                    0x0800c2f2   Section        0  fepilogue.o(.text)
    .text                                    0x0800c2f2   Section        0  iusefp.o(.text)
    .text                                    0x0800c360   Section        0  depilogue.o(.text)
    .text                                    0x0800c41c   Section       36  init.o(.text)
    .text                                    0x0800c440   Section        0  llushr.o(.text)
    i.__scatterload_copy                     0x0800c460   Section       14  handlers.o(i.__scatterload_copy)
    i.__scatterload_null                     0x0800c46e   Section        2  handlers.o(i.__scatterload_null)
    i.__scatterload_zeroinit                 0x0800c470   Section       14  handlers.o(i.__scatterload_zeroinit)
    .constdata                               0x0800c480   Section     1028  ano_math.o(.constdata)
    .conststring                             0x0800c884   Section       72  misc.o(.conststring)
    .conststring                             0x0800c8cc   Section       81  stm32f4xx_adc.o(.conststring)
    .conststring                             0x0800c920   Section       81  stm32f4xx_dma.o(.conststring)
    .conststring                             0x0800c974   Section       82  stm32f4xx_exti.o(.conststring)
    .conststring                             0x0800c9c8   Section       82  stm32f4xx_gpio.o(.conststring)
    .conststring                             0x0800ca1c   Section       81  stm32f4xx_rcc.o(.conststring)
    .conststring                             0x0800ca70   Section       81  stm32f4xx_tim.o(.conststring)
    .conststring                             0x0800cac4   Section       83  stm32f4xx_usart.o(.conststring)
    .data                                    0x20000000   Section      104  ano_scheduler.o(.data)
    sched_tasks                              0x20000004   Data          84  ano_scheduler.o(.data)
    dis_dx                                   0x20000058   Data           4  ano_scheduler.o(.data)
    dis_dy                                   0x2000005c   Data           4  ano_scheduler.o(.data)
    dx                                       0x20000060   Data           4  ano_scheduler.o(.data)
    dy                                       0x20000064   Data           4  ano_scheduler.o(.data)
    .data                                    0x20000068   Section       12  user_task.o(.data)
    one_key_takeoff_f                        0x2000006c   Data           1  user_task.o(.data)
    one_key_land_f                           0x2000006d   Data           1  user_task.o(.data)
    one_key_mission_f                        0x2000006e   Data           1  user_task.o(.data)
    mission_step                             0x2000006f   Data           1  user_task.o(.data)
    mission_task                             0x20000070   Data           1  user_task.o(.data)
    _cnt                                     0x20000072   Data           2  user_task.o(.data)
    .data                                    0x20000074   Section        6  ano_dt_lx.o(.data)
    DT_data_cnt                              0x20000074   Data           1  ano_dt_lx.o(.data)
    repeat_cnt                               0x20000075   Data           1  ano_dt_lx.o(.data)
    _data_len                                0x20000076   Data           1  ano_dt_lx.o(.data)
    _data_cnt                                0x20000077   Data           1  ano_dt_lx.o(.data)
    rxstate                                  0x20000078   Data           1  ano_dt_lx.o(.data)
    time_dly                                 0x20000079   Data           1  ano_dt_lx.o(.data)
    .data                                    0x2000007a   Section       18  ano_lx.o(.data)
    fail_safe_change_mod                     0x2000007e   Data           1  ano_lx.o(.data)
    fail_safe_return_home                    0x2000007f   Data           1  ano_lx.o(.data)
    mod_f                                    0x20000080   Data           3  ano_lx.o(.data)
    mod_f_time_cnt                           0x20000084   Data           2  ano_lx.o(.data)
    esc_calibrated                           0x20000086   Data           1  ano_lx.o(.data)
    tmp_cnt                                  0x20000088   Data           4  ano_lx.o(.data)
    .data                                    0x2000008c   Section        4  lx_fc_ext_sensor.o(.data)
    of_update_cnt                            0x2000008c   Data           1  lx_fc_ext_sensor.o(.data)
    of_alt_update_cnt                        0x2000008d   Data           1  lx_fc_ext_sensor.o(.data)
    dT_ms                                    0x2000008e   Data           1  lx_fc_ext_sensor.o(.data)
    of_alt_update_cnt                        0x2000008f   Data           1  lx_fc_ext_sensor.o(.data)
    .data                                    0x20000090   Section        1  lx_fc_fun.o(.data)
    old_mode                                 0x20000090   Data           1  lx_fc_fun.o(.data)
    .data                                    0x20000092   Section        6  lx_fc_state.o(.data)
    time_dly_cnt_ms                          0x20000094   Data           2  lx_fc_state.o(.data)
    unlock_lock_flag                         0x20000096   Data           1  lx_fc_state.o(.data)
    cali_f                                   0x20000097   Data           1  lx_fc_state.o(.data)
    .data                                    0x20000098   Section       18  drv_bsp.o(.data)
    ch_sta                                   0x20000098   Data           1  drv_bsp.o(.data)
    sbus_time                                0x2000009c   Data           8  drv_bsp.o(.data)
    cnt                                      0x200000a4   Data           1  drv_bsp.o(.data)
    frame_cnt                                0x200000a5   Data           1  drv_bsp.o(.data)
    cnt_tmp                                  0x200000a6   Data           1  drv_bsp.o(.data)
    time_dly                                 0x200000a8   Data           2  drv_bsp.o(.data)
    .data                                    0x200000aa   Section        3  drv_anoof.o(.data)
    _data_len                                0x200000aa   Data           1  drv_anoof.o(.data)
    _data_cnt                                0x200000ab   Data           1  drv_anoof.o(.data)
    rxstate                                  0x200000ac   Data           1  drv_anoof.o(.data)
    .data                                    0x200000ae   Section        4  drv_openmv.o(.data)
    len                                      0x200000b0   Data           1  drv_openmv.o(.data)
    rec_sta                                  0x200000b1   Data           1  drv_openmv.o(.data)
    .data                                    0x200000b8   Section        8  drv_sys.o(.data)
    SysRunTimeMs                             0x200000b8   Data           8  drv_sys.o(.data)
    .data                                    0x200000c0   Section       12  drv_led.o(.data)
    led_cnt                                  0x200000c4   Data           8  drv_led.o(.data)
    .data                                    0x200000cc   Section        4  drv_rcin.o(.data)
    temp_cnt                                 0x200000cc   Data           4  drv_rcin.o(.data)
    .data                                    0x200000d0   Section       20  drv_uart.o(.data)
    .data                                    0x200000e4   Section       20  system_stm32f4xx.o(.data)
    .data                                    0x200000f8   Section       16  stm32f4xx_rcc.o(.data)
    APBAHBPrescTable                         0x200000f8   Data          16  stm32f4xx_rcc.o(.data)
    .bss                                     0x20000108   Section     1922  ano_dt_lx.o(.bss)
    user_send_buffer                         0x20000758   Data          50  ano_dt_lx.o(.bss)
    DT_RxBuffer                              0x2000078a   Data         256  ano_dt_lx.o(.bss)
    .bss                                     0x2000088a   Section       46  ano_lx.o(.bss)
    pwm                                      0x200008a8   Data          16  ano_lx.o(.bss)
    .bss                                     0x200008b8   Section       48  lx_fc_ext_sensor.o(.bss)
    .bss                                     0x200008e8   Section       11  lx_fc_state.o(.bss)
    .bss                                     0x200008f4   Section      107  drv_bsp.o(.bss)
    datatmp                                  0x20000946   Data          25  drv_bsp.o(.bss)
    .bss                                     0x20000960   Section      124  drv_anoof.o(.bss)
    _datatemp                                0x2000099c   Data          50  drv_anoof.o(.bss)
    check_time_ms                            0x200009d0   Data          12  drv_anoof.o(.bss)
    .bss                                     0x200009dc   Section       46  drv_openmv.o(.bss)
    .bss                                     0x20000a0a   Section      100  drv_adc.o(.bss)
    .bss                                     0x20000a6e   Section     1880  drv_uart.o(.bss)
    STACK                                    0x200011c8   Section     2048  startup_stm32f4xx.o(STACK)

    Global Symbols

    Symbol Name                              Value     Ov Type        Size  Object(Section)

    BuildAttributes$$THM_ISAv4$E$P$D$K$B$S$7EM$VFPi3$EXTD16$VFPS$VFMA$PE$A:L22UL41UL21$X:L11$S22US41US21$IEEE1$IW$USESV6$~STKCKD$USESV7$~SHL$OTIME$ROPI$EBA8$MICROLIB$REQ8$PRES8$EABIv2 0x00000000   Number         0  anon$$obj.o ABSOLUTE
    __ARM_use_no_argv                        0x00000000   Number         0  main.o ABSOLUTE
    __cpp_initialize__aeabi_                  - Undefined Weak Reference
    __cxa_finalize                            - Undefined Weak Reference
    __decompress                              - Undefined Weak Reference
    _clock_init                               - Undefined Weak Reference
    _microlib_exit                            - Undefined Weak Reference
    __Vectors_Size                           0x00000188   Number         0  startup_stm32f4xx.o ABSOLUTE
    __Vectors                                0x08000000   Data           4  startup_stm32f4xx.o(RESET)
    __Vectors_End                            0x08000188   Data           0  startup_stm32f4xx.o(RESET)
    __main                                   0x08000189   Thumb Code     0  entry.o(.ARM.Collect$$$$00000000)
    _main_stk                                0x08000189   Thumb Code     0  entry2.o(.ARM.Collect$$$$00000001)
    _main_scatterload                        0x0800018d   Thumb Code     0  entry5.o(.ARM.Collect$$$$00000004)
    __main_after_scatterload                 0x08000191   Thumb Code     0  entry5.o(.ARM.Collect$$$$00000004)
    _main_clock                              0x08000191   Thumb Code     0  entry7b.o(.ARM.Collect$$$$00000008)
    _main_cpp_init                           0x08000191   Thumb Code     0  entry8b.o(.ARM.Collect$$$$0000000A)
    _main_init                               0x08000191   Thumb Code     0  entry9a.o(.ARM.Collect$$$$0000000B)
    __rt_final_cpp                           0x08000199   Thumb Code     0  entry10a.o(.ARM.Collect$$$$0000000D)
    __rt_final_exit                          0x08000199   Thumb Code     0  entry11a.o(.ARM.Collect$$$$0000000F)
    assert_failed                            0x0800019d   Thumb Code     4  main.o(.text)
    main                                     0x080001a1   Thumb Code    16  main.o(.text)
    Scheduler_Setup                          0x0800024d   Thumb Code    76  ano_scheduler.o(.text)
    Scheduler_Run                            0x08000299   Thumb Code    76  ano_scheduler.o(.text)
    UserTask_OneKeyCmd                       0x08000301   Thumb Code   302  user_task.o(.text)
    PID_calculate                            0x0800042f   Thumb Code   284  user_task.o(.text)
    ANO_DT_Init                              0x08000571   Thumb Code   166  ano_dt_lx.o(.text)
    CK_Back                                  0x08000627   Thumb Code    12  ano_dt_lx.o(.text)
    PAR_Back                                 0x08000633   Thumb Code    14  ano_dt_lx.o(.text)
    ANO_DT_LX_Data_Receive_Prepare           0x080007d3   Thumb Code   258  ano_dt_lx.o(.text)
    CMD_Send                                 0x08000bcf   Thumb Code    22  ano_dt_lx.o(.text)
    ANO_LX_Data_Exchange_Task                0x08000be5   Thumb Code    68  ano_dt_lx.o(.text)
    User_DT_Send                             0x08000c29   Thumb Code   210  ano_dt_lx.o(.text)
    ANO_LX_Task                              0x080011c1   Thumb Code   138  ano_lx.o(.text)
    LX_FC_EXT_Sensor_Task                    0x08001259   Thumb Code    78  lx_fc_ext_sensor.o(.text)
    FC_Unlock                                0x0800133d   Thumb Code    56  lx_fc_fun.o(.text)
    FC_Lock                                  0x08001375   Thumb Code    56  lx_fc_fun.o(.text)
    LX_Change_Mode                           0x080013ad   Thumb Code    80  lx_fc_fun.o(.text)
    OneKey_Return_Home                       0x080013fd   Thumb Code    50  lx_fc_fun.o(.text)
    OneKey_Takeoff                           0x0800142f   Thumb Code    66  lx_fc_fun.o(.text)
    OneKey_Land                              0x08001471   Thumb Code    50  lx_fc_fun.o(.text)
    Horizontal_Move                          0x080014a3   Thumb Code    98  lx_fc_fun.o(.text)
    Horizontal_Calibrate                     0x08001505   Thumb Code    50  lx_fc_fun.o(.text)
    Mag_Calibrate                            0x08001537   Thumb Code    50  lx_fc_fun.o(.text)
    ACC_Calibrate                            0x08001569   Thumb Code    50  lx_fc_fun.o(.text)
    GYR_Calibrate                            0x0800159b   Thumb Code    50  lx_fc_fun.o(.text)
    OneKey_Hold                              0x080015cd   Thumb Code    50  lx_fc_fun.o(.text)
    Vertical_Up                              0x080015ff   Thumb Code    82  lx_fc_fun.o(.text)
    LX_Cali_Trig_Check                       0x08001813   Thumb Code   150  lx_fc_state.o(.text)
    LX_FC_State_Task                         0x080018a9   Thumb Code    26  lx_fc_state.o(.text)
    DrvRcInputInit                           0x080018e1   Thumb Code    16  drv_bsp.o(.text)
    All_Init                                 0x080018f1   Thumb Code   102  drv_bsp.o(.text)
    DrvPpmGetOneCh                           0x08001957   Thumb Code    92  drv_bsp.o(.text)
    DrvSbusGetOneByte                        0x080019b3   Thumb Code   560  drv_bsp.o(.text)
    DrvRcInputTask                           0x08001c8b   Thumb Code   286  drv_bsp.o(.text)
    my_abs                                   0x08001db5   Thumb Code    26  ano_math.o(.text)
    fast_atan2                               0x08001dcf   Thumb Code   350  ano_math.o(.text)
    my_atan                                  0x08001f2d   Thumb Code    24  ano_math.o(.text)
    my_sqrt_reciprocal                       0x08001f45   Thumb Code    76  ano_math.o(.text)
    my_sqrt                                  0x08001f91   Thumb Code    20  ano_math.o(.text)
    mx_sin                                   0x08001fa5   Thumb Code   292  ano_math.o(.text)
    my_sin                                   0x080020c9   Thumb Code   108  ano_math.o(.text)
    my_cos                                   0x08002135   Thumb Code   136  ano_math.o(.text)
    my_deadzone                              0x080021bd   Thumb Code   152  ano_math.o(.text)
    my_deadzone_2                            0x08002255   Thumb Code    48  ano_math.o(.text)
    my_HPF                                   0x08002285   Thumb Code   346  ano_math.o(.text)
    To_180_degrees_db                        0x080023df   Thumb Code   108  ano_math.o(.text)
    length_limit                             0x0800244b   Thumb Code   140  ano_math.o(.text)
    fifo                                     0x080024d7   Thumb Code    42  ano_math.o(.text)
    rot_vec_2                                0x08002501   Thumb Code    84  ano_math.o(.text)
    vec_2_cross_product                      0x08002555   Thumb Code    26  ano_math.o(.text)
    vec_2_dot_product                        0x0800256f   Thumb Code    26  ano_math.o(.text)
    vec_3_cross_product_err_sinx             0x08002589   Thumb Code    86  ano_math.o(.text)
    vec_3_dot_product                        0x080025df   Thumb Code    38  ano_math.o(.text)
    AnoOF_Check_State                        0x08002631   Thumb Code   180  drv_anoof.o(.text)
    AnoOF_GetOneByte                         0x08002851   Thumb Code   252  drv_anoof.o(.text)
    OpenMV_Byte_Get                          0x08002a15   Thumb Code   252  drv_openmv.o(.text)
    OpenMV_Offline_Check                     0x08002b11   Thumb Code    34  drv_openmv.o(.text)
    NMI_Handler                              0x08002b49   Thumb Code     2  stm32f4xx_it.o(.text)
    MemManage_Handler                        0x08002b4b   Thumb Code     4  stm32f4xx_it.o(.text)
    BusFault_Handler                         0x08002b4f   Thumb Code     4  stm32f4xx_it.o(.text)
    UsageFault_Handler                       0x08002b53   Thumb Code     4  stm32f4xx_it.o(.text)
    SVC_Handler                              0x08002b57   Thumb Code     2  stm32f4xx_it.o(.text)
    DebugMon_Handler                         0x08002b59   Thumb Code     2  stm32f4xx_it.o(.text)
    EXTI9_5_IRQHandler                       0x08002b5b   Thumb Code    18  stm32f4xx_it.o(.text)
    TIM3_IRQHandler                          0x08002b6d   Thumb Code     8  stm32f4xx_it.o(.text)
    TIM4_IRQHandler                          0x08002b75   Thumb Code     2  stm32f4xx_it.o(.text)
    TIM7_IRQHandler                          0x08002b77   Thumb Code    26  stm32f4xx_it.o(.text)
    USART1_IRQHandler                        0x08002b91   Thumb Code     8  stm32f4xx_it.o(.text)
    USART2_IRQHandler                        0x08002b99   Thumb Code     8  stm32f4xx_it.o(.text)
    USART3_IRQHandler                        0x08002ba1   Thumb Code     8  stm32f4xx_it.o(.text)
    UART4_IRQHandler                         0x08002ba9   Thumb Code     8  stm32f4xx_it.o(.text)
    UART5_IRQHandler                         0x08002bb1   Thumb Code     8  stm32f4xx_it.o(.text)
    USART6_IRQHandler                        0x08002bb9   Thumb Code     8  stm32f4xx_it.o(.text)
    SysTick_Init                             0x08002bc5   Thumb Code   100  drv_sys.o(.text)
    SysTick_Handler                          0x08002c29   Thumb Code    20  drv_sys.o(.text)
    GetSysRunTimeMs                          0x08002c3d   Thumb Code     6  drv_sys.o(.text)
    GetSysRunTimeUs                          0x08002c43   Thumb Code    62  drv_sys.o(.text)
    MyDelayUs                                0x08002c81   Thumb Code    24  drv_sys.o(.text)
    MyDelayMs                                0x08002c99   Thumb Code    24  drv_sys.o(.text)
    DrvSysInit                               0x08002cb1   Thumb Code    16  drv_sys.o(.text)
    DrvAdcInit                               0x08002d39   Thumb Code   168  drv_adc.o(.text)
    Drv_AdcGetBatVot                         0x08002de1   Thumb Code    92  drv_adc.o(.text)
    DvrLedInit                               0x08002e61   Thumb Code   112  drv_led.o(.text)
    LED_On_Off                               0x08002ed1   Thumb Code    82  drv_led.o(.text)
    LED_1ms_DRV                              0x08002f23   Thumb Code    78  drv_led.o(.text)
    DrvPwmOutInit                            0x08002f7d   Thumb Code   742  drv_pwmout.o(.text)
    DrvMotorPWMSet                           0x08003263   Thumb Code   112  drv_pwmout.o(.text)
    DrvRcPpmInit                             0x080032f9   Thumb Code   176  drv_rcin.o(.text)
    PPM_IRQH                                 0x080033a9   Thumb Code    82  drv_rcin.o(.text)
    DrvRcSbusInit                            0x080033fb   Thumb Code   166  drv_rcin.o(.text)
    Sbus_IRQH                                0x080034a1   Thumb Code    40  drv_rcin.o(.text)
    TIM_CONF                                 0x080034dd   Thumb Code    80  drv_timer.o(.text)
    TIM_NVIC                                 0x0800352d   Thumb Code    32  drv_timer.o(.text)
    DrvTimerFcInit                           0x0800354d   Thumb Code    24  drv_timer.o(.text)
    NoUse                                    0x08003569   Thumb Code     2  drv_uart.o(.text)
    DrvUart1Init                             0x0800356b   Thumb Code   246  drv_uart.o(.text)
    DrvUart1SendBuf                          0x08003661   Thumb Code    60  drv_uart.o(.text)
    drvU1GetByte                             0x0800369d   Thumb Code    32  drv_uart.o(.text)
    drvU1DataCheck                           0x080036bd   Thumb Code    52  drv_uart.o(.text)
    Usart1_IRQ                               0x080036f1   Thumb Code   110  drv_uart.o(.text)
    DrvUart2Init                             0x0800375f   Thumb Code   234  drv_uart.o(.text)
    DrvUart2SendBuf                          0x08003849   Thumb Code    62  drv_uart.o(.text)
    drvU2GetByte                             0x08003887   Thumb Code    32  drv_uart.o(.text)
    drvU2DataCheck                           0x080038a7   Thumb Code    52  drv_uart.o(.text)
    Usart2_IRQ                               0x080038db   Thumb Code   120  drv_uart.o(.text)
    DrvUart3Init                             0x08003953   Thumb Code   312  drv_uart.o(.text)
    DrvUart3SendBuf                          0x08003a8b   Thumb Code    62  drv_uart.o(.text)
    drvU3GetByte                             0x08003ac9   Thumb Code    34  drv_uart.o(.text)
    drvU3DataCheck                           0x08003aeb   Thumb Code    54  drv_uart.o(.text)
    Usart3_IRQ                               0x08003b21   Thumb Code   120  drv_uart.o(.text)
    DrvUart4Init                             0x08003b99   Thumb Code   200  drv_uart.o(.text)
    DrvUart4SendBuf                          0x08003c61   Thumb Code    62  drv_uart.o(.text)
    drvU4GetByte                             0x08003c9f   Thumb Code    32  drv_uart.o(.text)
    drvU4DataCheck                           0x08003cbf   Thumb Code    52  drv_uart.o(.text)
    Uart4_IRQ                                0x08003cf3   Thumb Code   120  drv_uart.o(.text)
    DrvUart5Init                             0x08003d6b   Thumb Code   288  drv_uart.o(.text)
    DrvUart5SendBuf                          0x08003e8b   Thumb Code    60  drv_uart.o(.text)
    drvU5GetByte                             0x08003ec7   Thumb Code    32  drv_uart.o(.text)
    drvU5DataCheck                           0x08003ee7   Thumb Code    52  drv_uart.o(.text)
    Uart5_IRQ                                0x08003f1b   Thumb Code   110  drv_uart.o(.text)
    DrvUartDataCheck                         0x08003f89   Thumb Code    24  drv_uart.o(.text)
    Reset_Handler                            0x08003fc1   Thumb Code     8  startup_stm32f4xx.o(.text)
    HardFault_Handler                        0x08003fcb   Thumb Code     2  startup_stm32f4xx.o(.text)
    PendSV_Handler                           0x08003fd7   Thumb Code     2  startup_stm32f4xx.o(.text)
    ADC_IRQHandler                           0x08003fdb   Thumb Code     0  startup_stm32f4xx.o(.text)
    CAN1_RX0_IRQHandler                      0x08003fdb   Thumb Code     0  startup_stm32f4xx.o(.text)
    CAN1_RX1_IRQHandler                      0x08003fdb   Thumb Code     0  startup_stm32f4xx.o(.text)
    CAN1_SCE_IRQHandler                      0x08003fdb   Thumb Code     0  startup_stm32f4xx.o(.text)
    CAN1_TX_IRQHandler                       0x08003fdb   Thumb Code     0  startup_stm32f4xx.o(.text)
    CAN2_RX0_IRQHandler                      0x08003fdb   Thumb Code     0  startup_stm32f4xx.o(.text)
    CAN2_RX1_IRQHandler                      0x08003fdb   Thumb Code     0  startup_stm32f4xx.o(.text)
    CAN2_SCE_IRQHandler                      0x08003fdb   Thumb Code     0  startup_stm32f4xx.o(.text)
    CAN2_TX_IRQHandler                       0x08003fdb   Thumb Code     0  startup_stm32f4xx.o(.text)
    CRYP_IRQHandler                          0x08003fdb   Thumb Code     0  startup_stm32f4xx.o(.text)
    DCMI_IRQHandler                          0x08003fdb   Thumb Code     0  startup_stm32f4xx.o(.text)
    DMA1_Stream0_IRQHandler                  0x08003fdb   Thumb Code     0  startup_stm32f4xx.o(.text)
    DMA1_Stream1_IRQHandler                  0x08003fdb   Thumb Code     0  startup_stm32f4xx.o(.text)
    DMA1_Stream2_IRQHandler                  0x08003fdb   Thumb Code     0  startup_stm32f4xx.o(.text)
    DMA1_Stream3_IRQHandler                  0x08003fdb   Thumb Code     0  startup_stm32f4xx.o(.text)
    DMA1_Stream4_IRQHandler                  0x08003fdb   Thumb Code     0  startup_stm32f4xx.o(.text)
    DMA1_Stream5_IRQHandler                  0x08003fdb   Thumb Code     0  startup_stm32f4xx.o(.text)
    DMA1_Stream6_IRQHandler                  0x08003fdb   Thumb Code     0  startup_stm32f4xx.o(.text)
    DMA1_Stream7_IRQHandler                  0x08003fdb   Thumb Code     0  startup_stm32f4xx.o(.text)
    DMA2_Stream0_IRQHandler                  0x08003fdb   Thumb Code     0  startup_stm32f4xx.o(.text)
    DMA2_Stream1_IRQHandler                  0x08003fdb   Thumb Code     0  startup_stm32f4xx.o(.text)
    DMA2_Stream2_IRQHandler                  0x08003fdb   Thumb Code     0  startup_stm32f4xx.o(.text)
    DMA2_Stream3_IRQHandler                  0x08003fdb   Thumb Code     0  startup_stm32f4xx.o(.text)
    DMA2_Stream4_IRQHandler                  0x08003fdb   Thumb Code     0  startup_stm32f4xx.o(.text)
    DMA2_Stream5_IRQHandler                  0x08003fdb   Thumb Code     0  startup_stm32f4xx.o(.text)
    DMA2_Stream6_IRQHandler                  0x08003fdb   Thumb Code     0  startup_stm32f4xx.o(.text)
    DMA2_Stream7_IRQHandler                  0x08003fdb   Thumb Code     0  startup_stm32f4xx.o(.text)
    ETH_IRQHandler                           0x08003fdb   Thumb Code     0  startup_stm32f4xx.o(.text)
    ETH_WKUP_IRQHandler                      0x08003fdb   Thumb Code     0  startup_stm32f4xx.o(.text)
    EXTI0_IRQHandler                         0x08003fdb   Thumb Code     0  startup_stm32f4xx.o(.text)
    EXTI15_10_IRQHandler                     0x08003fdb   Thumb Code     0  startup_stm32f4xx.o(.text)
    EXTI1_IRQHandler                         0x08003fdb   Thumb Code     0  startup_stm32f4xx.o(.text)
    EXTI2_IRQHandler                         0x08003fdb   Thumb Code     0  startup_stm32f4xx.o(.text)
    EXTI3_IRQHandler                         0x08003fdb   Thumb Code     0  startup_stm32f4xx.o(.text)
    EXTI4_IRQHandler                         0x08003fdb   Thumb Code     0  startup_stm32f4xx.o(.text)
    FLASH_IRQHandler                         0x08003fdb   Thumb Code     0  startup_stm32f4xx.o(.text)
    FPU_IRQHandler                           0x08003fdb   Thumb Code     0  startup_stm32f4xx.o(.text)
    FSMC_IRQHandler                          0x08003fdb   Thumb Code     0  startup_stm32f4xx.o(.text)
    HASH_RNG_IRQHandler                      0x08003fdb   Thumb Code     0  startup_stm32f4xx.o(.text)
    I2C1_ER_IRQHandler                       0x08003fdb   Thumb Code     0  startup_stm32f4xx.o(.text)
    I2C1_EV_IRQHandler                       0x08003fdb   Thumb Code     0  startup_stm32f4xx.o(.text)
    I2C2_ER_IRQHandler                       0x08003fdb   Thumb Code     0  startup_stm32f4xx.o(.text)
    I2C2_EV_IRQHandler                       0x08003fdb   Thumb Code     0  startup_stm32f4xx.o(.text)
    I2C3_ER_IRQHandler                       0x08003fdb   Thumb Code     0  startup_stm32f4xx.o(.text)
    I2C3_EV_IRQHandler                       0x08003fdb   Thumb Code     0  startup_stm32f4xx.o(.text)
    OTG_FS_IRQHandler                        0x08003fdb   Thumb Code     0  startup_stm32f4xx.o(.text)
    OTG_FS_WKUP_IRQHandler                   0x08003fdb   Thumb Code     0  startup_stm32f4xx.o(.text)
    OTG_HS_EP1_IN_IRQHandler                 0x08003fdb   Thumb Code     0  startup_stm32f4xx.o(.text)
    OTG_HS_EP1_OUT_IRQHandler                0x08003fdb   Thumb Code     0  startup_stm32f4xx.o(.text)
    OTG_HS_IRQHandler                        0x08003fdb   Thumb Code     0  startup_stm32f4xx.o(.text)
    OTG_HS_WKUP_IRQHandler                   0x08003fdb   Thumb Code     0  startup_stm32f4xx.o(.text)
    PVD_IRQHandler                           0x08003fdb   Thumb Code     0  startup_stm32f4xx.o(.text)
    RCC_IRQHandler                           0x08003fdb   Thumb Code     0  startup_stm32f4xx.o(.text)
    RTC_Alarm_IRQHandler                     0x08003fdb   Thumb Code     0  startup_stm32f4xx.o(.text)
    RTC_WKUP_IRQHandler                      0x08003fdb   Thumb Code     0  startup_stm32f4xx.o(.text)
    SDIO_IRQHandler                          0x08003fdb   Thumb Code     0  startup_stm32f4xx.o(.text)
    SPI1_IRQHandler                          0x08003fdb   Thumb Code     0  startup_stm32f4xx.o(.text)
    SPI2_IRQHandler                          0x08003fdb   Thumb Code     0  startup_stm32f4xx.o(.text)
    SPI3_IRQHandler                          0x08003fdb   Thumb Code     0  startup_stm32f4xx.o(.text)
    TAMP_STAMP_IRQHandler                    0x08003fdb   Thumb Code     0  startup_stm32f4xx.o(.text)
    TIM1_BRK_TIM9_IRQHandler                 0x08003fdb   Thumb Code     0  startup_stm32f4xx.o(.text)
    TIM1_CC_IRQHandler                       0x08003fdb   Thumb Code     0  startup_stm32f4xx.o(.text)
    TIM1_TRG_COM_TIM11_IRQHandler            0x08003fdb   Thumb Code     0  startup_stm32f4xx.o(.text)
    TIM1_UP_TIM10_IRQHandler                 0x08003fdb   Thumb Code     0  startup_stm32f4xx.o(.text)
    TIM2_IRQHandler                          0x08003fdb   Thumb Code     0  startup_stm32f4xx.o(.text)
    TIM5_IRQHandler                          0x08003fdb   Thumb Code     0  startup_stm32f4xx.o(.text)
    TIM6_DAC_IRQHandler                      0x08003fdb   Thumb Code     0  startup_stm32f4xx.o(.text)
    TIM8_BRK_TIM12_IRQHandler                0x08003fdb   Thumb Code     0  startup_stm32f4xx.o(.text)
    TIM8_CC_IRQHandler                       0x08003fdb   Thumb Code     0  startup_stm32f4xx.o(.text)
    TIM8_TRG_COM_TIM14_IRQHandler            0x08003fdb   Thumb Code     0  startup_stm32f4xx.o(.text)
    TIM8_UP_TIM13_IRQHandler                 0x08003fdb   Thumb Code     0  startup_stm32f4xx.o(.text)
    WWDG_IRQHandler                          0x08003fdb   Thumb Code     0  startup_stm32f4xx.o(.text)
    SystemInit                               0x080040c1   Thumb Code    88  system_stm32f4xx.o(.text)
    SystemCoreClockUpdate                    0x08004119   Thumb Code   174  system_stm32f4xx.o(.text)
    NVIC_PriorityGroupConfig                 0x080041f5   Thumb Code    54  misc.o(.text)
    NVIC_Init                                0x0800422b   Thumb Code   164  misc.o(.text)
    NVIC_SetVectorTable                      0x080042cf   Thumb Code    60  misc.o(.text)
    NVIC_SystemLPConfig                      0x0800430b   Thumb Code    78  misc.o(.text)
    SysTick_CLKSourceConfig                  0x08004359   Thumb Code    62  misc.o(.text)
    ADC_DeInit                               0x080043b5   Thumb Code    22  stm32f4xx_adc.o(.text)
    ADC_Init                                 0x080043cb   Thumb Code   402  stm32f4xx_adc.o(.text)
    ADC_StructInit                           0x0800455d   Thumb Code    20  stm32f4xx_adc.o(.text)
    ADC_CommonInit                           0x08004571   Thumb Code   342  stm32f4xx_adc.o(.text)
    ADC_CommonStructInit                     0x080046c7   Thumb Code    12  stm32f4xx_adc.o(.text)
    ADC_Cmd                                  0x080046d3   Thumb Code    76  stm32f4xx_adc.o(.text)
    ADC_AnalogWatchdogCmd                    0x0800471f   Thumb Code   102  stm32f4xx_adc.o(.text)
    ADC_AnalogWatchdogThresholdsConfig       0x08004785   Thumb Code   126  stm32f4xx_adc.o(.text)
    ADC_AnalogWatchdogSingleChannelConfig    0x08004803   Thumb Code   136  stm32f4xx_adc.o(.text)
    ADC_TempSensorVrefintCmd                 0x0800488b   Thumb Code    56  stm32f4xx_adc.o(.text)
    ADC_VBATCmd                              0x080048c3   Thumb Code    56  stm32f4xx_adc.o(.text)
    ADC_RegularChannelConfig                 0x080048fb   Thumb Code   408  stm32f4xx_adc.o(.text)
    ADC_SoftwareStartConv                    0x08004a93   Thumb Code    44  stm32f4xx_adc.o(.text)
    ADC_GetSoftwareStartConvStatus           0x08004abf   Thumb Code    54  stm32f4xx_adc.o(.text)
    ADC_EOCOnEachRegularChannelCmd           0x08004af5   Thumb Code    76  stm32f4xx_adc.o(.text)
    ADC_ContinuousModeCmd                    0x08004b41   Thumb Code    76  stm32f4xx_adc.o(.text)
    ADC_DiscModeChannelCountConfig           0x08004b8d   Thumb Code   100  stm32f4xx_adc.o(.text)
    ADC_DiscModeCmd                          0x08004bf1   Thumb Code    76  stm32f4xx_adc.o(.text)
    ADC_GetConversionValue                   0x08004c3d   Thumb Code    40  stm32f4xx_adc.o(.text)
    ADC_GetMultiModeConversionValue          0x08004c65   Thumb Code     6  stm32f4xx_adc.o(.text)
    ADC_DMACmd                               0x08004c6b   Thumb Code    76  stm32f4xx_adc.o(.text)
    ADC_DMARequestAfterLastTransferCmd       0x08004cb7   Thumb Code    76  stm32f4xx_adc.o(.text)
    ADC_MultiModeDMARequestAfterLastTransferCmd 0x08004d03   Thumb Code    60  stm32f4xx_adc.o(.text)
    ADC_InjectedChannelConfig                0x08004d3f   Thumb Code   332  stm32f4xx_adc.o(.text)
    ADC_InjectedSequencerLengthConfig        0x08004e8b   Thumb Code    80  stm32f4xx_adc.o(.text)
    ADC_SetInjectedOffset                    0x08004edb   Thumb Code   102  stm32f4xx_adc.o(.text)
    ADC_ExternalTrigInjectedConvConfig       0x08004f41   Thumb Code   176  stm32f4xx_adc.o(.text)
    ADC_ExternalTrigInjectedConvEdgeConfig   0x08004ff1   Thumb Code    82  stm32f4xx_adc.o(.text)
    ADC_SoftwareStartInjectedConv            0x08005043   Thumb Code    44  stm32f4xx_adc.o(.text)
    ADC_GetSoftwareStartInjectedConvCmdStatus 0x0800506f   Thumb Code    54  stm32f4xx_adc.o(.text)
    ADC_AutoInjectedConvCmd                  0x080050a5   Thumb Code    76  stm32f4xx_adc.o(.text)
    ADC_InjectedDiscModeCmd                  0x080050f1   Thumb Code    76  stm32f4xx_adc.o(.text)
    ADC_GetInjectedConversionValue           0x0800513d   Thumb Code    88  stm32f4xx_adc.o(.text)
    ADC_ITConfig                             0x08005195   Thumb Code   130  stm32f4xx_adc.o(.text)
    ADC_GetFlagStatus                        0x08005217   Thumb Code    90  stm32f4xx_adc.o(.text)
    ADC_ClearFlag                            0x08005271   Thumb Code    62  stm32f4xx_adc.o(.text)
    ADC_GetITStatus                          0x080052af   Thumb Code   122  stm32f4xx_adc.o(.text)
    ADC_ClearITPendingBit                    0x08005329   Thumb Code    88  stm32f4xx_adc.o(.text)
    DMA_DeInit                               0x08005391   Thumb Code   462  stm32f4xx_dma.o(.text)
    DMA_Init                                 0x0800555f   Thumb Code   684  stm32f4xx_dma.o(.text)
    DMA_StructInit                           0x0800580b   Thumb Code    34  stm32f4xx_dma.o(.text)
    DMA_Cmd                                  0x0800582d   Thumb Code   182  stm32f4xx_dma.o(.text)
    DMA_PeriphIncOffsetSizeConfig            0x080058e3   Thumb Code   184  stm32f4xx_dma.o(.text)
    DMA_FlowControllerConfig                 0x0800599b   Thumb Code   182  stm32f4xx_dma.o(.text)
    DMA_SetCurrDataCounter                   0x08005a51   Thumb Code   146  stm32f4xx_dma.o(.text)
    DMA_GetCurrDataCounter                   0x08005ae3   Thumb Code   146  stm32f4xx_dma.o(.text)
    DMA_DoubleBufferModeConfig               0x08005b75   Thumb Code   204  stm32f4xx_dma.o(.text)
    DMA_DoubleBufferModeCmd                  0x08005c41   Thumb Code   182  stm32f4xx_dma.o(.text)
    DMA_MemoryTargetConfig                   0x08005cf7   Thumb Code   174  stm32f4xx_dma.o(.text)
    DMA_GetCurrentMemoryTarget               0x08005da5   Thumb Code   160  stm32f4xx_dma.o(.text)
    DMA_GetCmdStatus                         0x08005e45   Thumb Code   160  stm32f4xx_dma.o(.text)
    DMA_GetFIFOStatus                        0x08005ee5   Thumb Code   152  stm32f4xx_dma.o(.text)
    DMA_GetFlagStatus                        0x08005f7d   Thumb Code   486  stm32f4xx_dma.o(.text)
    DMA_ClearFlag                            0x08006163   Thumb Code   216  stm32f4xx_dma.o(.text)
    DMA_ITConfig                             0x0800623b   Thumb Code   238  stm32f4xx_dma.o(.text)
    DMA_GetITStatus                          0x08006329   Thumb Code   590  stm32f4xx_dma.o(.text)
    DMA_ClearITPendingBit                    0x08006577   Thumb Code   216  stm32f4xx_dma.o(.text)
    EXTI_DeInit                              0x080066f9   Thumb Code    28  stm32f4xx_exti.o(.text)
    EXTI_Init                                0x08006715   Thumb Code   236  stm32f4xx_exti.o(.text)
    EXTI_StructInit                          0x08006801   Thumb Code    16  stm32f4xx_exti.o(.text)
    EXTI_GenerateSWInterrupt                 0x08006811   Thumb Code    38  stm32f4xx_exti.o(.text)
    EXTI_GetFlagStatus                       0x08006837   Thumb Code   158  stm32f4xx_exti.o(.text)
    EXTI_ClearFlag                           0x080068d5   Thumb Code    30  stm32f4xx_exti.o(.text)
    EXTI_GetITStatus                         0x080068f3   Thumb Code   172  stm32f4xx_exti.o(.text)
    EXTI_ClearITPendingBit                   0x0800699f   Thumb Code    32  stm32f4xx_exti.o(.text)
    GPIO_DeInit                              0x080069cd   Thumb Code   284  stm32f4xx_gpio.o(.text)
    GPIO_Init                                0x08006ae9   Thumb Code   342  stm32f4xx_gpio.o(.text)
    GPIO_StructInit                          0x08006c3f   Thumb Code    18  stm32f4xx_gpio.o(.text)
    GPIO_PinLockConfig                       0x08006c51   Thumb Code   122  stm32f4xx_gpio.o(.text)
    GPIO_ReadInputDataBit                    0x08006ccb   Thumb Code   182  stm32f4xx_gpio.o(.text)
    GPIO_ReadInputData                       0x08006d81   Thumb Code   116  stm32f4xx_gpio.o(.text)
    GPIO_ReadOutputDataBit                   0x08006df5   Thumb Code   182  stm32f4xx_gpio.o(.text)
    GPIO_ReadOutputData                      0x08006eab   Thumb Code    76  stm32f4xx_gpio.o(.text)
    GPIO_SetBits                             0x08006ef7   Thumb Code    94  stm32f4xx_gpio.o(.text)
    GPIO_ResetBits                           0x08006f55   Thumb Code    94  stm32f4xx_gpio.o(.text)
    GPIO_WriteBit                            0x08006fb3   Thumb Code   194  stm32f4xx_gpio.o(.text)
    GPIO_Write                               0x08007075   Thumb Code    76  stm32f4xx_gpio.o(.text)
    GPIO_ToggleBits                          0x080070c1   Thumb Code    80  stm32f4xx_gpio.o(.text)
    GPIO_PinAFConfig                         0x08007111   Thumb Code   382  stm32f4xx_gpio.o(.text)
    RCC_DeInit                               0x08007295   Thumb Code    60  stm32f4xx_rcc.o(.text)
    RCC_HSEConfig                            0x080072d1   Thumb Code    38  stm32f4xx_rcc.o(.text)
    RCC_GetFlagStatus                        0x080072f7   Thumb Code   130  stm32f4xx_rcc.o(.text)
    RCC_WaitForHSEStartUp                    0x08007379   Thumb Code    56  stm32f4xx_rcc.o(.text)
    RCC_AdjustHSICalibrationValue            0x080073b1   Thumb Code    38  stm32f4xx_rcc.o(.text)
    RCC_HSICmd                               0x080073d7   Thumb Code    28  stm32f4xx_rcc.o(.text)
    RCC_LSEConfig                            0x080073f3   Thumb Code    72  stm32f4xx_rcc.o(.text)
    RCC_LSICmd                               0x0800743b   Thumb Code    28  stm32f4xx_rcc.o(.text)
    RCC_PLLConfig                            0x08007457   Thumb Code   156  stm32f4xx_rcc.o(.text)
    RCC_PLLCmd                               0x080074f3   Thumb Code    28  stm32f4xx_rcc.o(.text)
    RCC_PLLI2SConfig                         0x0800750f   Thumb Code    62  stm32f4xx_rcc.o(.text)
    RCC_PLLI2SCmd                            0x0800754d   Thumb Code    28  stm32f4xx_rcc.o(.text)
    RCC_ClockSecuritySystemCmd               0x08007569   Thumb Code    28  stm32f4xx_rcc.o(.text)
    RCC_MCO1Config                           0x08007585   Thumb Code   102  stm32f4xx_rcc.o(.text)
    RCC_MCO2Config                           0x080075eb   Thumb Code   102  stm32f4xx_rcc.o(.text)
    RCC_SYSCLKConfig                         0x08007651   Thumb Code    68  stm32f4xx_rcc.o(.text)
    RCC_GetSYSCLKSource                      0x08007695   Thumb Code    10  stm32f4xx_rcc.o(.text)
    RCC_HCLKConfig                           0x0800769f   Thumb Code    66  stm32f4xx_rcc.o(.text)
    RCC_PCLK1Config                          0x080076e1   Thumb Code    58  stm32f4xx_rcc.o(.text)
    RCC_PCLK2Config                          0x0800771b   Thumb Code    60  stm32f4xx_rcc.o(.text)
    RCC_GetClocksFreq                        0x08007757   Thumb Code   214  stm32f4xx_rcc.o(.text)
    RCC_RTCCLKConfig                         0x0800782d   Thumb Code   260  stm32f4xx_rcc.o(.text)
    RCC_RTCCLKCmd                            0x08007931   Thumb Code    28  stm32f4xx_rcc.o(.text)
    RCC_BackupResetCmd                       0x0800794d   Thumb Code    30  stm32f4xx_rcc.o(.text)
    RCC_I2SCLKConfig                         0x0800796b   Thumb Code    28  stm32f4xx_rcc.o(.text)
    RCC_AHB1PeriphClockCmd                   0x08007987   Thumb Code    78  stm32f4xx_rcc.o(.text)
    RCC_AHB2PeriphClockCmd                   0x080079d5   Thumb Code    78  stm32f4xx_rcc.o(.text)
    RCC_AHB3PeriphClockCmd                   0x08007a23   Thumb Code   234  stm32f4xx_rcc.o(.text)
    RCC_APB1PeriphClockCmd                   0x08007b0d   Thumb Code    70  stm32f4xx_rcc.o(.text)
    RCC_APB2PeriphClockCmd                   0x08007b53   Thumb Code    78  stm32f4xx_rcc.o(.text)
    RCC_AHB1PeriphResetCmd                   0x08007ba1   Thumb Code    78  stm32f4xx_rcc.o(.text)
    RCC_AHB2PeriphResetCmd                   0x08007bef   Thumb Code    78  stm32f4xx_rcc.o(.text)
    RCC_AHB3PeriphResetCmd                   0x08007c3d   Thumb Code    78  stm32f4xx_rcc.o(.text)
    RCC_APB1PeriphResetCmd                   0x08007c8b   Thumb Code    78  stm32f4xx_rcc.o(.text)
    RCC_APB2PeriphResetCmd                   0x08007cd9   Thumb Code    78  stm32f4xx_rcc.o(.text)
    RCC_AHB1PeriphClockLPModeCmd             0x08007d27   Thumb Code    78  stm32f4xx_rcc.o(.text)
    RCC_AHB2PeriphClockLPModeCmd             0x08007d75   Thumb Code    78  stm32f4xx_rcc.o(.text)
    RCC_AHB3PeriphClockLPModeCmd             0x08007dc3   Thumb Code    78  stm32f4xx_rcc.o(.text)
    RCC_APB1PeriphClockLPModeCmd             0x08007e11   Thumb Code    78  stm32f4xx_rcc.o(.text)
    RCC_APB2PeriphClockLPModeCmd             0x08007e5f   Thumb Code    78  stm32f4xx_rcc.o(.text)
    RCC_ITConfig                             0x08007ead   Thumb Code   108  stm32f4xx_rcc.o(.text)
    RCC_ClearFlag                            0x08007f19   Thumb Code    14  stm32f4xx_rcc.o(.text)
    RCC_GetITStatus                          0x08007f27   Thumb Code    66  stm32f4xx_rcc.o(.text)
    RCC_ClearITPendingBit                    0x08007f69   Thumb Code    32  stm32f4xx_rcc.o(.text)
    TIM_DeInit                               0x08007f91   Thumb Code   440  stm32f4xx_tim.o(.text)
    TIM_TimeBaseInit                         0x08008149   Thumb Code   278  stm32f4xx_tim.o(.text)
    TIM_TimeBaseStructInit                   0x0800825f   Thumb Code    18  stm32f4xx_tim.o(.text)
    TIM_PrescalerConfig                      0x08008271   Thumb Code   128  stm32f4xx_tim.o(.text)
    TIM_CounterModeConfig                    0x080082f1   Thumb Code   100  stm32f4xx_tim.o(.text)
    TIM_SetCounter                           0x08008355   Thumb Code   164  stm32f4xx_tim.o(.text)
    TIM_SetAutoreload                        0x080083f9   Thumb Code   106  stm32f4xx_tim.o(.text)
    TIM_GetCounter                           0x08008463   Thumb Code   104  stm32f4xx_tim.o(.text)
    TIM_GetPrescaler                         0x080084cb   Thumb Code   104  stm32f4xx_tim.o(.text)
    TIM_UpdateDisableConfig                  0x08008533   Thumb Code   144  stm32f4xx_tim.o(.text)
    TIM_UpdateRequestConfig                  0x080085c3   Thumb Code   144  stm32f4xx_tim.o(.text)
    TIM_ARRPreloadConfig                     0x08008653   Thumb Code   144  stm32f4xx_tim.o(.text)
    TIM_SelectOnePulseMode                   0x080086e3   Thumb Code   138  stm32f4xx_tim.o(.text)
    TIM_SetClockDivision                     0x0800876d   Thumb Code   190  stm32f4xx_tim.o(.text)
    TIM_Cmd                                  0x0800882b   Thumb Code   144  stm32f4xx_tim.o(.text)
    TIM_OC1Init                              0x080088bb   Thumb Code   400  stm32f4xx_tim.o(.text)
    TIM_OC2Init                              0x08008a4b   Thumb Code   474  stm32f4xx_tim.o(.text)
    TIM_OC3Init                              0x08008c25   Thumb Code   400  stm32f4xx_tim.o(.text)
    TIM_OC4Init                              0x08008db5   Thumb Code   290  stm32f4xx_tim.o(.text)
    TIM_OCStructInit                         0x08008ed7   Thumb Code    20  stm32f4xx_tim.o(.text)
    TIM_SelectOCxM                           0x08008eeb   Thumb Code   250  stm32f4xx_tim.o(.text)
    TIM_SetCompare1                          0x08008fe5   Thumb Code   144  stm32f4xx_tim.o(.text)
    TIM_SetCompare2                          0x08009075   Thumb Code    70  stm32f4xx_tim.o(.text)
    TIM_SetCompare3                          0x080090bb   Thumb Code    58  stm32f4xx_tim.o(.text)
    TIM_SetCompare4                          0x080090f5   Thumb Code    58  stm32f4xx_tim.o(.text)
    TIM_ForcedOC1Config                      0x0800912f   Thumb Code   126  stm32f4xx_tim.o(.text)
    TIM_ForcedOC2Config                      0x080091ad   Thumb Code   110  stm32f4xx_tim.o(.text)
    TIM_ForcedOC3Config                      0x0800921b   Thumb Code    90  stm32f4xx_tim.o(.text)
    TIM_ForcedOC4Config                      0x08009275   Thumb Code    98  stm32f4xx_tim.o(.text)
    TIM_OC1PreloadConfig                     0x080092d7   Thumb Code   124  stm32f4xx_tim.o(.text)
    TIM_OC2PreloadConfig                     0x08009353   Thumb Code   108  stm32f4xx_tim.o(.text)
    TIM_OC3PreloadConfig                     0x080093bf   Thumb Code    88  stm32f4xx_tim.o(.text)
    TIM_OC4PreloadConfig                     0x08009417   Thumb Code   146  stm32f4xx_tim.o(.text)
    TIM_OC1FastConfig                        0x080094a9   Thumb Code   124  stm32f4xx_tim.o(.text)
    TIM_OC2FastConfig                        0x08009525   Thumb Code   108  stm32f4xx_tim.o(.text)
    TIM_OC3FastConfig                        0x08009591   Thumb Code    88  stm32f4xx_tim.o(.text)
    TIM_OC4FastConfig                        0x080095e9   Thumb Code    96  stm32f4xx_tim.o(.text)
    TIM_ClearOC1Ref                          0x08009649   Thumb Code   124  stm32f4xx_tim.o(.text)
    TIM_ClearOC2Ref                          0x080096c5   Thumb Code   106  stm32f4xx_tim.o(.text)
    TIM_ClearOC3Ref                          0x0800972f   Thumb Code    88  stm32f4xx_tim.o(.text)
    TIM_ClearOC4Ref                          0x08009787   Thumb Code    94  stm32f4xx_tim.o(.text)
    TIM_OC1PolarityConfig                    0x080097e5   Thumb Code   124  stm32f4xx_tim.o(.text)
    TIM_OC1NPolarityConfig                   0x08009861   Thumb Code   114  stm32f4xx_tim.o(.text)
    TIM_OC2PolarityConfig                    0x080098d3   Thumb Code   108  stm32f4xx_tim.o(.text)
    TIM_OC2NPolarityConfig                   0x0800993f   Thumb Code    72  stm32f4xx_tim.o(.text)
    TIM_OC3PolarityConfig                    0x08009987   Thumb Code    96  stm32f4xx_tim.o(.text)
    TIM_OC3NPolarityConfig                   0x080099e7   Thumb Code    72  stm32f4xx_tim.o(.text)
    TIM_OC4PolarityConfig                    0x08009a2f   Thumb Code    96  stm32f4xx_tim.o(.text)
    TIM_CCxCmd                               0x08009a8f   Thumb Code   168  stm32f4xx_tim.o(.text)
    TIM_CCxNCmd                              0x08009b37   Thumb Code   104  stm32f4xx_tim.o(.text)
    TIM_SetIC4Prescaler                      0x08009b9f   Thumb Code   106  stm32f4xx_tim.o(.text)
    TIM_SetIC3Prescaler                      0x08009c59   Thumb Code   148  stm32f4xx_tim.o(.text)
    TIM_SetIC2Prescaler                      0x08009d35   Thumb Code   118  stm32f4xx_tim.o(.text)
    TIM_SetIC1Prescaler                      0x08009dfb   Thumb Code   134  stm32f4xx_tim.o(.text)
    TIM_ICInit                               0x08009ebb   Thumb Code   460  stm32f4xx_tim.o(.text)
    TIM_ICStructInit                         0x0800a087   Thumb Code    18  stm32f4xx_tim.o(.text)
    TIM_PWMIConfig                           0x0800a099   Thumb Code   234  stm32f4xx_tim.o(.text)
    TIM_GetCapture1                          0x0800a183   Thumb Code    92  stm32f4xx_tim.o(.text)
    TIM_GetCapture2                          0x0800a1df   Thumb Code    68  stm32f4xx_tim.o(.text)
    TIM_GetCapture3                          0x0800a223   Thumb Code    56  stm32f4xx_tim.o(.text)
    TIM_GetCapture4                          0x0800a25b   Thumb Code    56  stm32f4xx_tim.o(.text)
    TIM_BDTRConfig                           0x0800a293   Thumb Code   222  stm32f4xx_tim.o(.text)
    TIM_BDTRStructInit                       0x0800a371   Thumb Code    18  stm32f4xx_tim.o(.text)
    TIM_CtrlPWMOutputs                       0x0800a383   Thumb Code    78  stm32f4xx_tim.o(.text)
    TIM_SelectCOM                            0x0800a3d1   Thumb Code    72  stm32f4xx_tim.o(.text)
    TIM_CCPreloadControl                     0x0800a419   Thumb Code    72  stm32f4xx_tim.o(.text)
    TIM_ITConfig                             0x0800a461   Thumb Code   216  stm32f4xx_tim.o(.text)
    TIM_GenerateEvent                        0x0800a539   Thumb Code   126  stm32f4xx_tim.o(.text)
    TIM_GetFlagStatus                        0x0800a5b7   Thumb Code   188  stm32f4xx_tim.o(.text)
    TIM_ClearFlag                            0x0800a673   Thumb Code   108  stm32f4xx_tim.o(.text)
    TIM_GetITStatus                          0x0800a6df   Thumb Code   186  stm32f4xx_tim.o(.text)
    TIM_ClearITPendingBit                    0x0800a799   Thumb Code   108  stm32f4xx_tim.o(.text)
    TIM_DMAConfig                            0x0800a805   Thumb Code   328  stm32f4xx_tim.o(.text)
    TIM_DMACmd                               0x0800a94d   Thumb Code   126  stm32f4xx_tim.o(.text)
    TIM_SelectCCDMA                          0x0800a9cb   Thumb Code    96  stm32f4xx_tim.o(.text)
    TIM_InternalClockConfig                  0x0800aa2b   Thumb Code    76  stm32f4xx_tim.o(.text)
    TIM_SelectInputTrigger                   0x0800aa77   Thumb Code   148  stm32f4xx_tim.o(.text)
    TIM_ITRxExternalClockConfig              0x0800ab0b   Thumb Code   110  stm32f4xx_tim.o(.text)
    TIM_TIxExternalClockConfig               0x0800ab79   Thumb Code   184  stm32f4xx_tim.o(.text)
    TIM_ETRConfig                            0x0800ac31   Thumb Code   164  stm32f4xx_tim.o(.text)
    TIM_ETRClockMode1Config                  0x0800acd5   Thumb Code   228  stm32f4xx_tim.o(.text)
    TIM_ETRClockMode2Config                  0x0800adb9   Thumb Code   152  stm32f4xx_tim.o(.text)
    TIM_SelectOutputTrigger                  0x0800ae51   Thumb Code   126  stm32f4xx_tim.o(.text)
    TIM_SelectSlaveMode                      0x0800aecf   Thumb Code   112  stm32f4xx_tim.o(.text)
    TIM_SelectMasterSlaveMode                0x0800af3f   Thumb Code   102  stm32f4xx_tim.o(.text)
    TIM_EncoderInterfaceConfig               0x0800afa5   Thumb Code   226  stm32f4xx_tim.o(.text)
    TIM_SelectHallSensor                     0x0800b087   Thumb Code   108  stm32f4xx_tim.o(.text)
    TIM_RemapConfig                          0x0800b0f3   Thumb Code   138  stm32f4xx_tim.o(.text)
    USART_DeInit                             0x0800b17d   Thumb Code   202  stm32f4xx_usart.o(.text)
    USART_Init                               0x0800b247   Thumb Code   456  stm32f4xx_usart.o(.text)
    USART_StructInit                         0x0800b40f   Thumb Code    24  stm32f4xx_usart.o(.text)
    USART_ClockInit                          0x0800b427   Thumb Code   166  stm32f4xx_usart.o(.text)
    USART_ClockStructInit                    0x0800b4cd   Thumb Code    12  stm32f4xx_usart.o(.text)
    USART_Cmd                                0x0800b4d9   Thumb Code    96  stm32f4xx_usart.o(.text)
    USART_SetPrescaler                       0x0800b539   Thumb Code   102  stm32f4xx_usart.o(.text)
    USART_OverSampling8Cmd                   0x0800b59f   Thumb Code    94  stm32f4xx_usart.o(.text)
    USART_OneBitMethodCmd                    0x0800b5fd   Thumb Code    96  stm32f4xx_usart.o(.text)
    USART_SendData                           0x0800b65d   Thumb Code    80  stm32f4xx_usart.o(.text)
    USART_ReceiveData                        0x0800b6ad   Thumb Code    60  stm32f4xx_usart.o(.text)
    USART_SetAddress                         0x0800b6e9   Thumb Code    88  stm32f4xx_usart.o(.text)
    USART_ReceiverWakeUpCmd                  0x0800b741   Thumb Code    96  stm32f4xx_usart.o(.text)
    USART_WakeUpConfig                       0x0800b7a1   Thumb Code    92  stm32f4xx_usart.o(.text)
    USART_LINBreakDetectLengthConfig         0x0800b7fd   Thumb Code    90  stm32f4xx_usart.o(.text)
    USART_LINCmd                             0x0800b857   Thumb Code    96  stm32f4xx_usart.o(.text)
    USART_SendBreak                          0x0800b8b7   Thumb Code    62  stm32f4xx_usart.o(.text)
    USART_HalfDuplexCmd                      0x0800b8f5   Thumb Code    96  stm32f4xx_usart.o(.text)
    USART_SetGuardTime                       0x0800b955   Thumb Code    86  stm32f4xx_usart.o(.text)
    USART_SmartCardCmd                       0x0800b9ab   Thumb Code    84  stm32f4xx_usart.o(.text)
    USART_SmartCardNACKCmd                   0x0800b9ff   Thumb Code    84  stm32f4xx_usart.o(.text)
    USART_IrDAConfig                         0x0800ba53   Thumb Code    90  stm32f4xx_usart.o(.text)
    USART_IrDACmd                            0x0800baad   Thumb Code    96  stm32f4xx_usart.o(.text)
    USART_DMACmd                             0x0800bb0d   Thumb Code   114  stm32f4xx_usart.o(.text)
    USART_ITConfig                           0x0800bb7f   Thumb Code   260  stm32f4xx_usart.o(.text)
    USART_GetFlagStatus                      0x0800bc83   Thumb Code   170  stm32f4xx_usart.o(.text)
    USART_ClearFlag                          0x0800bd2d   Thumb Code   158  stm32f4xx_usart.o(.text)
    USART_GetITStatus                        0x0800bdcb   Thumb Code   278  stm32f4xx_usart.o(.text)
    USART_ClearITPendingBit                  0x0800bee1   Thumb Code   164  stm32f4xx_usart.o(.text)
    __aeabi_memcpy                           0x0800bfa1   Thumb Code    36  memcpya.o(.text)
    __aeabi_memcpy4                          0x0800bfa1   Thumb Code     0  memcpya.o(.text)
    __aeabi_memcpy8                          0x0800bfa1   Thumb Code     0  memcpya.o(.text)
    __aeabi_dadd                             0x0800bfc5   Thumb Code   322  dadd.o(.text)
    __aeabi_dsub                             0x0800c107   Thumb Code     6  dadd.o(.text)
    __aeabi_drsub                            0x0800c10d   Thumb Code     6  dadd.o(.text)
    __aeabi_dmul                             0x0800c113   Thumb Code   228  dmul.o(.text)
    __aeabi_i2d                              0x0800c1f7   Thumb Code    34  dflti.o(.text)
    __aeabi_cdcmpeq                          0x0800c219   Thumb Code     0  cdcmple.o(.text)
    __aeabi_cdcmple                          0x0800c219   Thumb Code    48  cdcmple.o(.text)
    __aeabi_cdrcmple                         0x0800c249   Thumb Code    48  cdrcmple.o(.text)
    __aeabi_d2f                              0x0800c279   Thumb Code    56  d2f.o(.text)
    __aeabi_llsl                             0x0800c2b1   Thumb Code    30  llshl.o(.text)
    _ll_shift_l                              0x0800c2b1   Thumb Code     0  llshl.o(.text)
    __aeabi_lasr                             0x0800c2cf   Thumb Code    36  llsshr.o(.text)
    _ll_sshift_r                             0x0800c2cf   Thumb Code     0  llsshr.o(.text)
    __I$use$fp                               0x0800c2f3   Thumb Code     0  iusefp.o(.text)
    _float_round                             0x0800c2f3   Thumb Code    18  fepilogue.o(.text)
    _float_epilogue                          0x0800c305   Thumb Code    92  fepilogue.o(.text)
    _double_round                            0x0800c361   Thumb Code    30  depilogue.o(.text)
    _double_epilogue                         0x0800c37f   Thumb Code   156  depilogue.o(.text)
    __scatterload                            0x0800c41d   Thumb Code    28  init.o(.text)
    __scatterload_rt2                        0x0800c41d   Thumb Code     0  init.o(.text)
    __aeabi_llsr                             0x0800c441   Thumb Code    32  llushr.o(.text)
    _ll_ushift_r                             0x0800c441   Thumb Code     0  llushr.o(.text)
    __scatterload_copy                       0x0800c461   Thumb Code    14  handlers.o(i.__scatterload_copy)
    __scatterload_null                       0x0800c46f   Thumb Code     2  handlers.o(i.__scatterload_null)
    __scatterload_zeroinit                   0x0800c471   Thumb Code    14  handlers.o(i.__scatterload_zeroinit)
    fast_atan_table                          0x0800c480   Data        1028  ano_math.o(.constdata)
    Region$$Table$$Base                      0x0800cb18   Number         0  anon$$obj.o(Region$$Table)
    Region$$Table$$Limit                     0x0800cb38   Number         0  anon$$obj.o(Region$$Table)
    user_flag                                0x20000000   Data           1  ano_scheduler.o(.data)
    THR_Val                                  0x20000068   Data           2  user_task.o(.data)
    CTRL_SPD_Z                               0x2000006a   Data           2  user_task.o(.data)
    fc_bat                                   0x2000007a   Data           4  ano_lx.o(.data)
    sti_fun                                  0x20000092   Data           2  lx_fc_state.o(.data)
    offline_check_time                       0x200000ae   Data           2  drv_openmv.o(.data)
    led                                      0x200000c0   Data           4  drv_led.o(.data)
    Tx1Counter                               0x200000d0   Data           1  drv_uart.o(.data)
    count1                                   0x200000d1   Data           1  drv_uart.o(.data)
    U1RxInCnt                                0x200000d2   Data           1  drv_uart.o(.data)
    U1RxoutCnt                               0x200000d3   Data           1  drv_uart.o(.data)
    TxCounter                                0x200000d4   Data           1  drv_uart.o(.data)
    count                                    0x200000d5   Data           1  drv_uart.o(.data)
    U2RxInCnt                                0x200000d6   Data           1  drv_uart.o(.data)
    U2RxoutCnt                               0x200000d7   Data           1  drv_uart.o(.data)
    Tx3Counter                               0x200000d8   Data           1  drv_uart.o(.data)
    count3                                   0x200000d9   Data           1  drv_uart.o(.data)
    U3RxInCnt                                0x200000da   Data           1  drv_uart.o(.data)
    U3RxoutCnt                               0x200000db   Data           1  drv_uart.o(.data)
    Tx4Counter                               0x200000dc   Data           1  drv_uart.o(.data)
    count4                                   0x200000dd   Data           1  drv_uart.o(.data)
    U4RxInCnt                                0x200000de   Data           1  drv_uart.o(.data)
    U4RxoutCnt                               0x200000df   Data           1  drv_uart.o(.data)
    Tx5Counter                               0x200000e0   Data           1  drv_uart.o(.data)
    count5                                   0x200000e1   Data           1  drv_uart.o(.data)
    U5RxInCnt                                0x200000e2   Data           1  drv_uart.o(.data)
    U5RxoutCnt                               0x200000e3   Data           1  drv_uart.o(.data)
    SystemCoreClock                          0x200000e4   Data           4  system_stm32f4xx.o(.data)
    AHBPrescTable                            0x200000e8   Data          16  system_stm32f4xx.o(.data)
    send_buffer                              0x20000108   Data          50  ano_dt_lx.o(.bss)
    dt                                       0x2000013c   Data        1564  ano_dt_lx.o(.bss)
    rt_tar                                   0x2000088a   Data          14  ano_lx.o(.bss)
    pwm_to_esc                               0x20000898   Data          16  ano_lx.o(.bss)
    ext_sens                                 0x200008b8   Data          48  lx_fc_ext_sensor.o(.bss)
    fc_sta                                   0x200008e8   Data          11  lx_fc_state.o(.bss)
    rc_in                                    0x200008f4   Data          82  drv_bsp.o(.bss)
    ano_of                                   0x20000960   Data          60  drv_anoof.o(.bss)
    openmv_buf                               0x200009dc   Data          20  drv_openmv.o(.bss)
    opmv                                     0x200009f0   Data          26  drv_openmv.o(.bss)
    AdcValue                                 0x20000a0a   Data         100  drv_adc.o(.bss)
    Tx1Buffer                                0x20000a6e   Data         256  drv_uart.o(.bss)
    U1RxDataTmp                              0x20000b6e   Data         100  drv_uart.o(.bss)
    TxBuffer                                 0x20000bd2   Data         256  drv_uart.o(.bss)
    U2RxDataTmp                              0x20000cd2   Data         100  drv_uart.o(.bss)
    Tx3Buffer                                0x20000d36   Data         256  drv_uart.o(.bss)
    U3RxDataTmp                              0x20000e36   Data         200  drv_uart.o(.bss)
    Tx4Buffer                                0x20000efe   Data         256  drv_uart.o(.bss)
    U4RxDataTmp                              0x20000ffe   Data         100  drv_uart.o(.bss)
    Tx5Buffer                                0x20001062   Data         256  drv_uart.o(.bss)
    U5RxDataTmp                              0x20001162   Data         100  drv_uart.o(.bss)
    __initial_sp                             0x200019c8   Data           0  startup_stm32f4xx.o(STACK)



==============================================================================

Memory Map of the image

  Image Entry point : 0x08000189

  Load Region LR_IROM1 (Base: 0x08000000, Size: 0x0000cc40, Max: 0x00100000, ABSOLUTE)

    Execution Region ER_IROM1 (Exec base: 0x08000000, Load base: 0x08000000, Size: 0x0000cb38, Max: 0x00100000, ABSOLUTE)

    Exec Addr    Load Addr    Size         Type   Attr      Idx    E Section Name        Object

    0x08000000   0x08000000   0x00000188   Data   RO          572    RESET               startup_stm32f4xx.o
    0x08000188   0x08000188   0x00000000   Code   RO          771  * .ARM.Collect$$$$00000000  mc_w.l(entry.o)
    0x08000188   0x08000188   0x00000004   Code   RO          790    .ARM.Collect$$$$00000001  mc_w.l(entry2.o)
    0x0800018c   0x0800018c   0x00000004   Code   RO          793    .ARM.Collect$$$$00000004  mc_w.l(entry5.o)
    0x08000190   0x08000190   0x00000000   Code   RO          795    .ARM.Collect$$$$00000008  mc_w.l(entry7b.o)
    0x08000190   0x08000190   0x00000000   Code   RO          797    .ARM.Collect$$$$0000000A  mc_w.l(entry8b.o)
    0x08000190   0x08000190   0x00000008   Code   RO          798    .ARM.Collect$$$$0000000B  mc_w.l(entry9a.o)
    0x08000198   0x08000198   0x00000000   Code   RO          800    .ARM.Collect$$$$0000000D  mc_w.l(entry10a.o)
    0x08000198   0x08000198   0x00000000   Code   RO          802    .ARM.Collect$$$$0000000F  mc_w.l(entry11a.o)
    0x08000198   0x08000198   0x00000004   Code   RO          791    .ARM.Collect$$$$00002712  mc_w.l(entry2.o)
    0x0800019c   0x0800019c   0x00000014   Code   RO            2    .text               main.o
    0x080001b0   0x080001b0   0x00000150   Code   RO          112    .text               ano_scheduler.o
    0x08000300   0x08000300   0x00000270   Code   RO          146    .text               user_task.o
    0x08000570   0x08000570   0x00000808   Code   RO          171    .text               ano_dt_lx.o
    0x08000d78   0x08000d78   0x000004e0   Code   RO          210    .text               ano_lx.o
    0x08001258   0x08001258   0x000000e4   Code   RO          249    .text               lx_fc_ext_sensor.o
    0x0800133c   0x0800133c   0x00000320   Code   RO          272    .text               lx_fc_fun.o
    0x0800165c   0x0800165c   0x00000284   Code   RO          289    .text               lx_fc_state.o
    0x080018e0   0x080018e0   0x000004d4   Code   RO          312    .text               drv_bsp.o
    0x08001db4   0x08001db4   0x0000087c   Code   RO          338    .text               ano_math.o
    0x08002630   0x08002630   0x00000340   Code   RO          360    .text               drv_anoof.o
    0x08002970   0x08002970   0x000001d8   Code   RO          383    .text               drv_openmv.o
    0x08002b48   0x08002b48   0x0000007c   Code   RO          406    .text               stm32f4xx_it.o
    0x08002bc4   0x08002bc4   0x00000108   Code   RO          422    .text               drv_sys.o
    0x08002ccc   0x08002ccc   0x00000194   Code   RO          450    .text               drv_adc.o
    0x08002e60   0x08002e60   0x0000011c   Code   RO          472    .text               drv_led.o
    0x08002f7c   0x08002f7c   0x0000037c   Code   RO          494    .text               drv_pwmout.o
    0x080032f8   0x080032f8   0x000001e4   Code   RO          510    .text               drv_rcin.o
    0x080034dc   0x080034dc   0x0000008c   Code   RO          527    .text               drv_timer.o
    0x08003568   0x08003568   0x00000a58   Code   RO          547    .text               drv_uart.o
    0x08003fc0   0x08003fc0   0x00000024   Code   RO          573    .text               startup_stm32f4xx.o
    0x08003fe4   0x08003fe4   0x00000210   Code   RO          578    .text               system_stm32f4xx.o
    0x080041f4   0x080041f4   0x000001c0   Code   RO          600    .text               misc.o
    0x080043b4   0x080043b4   0x00000fdc   Code   RO          617    .text               stm32f4xx_adc.o
    0x08005390   0x08005390   0x00001368   Code   RO          634    .text               stm32f4xx_dma.o
    0x080066f8   0x080066f8   0x000002d4   Code   RO          651    .text               stm32f4xx_exti.o
    0x080069cc   0x080069cc   0x000008c8   Code   RO          685    .text               stm32f4xx_gpio.o
    0x08007294   0x08007294   0x00000cfc   Code   RO          702    .text               stm32f4xx_rcc.o
    0x08007f90   0x08007f90   0x000031ec   Code   RO          738    .text               stm32f4xx_tim.o
    0x0800b17c   0x0800b17c   0x00000e24   Code   RO          755    .text               stm32f4xx_usart.o
    0x0800bfa0   0x0800bfa0   0x00000024   Code   RO          774    .text               mc_w.l(memcpya.o)
    0x0800bfc4   0x0800bfc4   0x0000014e   Code   RO          778    .text               mf_w.l(dadd.o)
    0x0800c112   0x0800c112   0x000000e4   Code   RO          780    .text               mf_w.l(dmul.o)
    0x0800c1f6   0x0800c1f6   0x00000022   Code   RO          782    .text               mf_w.l(dflti.o)
    0x0800c218   0x0800c218   0x00000030   Code   RO          784    .text               mf_w.l(cdcmple.o)
    0x0800c248   0x0800c248   0x00000030   Code   RO          786    .text               mf_w.l(cdrcmple.o)
    0x0800c278   0x0800c278   0x00000038   Code   RO          788    .text               mf_w.l(d2f.o)
    0x0800c2b0   0x0800c2b0   0x0000001e   Code   RO          804    .text               mc_w.l(llshl.o)
    0x0800c2ce   0x0800c2ce   0x00000024   Code   RO          806    .text               mc_w.l(llsshr.o)
    0x0800c2f2   0x0800c2f2   0x00000000   Code   RO          808    .text               mc_w.l(iusefp.o)
    0x0800c2f2   0x0800c2f2   0x0000006e   Code   RO          809    .text               mf_w.l(fepilogue.o)
    0x0800c360   0x0800c360   0x000000ba   Code   RO          811    .text               mf_w.l(depilogue.o)
    0x0800c41a   0x0800c41a   0x00000002   PAD
    0x0800c41c   0x0800c41c   0x00000024   Code   RO          813    .text               mc_w.l(init.o)
    0x0800c440   0x0800c440   0x00000020   Code   RO          815    .text               mc_w.l(llushr.o)
    0x0800c460   0x0800c460   0x0000000e   Code   RO          819    i.__scatterload_copy  mc_w.l(handlers.o)
    0x0800c46e   0x0800c46e   0x00000002   Code   RO          820    i.__scatterload_null  mc_w.l(handlers.o)
    0x0800c470   0x0800c470   0x0000000e   Code   RO          821    i.__scatterload_zeroinit  mc_w.l(handlers.o)
    0x0800c47e   0x0800c47e   0x00000002   PAD
    0x0800c480   0x0800c480   0x00000404   Data   RO          339    .constdata          ano_math.o
    0x0800c884   0x0800c884   0x00000048   Data   RO          601    .conststring        misc.o
    0x0800c8cc   0x0800c8cc   0x00000051   Data   RO          618    .conststring        stm32f4xx_adc.o
    0x0800c91d   0x0800c91d   0x00000003   PAD
    0x0800c920   0x0800c920   0x00000051   Data   RO          635    .conststring        stm32f4xx_dma.o
    0x0800c971   0x0800c971   0x00000003   PAD
    0x0800c974   0x0800c974   0x00000052   Data   RO          652    .conststring        stm32f4xx_exti.o
    0x0800c9c6   0x0800c9c6   0x00000002   PAD
    0x0800c9c8   0x0800c9c8   0x00000052   Data   RO          686    .conststring        stm32f4xx_gpio.o
    0x0800ca1a   0x0800ca1a   0x00000002   PAD
    0x0800ca1c   0x0800ca1c   0x00000051   Data   RO          703    .conststring        stm32f4xx_rcc.o
    0x0800ca6d   0x0800ca6d   0x00000003   PAD
    0x0800ca70   0x0800ca70   0x00000051   Data   RO          739    .conststring        stm32f4xx_tim.o
    0x0800cac1   0x0800cac1   0x00000003   PAD
    0x0800cac4   0x0800cac4   0x00000053   Data   RO          756    .conststring        stm32f4xx_usart.o
    0x0800cb17   0x0800cb17   0x00000001   PAD
    0x0800cb18   0x0800cb18   0x00000020   Data   RO          817    Region$$Table       anon$$obj.o


    Execution Region RW_IRAM1 (Exec base: 0x20000000, Load base: 0x0800cb38, Size: 0x000019c8, Max: 0x00020000, ABSOLUTE)

    Exec Addr    Load Addr    Size         Type   Attr      Idx    E Section Name        Object

    0x20000000   0x0800cb38   0x00000068   Data   RW          113    .data               ano_scheduler.o
    0x20000068   0x0800cba0   0x0000000c   Data   RW          147    .data               user_task.o
    0x20000074   0x0800cbac   0x00000006   Data   RW          173    .data               ano_dt_lx.o
    0x2000007a   0x0800cbb2   0x00000012   Data   RW          212    .data               ano_lx.o
    0x2000008c   0x0800cbc4   0x00000004   Data   RW          251    .data               lx_fc_ext_sensor.o
    0x20000090   0x0800cbc8   0x00000001   Data   RW          273    .data               lx_fc_fun.o
    0x20000091   0x0800cbc9   0x00000001   PAD
    0x20000092   0x0800cbca   0x00000006   Data   RW          291    .data               lx_fc_state.o
    0x20000098   0x0800cbd0   0x00000012   Data   RW          314    .data               drv_bsp.o
    0x200000aa   0x0800cbe2   0x00000003   Data   RW          362    .data               drv_anoof.o
    0x200000ad   0x0800cbe5   0x00000001   PAD
    0x200000ae   0x0800cbe6   0x00000004   Data   RW          385    .data               drv_openmv.o
    0x200000b2   0x0800cbea   0x00000006   PAD
    0x200000b8   0x0800cbf0   0x00000008   Data   RW          423    .data               drv_sys.o
    0x200000c0   0x0800cbf8   0x0000000c   Data   RW          473    .data               drv_led.o
    0x200000cc   0x0800cc04   0x00000004   Data   RW          511    .data               drv_rcin.o
    0x200000d0   0x0800cc08   0x00000014   Data   RW          549    .data               drv_uart.o
    0x200000e4   0x0800cc1c   0x00000014   Data   RW          579    .data               system_stm32f4xx.o
    0x200000f8   0x0800cc30   0x00000010   Data   RW          704    .data               stm32f4xx_rcc.o
    0x20000108        -       0x00000782   Zero   RW          172    .bss                ano_dt_lx.o
    0x2000088a        -       0x0000002e   Zero   RW          211    .bss                ano_lx.o
    0x200008b8        -       0x00000030   Zero   RW          250    .bss                lx_fc_ext_sensor.o
    0x200008e8        -       0x0000000b   Zero   RW          290    .bss                lx_fc_state.o
    0x200008f3   0x0800cc40   0x00000001   PAD
    0x200008f4        -       0x0000006b   Zero   RW          313    .bss                drv_bsp.o
    0x2000095f   0x0800cc40   0x00000001   PAD
    0x20000960        -       0x0000007c   Zero   RW          361    .bss                drv_anoof.o
    0x200009dc        -       0x0000002e   Zero   RW          384    .bss                drv_openmv.o
    0x20000a0a        -       0x00000064   Zero   RW          451    .bss                drv_adc.o
    0x20000a6e        -       0x00000758   Zero   RW          548    .bss                drv_uart.o
    0x200011c6   0x0800cc40   0x00000002   PAD
    0x200011c8        -       0x00000800   Zero   RW          570    STACK               startup_stm32f4xx.o


==============================================================================

Image component sizes


      Code (inc. data)   RO Data    RW Data    ZI Data      Debug   Object Name

      2056         80          0          6       1922       6539   ano_dt_lx.o
      1248        106          0         18         46       3125   ano_lx.o
      2172        142       1028          0          0       7830   ano_math.o
       336         28          0        104          0       4021   ano_scheduler.o
       404         36          0          0        100       1957   drv_adc.o
       832         36          0          3        124       3182   drv_anoof.o
      1236         56          0         18        107       3590   drv_bsp.o
       284         12          0         12          0       2582   drv_led.o
       472         22          0          4         46       2860   drv_openmv.o
       892         38          0          0          0       1871   drv_pwmout.o
       484         20          0          4          0       1472   drv_rcin.o
       264         12          0          8          0      20413   drv_sys.o
       140          4          0          0          0        947   drv_timer.o
      2648        174          0         20       1880       9059   drv_uart.o
       228         30          0          4         48       2715   lx_fc_ext_sensor.o
       800         12          0          1          0       3204   lx_fc_fun.o
       644         30          0          6         11       2107   lx_fc_state.o
        20          0          0          0          0     299364   main.o
       448         30         72          0          0       2333   misc.o
        36          8        392          0       2048        984   startup_stm32f4xx.o
      4060        104         81          0          0      13650   stm32f4xx_adc.o
      4968        316         81          0          0       9261   stm32f4xx_dma.o
       724         14         82          0          0       3011   stm32f4xx_exti.o
      2248         86         82          0          0       5713   stm32f4xx_gpio.o
       124          4          0          0          0       2350   stm32f4xx_it.o
      3324        218         81         16          0      13879   stm32f4xx_rcc.o
     12780        628         81          0          0      31504   stm32f4xx_tim.o
      3620        116         83          0          0      10384   stm32f4xx_usart.o
       528         46          0         20          0       2275   system_stm32f4xx.o
       624         44          0         12          0       2272   user_task.o

    ----------------------------------------------------------------------
     48644       2452       2112        264       6336     474454   Object Totals
         0          0         32          0          0          0   (incl. Generated)
         0          0         17          8          4          0   (incl. Padding)

    ----------------------------------------------------------------------

      Code (inc. data)   RO Data    RW Data    ZI Data      Debug   Library Member Name

         0          0          0          0          0          0   entry.o
         0          0          0          0          0          0   entry10a.o
         0          0          0          0          0          0   entry11a.o
         8          4          0          0          0          0   entry2.o
         4          0          0          0          0          0   entry5.o
         0          0          0          0          0          0   entry7b.o
         0          0          0          0          0          0   entry8b.o
         8          4          0          0          0          0   entry9a.o
        30          0          0          0          0          0   handlers.o
        36          8          0          0          0         68   init.o
         0          0          0          0          0          0   iusefp.o
        30          0          0          0          0         68   llshl.o
        36          0          0          0          0         68   llsshr.o
        32          0          0          0          0         68   llushr.o
        36          0          0          0          0         68   memcpya.o
        48          0          0          0          0         68   cdcmple.o
        48          0          0          0          0         68   cdrcmple.o
        56          0          0          0          0         88   d2f.o
       334          0          0          0          0        148   dadd.o
       186          0          0          0          0        176   depilogue.o
        34          0          0          0          0         76   dflti.o
       228          0          0          0          0         96   dmul.o
       110          0          0          0          0        168   fepilogue.o

    ----------------------------------------------------------------------
      1268         16          0          0          0       1228   Library Totals
         4          0          0          0          0          0   (incl. Padding)

    ----------------------------------------------------------------------

      Code (inc. data)   RO Data    RW Data    ZI Data      Debug   Library Name

       220         16          0          0          0        340   mc_w.l
      1044          0          0          0          0        888   mf_w.l

    ----------------------------------------------------------------------
      1268         16          0          0          0       1228   Library Totals

    ----------------------------------------------------------------------

==============================================================================


      Code (inc. data)   RO Data    RW Data    ZI Data      Debug   

     49912       2468       2112        264       6336     470314   Grand Totals
     49912       2468       2112        264       6336     470314   ELF Image Totals
     49912       2468       2112        264          0          0   ROM Totals

==============================================================================

    Total RO  Size (Code + RO Data)                52024 (  50.80kB)
    Total RW  Size (RW Data + ZI Data)              6600 (   6.45kB)
    Total ROM Size (Code + RO Data + RW Data)      52288 (  51.06kB)

==============================================================================

