Component: ARM Compiler 5.06 update 6 (build 750) Tool: armlink [4d35ed]

==============================================================================

Section Cross References

    main.o(.text) refers to drv_bsp.o(.text) for All_Init
    main.o(.text) refers to ano_scheduler.o(.text) for Scheduler_Setup
    ano_scheduler.o(.text) refers to drv_openmv.o(.text) for OpenMV_Offline_Check
    ano_scheduler.o(.text) refers to drv_tfmini_plus.o(.text) for TFmini_Offline_Check
    ano_scheduler.o(.text) refers to user_task.o(.text) for UserTask_OneKeyCmd
    ano_scheduler.o(.text) refers to dflti.o(.text) for __aeabi_i2d
    ano_scheduler.o(.text) refers to dmul.o(.text) for __aeabi_dmul
    ano_scheduler.o(.text) refers to dadd.o(.text) for __aeabi_dadd
    ano_scheduler.o(.text) refers to dfixi.o(.text) for __aeabi_d2iz
    ano_scheduler.o(.text) refers to memcpya.o(.text) for __aeabi_memcpy4
    ano_scheduler.o(.text) refers to ano_scheduler.o(.bss) for user_flag
    ano_scheduler.o(.text) refers to ano_scheduler.o(.data) for dis_dx
    ano_scheduler.o(.text) refers to drv_anoof.o(.bss) for ano_of
    ano_scheduler.o(.text) refers to ano_dt_lx.o(.bss) for dt
    ano_scheduler.o(.text) refers to drv_tfmini_plus.o(.data) for tfmini
    ano_scheduler.o(.text) refers to drv_openmv.o(.bss) for opmv
    ano_scheduler.o(.text) refers to drv_hwt101ct.o(.data) for hwt101ct
    ano_scheduler.o(.text) refers to drv_uart.o(.text) for DrvUart1SendBuf
    ano_scheduler.o(.text) refers to drv_sys.o(.text) for GetSysRunTimeMs
    ano_scheduler.o(.text) refers to ano_lx.o(.bss) for rt_tar
    ano_scheduler.o(.data) refers to ano_scheduler.o(.text) for Loop_1000Hz
    user_task.o(.text) refers to drv_bsp.o(.bss) for rc_in
    user_task.o(.text) refers to user_task.o(.data) for one_key_takeoff_f
    user_task.o(.text) refers to ano_scheduler.o(.bss) for user_flag
    user_task.o(.text) refers to ano_lx.o(.bss) for rt_tar
    user_task.o(.text) refers to drv_tfmini_plus.o(.data) for tfmini
    user_task.o(.text) refers to drv_hwt101ct.o(.data) for hwt101ct
    user_task.o(.text) refers to dflti.o(.text) for __aeabi_i2d
    user_task.o(.text) refers to dmul.o(.text) for __aeabi_dmul
    user_task.o(.text) refers to ano_math.o(.text) for my_cos
    user_task.o(.text) refers to dfixi.o(.text) for __aeabi_d2iz
    user_task.o(.text) refers to drv_openmv.o(.bss) for opmv
    user_task.o(.text) refers to ano_dt_lx.o(.bss) for dt
    ano_dt_lx.o(.text) refers to drv_uart.o(.text) for DrvUart5SendBuf
    ano_dt_lx.o(.text) refers to ano_dt_lx.o(.bss) for dt
    ano_dt_lx.o(.text) refers to ano_lx.o(.bss) for pwm_to_esc
    ano_dt_lx.o(.text) refers to drv_led.o(.data) for led
    ano_dt_lx.o(.text) refers to lx_fc_state.o(.bss) for fc_sta
    ano_dt_lx.o(.text) refers to ano_scheduler.o(.data) for user_eula
    ano_dt_lx.o(.text) refers to ano_dt_lx.o(.data) for rxstate
    ano_dt_lx.o(.text) refers to ano_lx.o(.data) for fc_bat
    ano_dt_lx.o(.text) refers to lx_fc_ext_sensor.o(.bss) for ext_sens
    ano_dt_lx.o(.text) refers to drv_bsp.o(.bss) for rc_in
    ano_dt_lx.o(.text) refers to drv_anoof.o(.bss) for ano_of
    ano_dt_lx.o(.text) refers to drv_openmv.o(.bss) for opmv
    ano_dt_lx.o(.text) refers to drv_tfmini_plus.o(.data) for tfmini
    ano_dt_lx.o(.text) refers to user_task.o(.data) for out_speed_y
    ano_lx.o(.text) refers to lx_fc_fun.o(.text) for LX_Change_Mode
    ano_lx.o(.text) refers to ano_math.o(.text) for my_deadzone
    ano_lx.o(.text) refers to drv_pwmout.o(.text) for DrvMotorPWMSet
    ano_lx.o(.text) refers to drv_adc.o(.text) for Drv_AdcGetBatVot
    ano_lx.o(.text) refers to drv_bsp.o(.bss) for rc_in
    ano_lx.o(.text) refers to ano_lx.o(.data) for mod_f
    ano_lx.o(.text) refers to lx_fc_state.o(.data) for sti_fun
    ano_lx.o(.text) refers to ano_lx.o(.bss) for rt_tar
    ano_lx.o(.text) refers to ano_dt_lx.o(.bss) for dt
    ano_lx.o(.text) refers to lx_fc_state.o(.bss) for fc_sta
    ano_lx.o(.text) refers to drv_bsp.o(.text) for DrvRcInputTask
    ano_lx.o(.text) refers to lx_fc_state.o(.text) for LX_FC_State_Task
    ano_lx.o(.text) refers to drv_anoof.o(.text) for AnoOF_Check_State
    ano_lx.o(.text) refers to drv_uart.o(.text) for DrvUartDataCheck
    ano_lx.o(.text) refers to lx_fc_ext_sensor.o(.text) for LX_FC_EXT_Sensor_Task
    ano_lx.o(.text) refers to ano_dt_lx.o(.text) for ANO_LX_Data_Exchange_Task
    ano_lx.o(.text) refers to drv_led.o(.text) for LED_1ms_DRV
    lx_fc_ext_sensor.o(.text) refers to drv_anoof.o(.bss) for ano_of
    lx_fc_ext_sensor.o(.text) refers to lx_fc_ext_sensor.o(.data) for of_alt_update_cnt
    lx_fc_ext_sensor.o(.text) refers to lx_fc_ext_sensor.o(.bss) for ext_sens
    lx_fc_ext_sensor.o(.text) refers to ano_dt_lx.o(.bss) for dt
    lx_fc_fun.o(.text) refers to ano_dt_lx.o(.text) for CMD_Send
    lx_fc_fun.o(.text) refers to lx_fc_state.o(.bss) for fc_sta
    lx_fc_fun.o(.text) refers to ano_dt_lx.o(.bss) for dt
[...]
    General_Velocity_Data_Handle             0x0800254f   Thumb Code   120  lx_fc_ext_sensor.o(.text)
    .text                                    0x080025e4   Section        0  lx_fc_fun.o(.text)
    .text                                    0x08002904   Section        0  lx_fc_state.o(.text)
    LX_Unlock_Lock_Check                     0x08002905   Thumb Code   438  lx_fc_state.o(.text)
    .text                                    0x08002b88   Section        0  drv_bsp.o(.text)
    rcSignalCheck                            0x08002e97   Thumb Code   168  drv_bsp.o(.text)
    .text                                    0x0800305c   Section        0  ano_math.o(.text)
    .text                                    0x080038d8   Section        0  drv_anoof.o(.text)
    AnoOF_DataAnl                            0x0800398d   Thumb Code   364  drv_anoof.o(.text)
    .text                                    0x08003c18   Section        0  drv_openmv.o(.text)
    OpenMV_Check_Reset                       0x08003c19   Thumb Code    12  drv_openmv.o(.text)
    OpenMV_Data_Analysis                     0x08003c25   Thumb Code   360  drv_openmv.o(.text)
    .text                                    0x08003ebc   Section        0  drv_tfmini_plus.o(.text)
    TFMini_Check_Reset                       0x08003ebd   Thumb Code    12  drv_tfmini_plus.o(.text)
    TFMini_Data_Analysis                     0x08003ec9   Thumb Code    52  drv_tfmini_plus.o(.text)
    .text                                    0x08003fbc   Section        0  drv_hwt101ct.o(.text)
    HWT101CT_Check_Reset                     0x08003fbd   Thumb Code    12  drv_hwt101ct.o(.text)
    HWT101CT_Data_Analysis                   0x08003fc9   Thumb Code    80  drv_hwt101ct.o(.text)
    .text                                    0x080040b4   Section        0  stm32f4xx_it.o(.text)
    .text                                    0x08004130   Section        0  drv_sys.o(.text)
    .text                                    0x08004238   Section        0  drv_adc.o(.text)
    initAdcDMA                               0x08004239   Thumb Code   108  drv_adc.o(.text)
    .text                                    0x080043cc   Section        0  drv_led.o(.text)
    .text                                    0x080044e8   Section        0  drv_pwmout.o(.text)
    .text                                    0x08004864   Section        0  drv_rcin.o(.text)
    .text                                    0x08004a48   Section        0  drv_timer.o(.text)
    .text                                    0x08004ad4   Section        0  drv_uart.o(.text)
    .text                                    0x0800552c   Section        0  drv_gpio.o(.text)
    .text                                    0x08005574   Section       36  startup_stm32f4xx.o(.text)
    $v0                                      0x08005574   Number         0  startup_stm32f4xx.o(.text)
    .text                                    0x08005598   Section        0  system_stm32f4xx.o(.text)
    SetSysClock                              0x08005599   Thumb Code   220  system_stm32f4xx.o(.text)
    .text                                    0x080057a8   Section        0  misc.o(.text)
    .text                                    0x08005968   Section        0  stm32f4xx_adc.o(.text)
    .text                                    0x08006944   Section        0  stm32f4xx_dma.o(.text)
    .text                                    0x08007cac   Section        0  stm32f4xx_exti.o(.text)
    .text                                    0x08007f80   Section        0  stm32f4xx_gpio.o(.text)
    .text                                    0x08008848   Section        0  stm32f4xx_rcc.o(.text)
    .text                                    0x08009544   Section        0  stm32f4xx_tim.o(.text)
    TI4_Config                               0x0800b1bd   Thumb Code    80  stm32f4xx_tim.o(.text)
    TI3_Config                               0x0800b2a1   Thumb Code    72  stm32f4xx_tim.o(.text)
    TI2_Config                               0x0800b35f   Thumb Code    80  stm32f4xx_tim.o(.text)
    TI1_Config                               0x0800b435   Thumb Code    58  stm32f4xx_tim.o(.text)
    .text                                    0x0800c730   Section        0  stm32f4xx_usart.o(.text)
    .text                                    0x0800d554   Section        0  memcpya.o(.text)
    .text                                    0x0800d578   Section        0  dadd.o(.text)
    .text                                    0x0800d6c6   Section        0  dmul.o(.text)
    .text                                    0x0800d7aa   Section        0  dflti.o(.text)
    .text                                    0x0800d7cc   Section        0  dfixi.o(.text)
    .text                                    0x0800d80c   Section       48  cdcmple.o(.text)
    .text                                    0x0800d83c   Section       48  cdrcmple.o(.text)
    .text                                    0x0800d86c   Section        0  d2f.o(.text)
    .text                                    0x0800d8a4   Section        0  llshl.o(.text)
    .text                                    0x0800d8c2   Section        0  llushr.o(.text)
    .text                                    0x0800d8e2   Section        0  llsshr.o(.text)
    .text                                    0x0800d906   Section        0  iusefp.o(.text)
    .text                                    0x0800d906   Section        0  fepilogue.o(.text)
    .text                                    0x0800d974   Section        0  depilogue.o(.text)
    .text                                    0x0800da30   Section       36  init.o(.text)
    .text                                    0x0800da54   Section        0  __dczerorl2.o(.text)
    i.__scatterload_copy                     0x0800daaa   Section       14  handlers.o(i.__scatterload_copy)
    i.__scatterload_null                     0x0800dab8   Section        2  handlers.o(i.__scatterload_null)
    i.__scatterload_zeroinit                 0x0800daba   Section       14  handlers.o(i.__scatterload_zeroinit)
    .constdata                               0x0800dac8   Section     1028  ano_math.o(.constdata)
    .conststring                             0x0800decc   Section       72  misc.o(.conststring)
    .conststring                             0x0800df14   Section       81  stm32f4xx_adc.o(.conststring)
    .conststring                             0x0800df68   Section       81  stm32f4xx_dma.o(.conststring)
    .conststring                             0x0800dfbc   Section       82  stm32f4xx_exti.o(.conststring)
    .conststring                             0x0800e010   Section       82  stm32f4xx_gpio.o(.conststring)
    .conststring                             0x0800e064   Section       81  stm32f4xx_rcc.o(.conststring)
    .conststring                             0x0800e0b8   Section       81  stm32f4xx_tim.o(.conststring)
    .conststring                             0x0800e10c   Section       83  stm32f4xx_usart.o(.conststring)
    .data                                    0x20000000   Section      160  ano_scheduler.o(.data)
    sched_tasks                              0x2000003c   Data          84  ano_scheduler.o(.data)
    dis_dx                                   0x20000090   Data           4  ano_scheduler.o(.data)
    dis_dy                                   0x20000094   Data           4  ano_scheduler.o(.data)
    _dis_x                                   0x20000098   Data           4  ano_scheduler.o(.data)
    _dis_y                                   0x2000009c   Data           4  ano_scheduler.o(.data)
    .data                                    0x200000a0   Section       18  user_task.o(.data)
    one_key_takeoff_f                        0x200000ab   Data           1  user_task.o(.data)
    one_key_land_f                           0x200000ac   Data           1  user_task.o(.data)
    one_key_mission_f                        0x200000ad   Data           1  user_task.o(.data)
    mission_step                             0x200000ae   Data           1  user_task.o(.data)
    mission_task                             0x200000af   Data           1  user_task.o(.data)
    _cnt                                     0x200000b0   Data           2  user_task.o(.data)
    .data                                    0x200000b2   Section        6  ano_dt_lx.o(.data)
    DT_data_cnt                              0x200000b2   Data           1  ano_dt_lx.o(.data)
    repeat_cnt                               0x200000b3   Data           1  ano_dt_lx.o(.data)
    _data_len                                0x200000b4   Data           1  ano_dt_lx.o(.data)
    _data_cnt                                0x200000b5   Data           1  ano_dt_lx.o(.data)
    rxstate                                  0x200000b6   Data           1  ano_dt_lx.o(.data)
    time_dly                                 0x200000b7   Data           1  ano_dt_lx.o(.data)
    .data                                    0x200000b8   Section       18  ano_lx.o(.data)
    fail_safe_change_mod                     0x200000bc   Data           1  ano_lx.o(.data)
    fail_safe_return_home                    0x200000bd   Data           1  ano_lx.o(.data)
    mod_f                                    0x200000be   Data           3  ano_lx.o(.data)
    mod_f_time_cnt                           0x200000c2   Data           2  ano_lx.o(.data)
    esc_calibrated                           0x200000c4   Data           1  ano_lx.o(.data)
    tmp_cnt                                  0x200000c6   Data           4  ano_lx.o(.data)
    .data                                    0x200000ca   Section        4  lx_fc_ext_sensor.o(.data)
    of_update_cnt                            0x200000ca   Data           1  lx_fc_ext_sensor.o(.data)
    of_alt_update_cnt                        0x200000cb   Data           1  lx_fc_ext_sensor.o(.data)
    dT_ms                                    0x200000cc   Data           1  lx_fc_ext_sensor.o(.data)
    of_alt_update_cnt                        0x200000cd   Data           1  lx_fc_ext_sensor.o(.data)
    .data                                    0x200000ce   Section        1  lx_fc_fun.o(.data)
    old_mode                                 0x200000ce   Data           1  lx_fc_fun.o(.data)
    .data                                    0x200000d0   Section        6  lx_fc_state.o(.data)
    time_dly_cnt_ms                          0x200000d2   Data           2  lx_fc_state.o(.data)
    unlock_lock_flag                         0x200000d4   Data           1  lx_fc_state.o(.data)
    cali_f                                   0x200000d5   Data           1  lx_fc_state.o(.data)
    .data                                    0x200000d8   Section       18  drv_bsp.o(.data)
    ch_sta                                   0x200000d8   Data           1  drv_bsp.o(.data)
    sbus_time                                0x200000dc   Data           8  drv_bsp.o(.data)
    cnt                                      0x200000e4   Data           1  drv_bsp.o(.data)
    frame_cnt                                0x200000e5   Data           1  drv_bsp.o(.data)
    cnt_tmp                                  0x200000e6   Data           1  drv_bsp.o(.data)
    time_dly                                 0x200000e8   Data           2  drv_bsp.o(.data)
    .data                                    0x200000ea   Section        3  drv_anoof.o(.data)
    _data_len                                0x200000ea   Data           1  drv_anoof.o(.data)
    _data_cnt                                0x200000eb   Data           1  drv_anoof.o(.data)
    rxstate                                  0x200000ec   Data           1  drv_anoof.o(.data)
    .data                                    0x200000ee   Section        6  drv_openmv.o(.data)
    len                                      0x200000f2   Data           1  drv_openmv.o(.data)
    rec_sta                                  0x200000f3   Data           1  drv_openmv.o(.data)
    .data                                    0x200000f4   Section       11  drv_tfmini_plus.o(.data)
    rec_sta                                  0x200000fe   Data           1  drv_tfmini_plus.o(.data)
    .data                                    0x20000100   Section        9  drv_hwt101ct.o(.data)
    rec_sta                                  0x20000108   Data           1  drv_hwt101ct.o(.data)
    .data                                    0x20000110   Section        8  drv_sys.o(.data)
    SysRunTimeMs                             0x20000110   Data           8  drv_sys.o(.data)
    .data                                    0x20000118   Section       12  drv_led.o(.data)
    led_cnt                                  0x2000011c   Data           8  drv_led.o(.data)
    .data                                    0x20000124   Section        4  drv_rcin.o(.data)
    temp_cnt                                 0x20000124   Data           4  drv_rcin.o(.data)
    .data                                    0x20000128   Section       20  drv_uart.o(.data)
    .data                                    0x2000013c   Section       20  system_stm32f4xx.o(.data)
    .data                                    0x20000150   Section       16  stm32f4xx_rcc.o(.data)
    APBAHBPrescTable                         0x20000150   Data          16  stm32f4xx_rcc.o(.data)
    .bss                                     0x20000160   Section      596  ano_scheduler.o(.bss)
    .bss                                     0x200003b4   Section     1922  ano_dt_lx.o(.bss)
    user_send_buffer                         0x20000a04   Data          50  ano_dt_lx.o(.bss)
    DT_RxBuffer                              0x20000a36   Data         256  ano_dt_lx.o(.bss)
    .bss                                     0x20000b36   Section       46  ano_lx.o(.bss)
    pwm                                      0x20000b54   Data          16  ano_lx.o(.bss)
    .bss                                     0x20000b64   Section       48  lx_fc_ext_sensor.o(.bss)
    .bss                                     0x20000b94   Section       11  lx_fc_state.o(.bss)
    .bss                                     0x20000ba0   Section      107  drv_bsp.o(.bss)
    datatmp                                  0x20000bf2   Data          25  drv_bsp.o(.bss)
    .bss                                     0x20000c0c   Section      124  drv_anoof.o(.bss)
    _datatemp                                0x20000c48   Data          50  drv_anoof.o(.bss)
    check_time_ms                            0x20000c7c   Data          12  drv_anoof.o(.bss)
    .bss                                     0x20000c88   Section       68  drv_openmv.o(.bss)
    .bss                                     0x20000ccc   Section       20  drv_tfmini_plus.o(.bss)
    .bss                                     0x20000ce0   Section       20  drv_hwt101ct.o(.bss)
    .bss                                     0x20000cf4   Section      100  drv_adc.o(.bss)
    .bss                                     0x20000d58   Section     1880  drv_uart.o(.bss)
    STACK                                    0x200014b0   Section     2048  startup_stm32f4xx.o(STACK)

    Global Symbols

    Symbol Name                              Value     Ov Type        Size  Object(Section)

    BuildAttributes$$THM_ISAv4$E$P$D$K$B$S$7EM$VFPi3$EXTD16$VFPS$VFMA$PE$A:L22UL41UL21$X:L11$S22US41US21$IEEE1$IW$USESV6$~STKCKD$USESV7$~SHL$OTIME$ROPI$EBA8$MICROLIB$REQ8$PRES8$EABIv2 0x00000000   Number         0  anon$$obj.o ABSOLUTE
    __ARM_use_no_argv                        0x00000000   Number         0  main.o ABSOLUTE
    __cpp_initialize__aeabi_                  - Undefined Weak Reference
    __cxa_finalize                            - Undefined Weak Reference
    _clock_init                               - Undefined Weak Reference
    _microlib_exit                            - Undefined Weak Reference
    __Vectors_Size                           0x00000188   Number         0  startup_stm32f4xx.o ABSOLUTE
    __Vectors                                0x08000000   Data           4  startup_stm32f4xx.o(RESET)
    __Vectors_End                            0x08000188   Data           0  startup_stm32f4xx.o(RESET)
    __main                                   0x08000189   Thumb Code     0  entry.o(.ARM.Collect$$$$00000000)
    _main_stk                                0x08000189   Thumb Code     0  entry2.o(.ARM.Collect$$$$00000001)
    _main_scatterload                        0x0800018d   Thumb Code     0  entry5.o(.ARM.Collect$$$$00000004)
    __main_after_scatterload                 0x08000191   Thumb Code     0  entry5.o(.ARM.Collect$$$$00000004)
    _main_clock                              0x08000191   Thumb Code     0  entry7b.o(.ARM.Collect$$$$00000008)
    _main_cpp_init                           0x08000191   Thumb Code     0  entry8b.o(.ARM.Collect$$$$0000000A)
    _main_init                               0x08000191   Thumb Code     0  entry9a.o(.ARM.Collect$$$$0000000B)
    __rt_final_cpp                           0x08000199   Thumb Code     0  entry10a.o(.ARM.Collect$$$$0000000D)
    __rt_final_exit                          0x08000199   Thumb Code     0  entry11a.o(.ARM.Collect$$$$0000000F)
    assert_failed                            0x0800019d   Thumb Code     4  main.o(.text)
    main                                     0x080001a1   Thumb Code    16  main.o(.text)
    Init_PID                                 0x08000749   Thumb Code   402  ano_scheduler.o(.text)
    Init_GeneralCtlArg                       0x080008db   Thumb Code   146  ano_scheduler.o(.text)
    Scheduler_Setup                          0x0800096d   Thumb Code    76  ano_scheduler.o(.text)
    Scheduler_Run                            0x080009b9   Thumb Code    76  ano_scheduler.o(.text)
    UserTask_OneKeyCmd                       0x08000a85   Thumb Code   180  user_task.o(.text)
    PID_calculate                            0x08000b39   Thumb Code   284  user_task.o(.text)
    RealTimeSpeedControl                     0x08000c55   Thumb Code    52  user_task.o(.text)
    TFMini_Track                             0x08000c89   Thumb Code   196  user_task.o(.text)
    HWT101CT_TRACK                           0x08000d4d   Thumb Code   392  user_task.o(.text)
    OpenMV_Track                             0x08000ed5   Thumb Code   362  user_task.o(.text)
    OpenMV_Circle_Track                      0x0800103f   Thumb Code   364  user_task.o(.text)
    RealTimeSpeedControlSend                 0x080011ab   Thumb Code    26  user_task.o(.text)
    RealTimeSpeedControl_Angle               0x080011c5   Thumb Code   614  user_task.o(.text)
    UserNormalize                            0x0800142b   Thumb Code    42  user_task.o(.text)
    GeneralPosCtl                            0x08001455   Thumb Code   226  user_task.o(.text)
    ANO_DT_Init                              0x08001541   Thumb Code   226  ano_dt_lx.o(.text)
    CK_Back                                  0x08001633   Thumb Code    12  ano_dt_lx.o(.text)
    PAR_Back                                 0x0800163f   Thumb Code    14  ano_dt_lx.o(.text)
    ANO_DT_LX_Data_Receive_Prepare           0x0800181f   Thumb Code   298  ano_dt_lx.o(.text)
    CMD_Send                                 0x08001e73   Thumb Code    22  ano_dt_lx.o(.text)
    ANO_LX_Data_Exchange_Task                0x08001e89   Thumb Code    86  ano_dt_lx.o(.text)
    User_DT_Send                             0x08001edf   Thumb Code   210  ano_dt_lx.o(.text)
    ANO_LX_Task                              0x08002469   Thumb Code   138  ano_lx.o(.text)
    LX_FC_EXT_Sensor_Task                    0x08002501   Thumb Code    78  lx_fc_ext_sensor.o(.text)
    FC_Unlock                                0x080025e5   Thumb Code    56  lx_fc_fun.o(.text)
    FC_Lock                                  0x0800261d   Thumb Code    56  lx_fc_fun.o(.text)
    LX_Change_Mode                           0x08002655   Thumb Code    80  lx_fc_fun.o(.text)
    OneKey_Return_Home                       0x080026a5   Thumb Code    50  lx_fc_fun.o(.text)
    OneKey_Takeoff                           0x080026d7   Thumb Code    66  lx_fc_fun.o(.text)
    OneKey_Land                              0x08002719   Thumb Code    50  lx_fc_fun.o(.text)
    Horizontal_Move                          0x0800274b   Thumb Code    98  lx_fc_fun.o(.text)
    Horizontal_Calibrate                     0x080027ad   Thumb Code    50  lx_fc_fun.o(.text)
    Mag_Calibrate                            0x080027df   Thumb Code    50  lx_fc_fun.o(.text)
    ACC_Calibrate                            0x08002811   Thumb Code    50  lx_fc_fun.o(.text)
    GYR_Calibrate                            0x08002843   Thumb Code    50  lx_fc_fun.o(.text)
    OneKey_Hold                              0x08002875   Thumb Code    50  lx_fc_fun.o(.text)
    Vertical_Up                              0x080028a7   Thumb Code    82  lx_fc_fun.o(.text)
    LX_Cali_Trig_Check                       0x08002abb   Thumb Code   150  lx_fc_state.o(.text)
    LX_FC_State_Task                         0x08002b51   Thumb Code    26  lx_fc_state.o(.text)
    DrvRcInputInit                           0x08002b89   Thumb Code    16  drv_bsp.o(.text)
    All_Init                                 0x08002b99   Thumb Code   114  drv_bsp.o(.text)
    DrvPpmGetOneCh                           0x08002c0b   Thumb Code    92  drv_bsp.o(.text)
    DrvSbusGetOneByte                        0x08002c67   Thumb Code   560  drv_bsp.o(.text)
    DrvRcInputTask                           0x08002f3f   Thumb Code   272  drv_bsp.o(.text)
    my_abs                                   0x0800305d   Thumb Code    26  ano_math.o(.text)
    fast_atan2                               0x08003077   Thumb Code   350  ano_math.o(.text)
    my_atan                                  0x080031d5   Thumb Code    24  ano_math.o(.text)
    my_sqrt_reciprocal                       0x080031ed   Thumb Code    76  ano_math.o(.text)
    my_sqrt                                  0x08003239   Thumb Code    20  ano_math.o(.text)
    mx_sin                                   0x0800324d   Thumb Code   292  ano_math.o(.text)
    my_sin                                   0x08003371   Thumb Code   108  ano_math.o(.text)
    my_cos                                   0x080033dd   Thumb Code   136  ano_math.o(.text)
    my_deadzone                              0x08003465   Thumb Code   152  ano_math.o(.text)
    my_deadzone_2                            0x080034fd   Thumb Code    48  ano_math.o(.text)
    my_HPF                                   0x0800352d   Thumb Code   346  ano_math.o(.text)
    To_180_degrees_db                        0x08003687   Thumb Code   108  ano_math.o(.text)
    length_limit                             0x080036f3   Thumb Code   140  ano_math.o(.text)
    fifo                                     0x0800377f   Thumb Code    42  ano_math.o(.text)
    rot_vec_2                                0x080037a9   Thumb Code    84  ano_math.o(.text)
    vec_2_cross_product                      0x080037fd   Thumb Code    26  ano_math.o(.text)
    vec_2_dot_product                        0x08003817   Thumb Code    26  ano_math.o(.text)
    vec_3_cross_product_err_sinx             0x08003831   Thumb Code    86  ano_math.o(.text)
    vec_3_dot_product                        0x08003887   Thumb Code    38  ano_math.o(.text)
    AnoOF_Check_State                        0x080038d9   Thumb Code   180  drv_anoof.o(.text)
    AnoOF_GetOneByte                         0x08003af9   Thumb Code   252  drv_anoof.o(.text)
    OpenMV_Byte_Get                          0x08003d8d   Thumb Code   252  drv_openmv.o(.text)
    OpenMV_Offline_Check                     0x08003e89   Thumb Code    30  drv_openmv.o(.text)
    TFMini_Byte_Get                          0x08003efd   Thumb Code   144  drv_tfmini_plus.o(.text)
    TFmini_Offline_Check                     0x08003f8d   Thumb Code    30  drv_tfmini_plus.o(.text)
    HWT101CT_Byte_Get                        0x08004019   Thumb Code   110  drv_hwt101ct.o(.text)
    HWT101CT_Offline_Check                   0x08004087   Thumb Code    30  drv_hwt101ct.o(.text)
    NMI_Handler                              0x080040b5   Thumb Code     2  stm32f4xx_it.o(.text)
    MemManage_Handler                        0x080040b7   Thumb Code     4  stm32f4xx_it.o(.text)
    BusFault_Handler                         0x080040bb   Thumb Code     4  stm32f4xx_it.o(.text)
    UsageFault_Handler                       0x080040bf   Thumb Code     4  stm32f4xx_it.o(.text)
    SVC_Handler                              0x080040c3   Thumb Code     2  stm32f4xx_it.o(.text)
    DebugMon_Handler                         0x080040c5   Thumb Code     2  stm32f4xx_it.o(.text)
    EXTI9_5_IRQHandler                       0x080040c7   Thumb Code    18  stm32f4xx_it.o(.text)
    TIM3_IRQHandler                          0x080040d9   Thumb Code     8  stm32f4xx_it.o(.text)
    TIM4_IRQHandler                          0x080040e1   Thumb Code     2  stm32f4xx_it.o(.text)
    TIM7_IRQHandler                          0x080040e3   Thumb Code    26  stm32f4xx_it.o(.text)
    USART1_IRQHandler                        0x080040fd   Thumb Code     8  stm32f4xx_it.o(.text)
    USART2_IRQHandler                        0x08004105   Thumb Code     8  stm32f4xx_it.o(.text)
    USART3_IRQHandler                        0x0800410d   Thumb Code     8  stm32f4xx_it.o(.text)
    UART4_IRQHandler                         0x08004115   Thumb Code     8  stm32f4xx_it.o(.text)
    UART5_IRQHandler                         0x0800411d   Thumb Code     8  stm32f4xx_it.o(.text)
    USART6_IRQHandler                        0x08004125   Thumb Code     8  stm32f4xx_it.o(.text)
    SysTick_Init                             0x08004131   Thumb Code   100  drv_sys.o(.text)
    SysTick_Handler                          0x08004195   Thumb Code    20  drv_sys.o(.text)
    GetSysRunTimeMs                          0x080041a9   Thumb Code     6  drv_sys.o(.text)
    GetSysRunTimeUs                          0x080041af   Thumb Code    62  drv_sys.o(.text)
    MyDelayUs                                0x080041ed   Thumb Code    24  drv_sys.o(.text)
    MyDelayMs                                0x08004205   Thumb Code    24  drv_sys.o(.text)
    DrvSysInit                               0x0800421d   Thumb Code    16  drv_sys.o(.text)
    DrvAdcInit                               0x080042a5   Thumb Code   168  drv_adc.o(.text)
    Drv_AdcGetBatVot                         0x0800434d   Thumb Code    92  drv_adc.o(.text)
    DvrLedInit                               0x080043cd   Thumb Code   112  drv_led.o(.text)
    LED_On_Off                               0x0800443d   Thumb Code    82  drv_led.o(.text)
    LED_1ms_DRV                              0x0800448f   Thumb Code    78  drv_led.o(.text)
    DrvPwmOutInit                            0x080044e9   Thumb Code   742  drv_pwmout.o(.text)
    DrvMotorPWMSet                           0x080047cf   Thumb Code   112  drv_pwmout.o(.text)
    DrvRcPpmInit                             0x08004865   Thumb Code   176  drv_rcin.o(.text)
    PPM_IRQH                                 0x08004915   Thumb Code    82  drv_rcin.o(.text)
    DrvRcSbusInit                            0x08004967   Thumb Code   166  drv_rcin.o(.text)
    Sbus_IRQH                                0x08004a0d   Thumb Code    40  drv_rcin.o(.text)
    TIM_CONF                                 0x08004a49   Thumb Code    80  drv_timer.o(.text)
    TIM_NVIC                                 0x08004a99   Thumb Code    32  drv_timer.o(.text)
    DrvTimerFcInit                           0x08004ab9   Thumb Code    24  drv_timer.o(.text)
    NoUse                                    0x08004ad5   Thumb Code     2  drv_uart.o(.text)
    DrvUart1Init                             0x08004ad7   Thumb Code   246  drv_uart.o(.text)
    DrvUart1SendBuf                          0x08004bcd   Thumb Code    60  drv_uart.o(.text)
    drvU1GetByte                             0x08004c09   Thumb Code    32  drv_uart.o(.text)
    drvU1DataCheck                           0x08004c29   Thumb Code    52  drv_uart.o(.text)
    Usart1_IRQ                               0x08004c5d   Thumb Code   110  drv_uart.o(.text)
    DrvUart2Init                             0x08004ccb   Thumb Code   234  drv_uart.o(.text)
    DrvUart2SendBuf                          0x08004db5   Thumb Code    62  drv_uart.o(.text)
    drvU2GetByte                             0x08004df3   Thumb Code    32  drv_uart.o(.text)
    drvU2DataCheck                           0x08004e13   Thumb Code    52  drv_uart.o(.text)
    Usart2_IRQ                               0x08004e47   Thumb Code   120  drv_uart.o(.text)
    DrvUart3Init                             0x08004ebf   Thumb Code   312  drv_uart.o(.text)
    DrvUart3SendBuf                          0x08004ff7   Thumb Code    62  drv_uart.o(.text)
    drvU3GetByte                             0x08005035   Thumb Code    34  drv_uart.o(.text)
    drvU3DataCheck                           0x08005057   Thumb Code    54  drv_uart.o(.text)
    Usart3_IRQ                               0x0800508d   Thumb Code   120  drv_uart.o(.text)
    DrvUart4Init                             0x08005105   Thumb Code   200  drv_uart.o(.text)
    DrvUart4SendBuf                          0x080051cd   Thumb Code    62  drv_uart.o(.text)
    drvU4GetByte                             0x0800520b   Thumb Code    32  drv_uart.o(.text)
    drvU4DataCheck                           0x0800522b   Thumb Code    52  drv_uart.o(.text)
    Uart4_IRQ                                0x0800525f   Thumb Code   120  drv_uart.o(.text)
    DrvUart5Init                             0x080052d7   Thumb Code   288  drv_uart.o(.text)
    DrvUart5SendBuf                          0x080053f7   Thumb Code    60  drv_uart.o(.text)
    drvU5GetByte                             0x08005433   Thumb Code    32  drv_uart.o(.text)
    drvU5DataCheck                           0x08005453   Thumb Code    52  drv_uart.o(.text)
    Uart5_IRQ                                0x08005487   Thumb Code   110  drv_uart.o(.text)
    DrvUartDataCheck                         0x080054f5   Thumb Code    24  drv_uart.o(.text)
    Drv_GPIO_Init                            0x0800552d   Thumb Code    68  drv_gpio.o(.text)
    Reset_Handler                            0x08005575   Thumb Code     8  startup_stm32f4xx.o(.text)
    HardFault_Handler                        0x0800557f   Thumb Code     2  startup_stm32f4xx.o(.text)
    PendSV_Handler                           0x0800558b   Thumb Code     2  startup_stm32f4xx.o(.text)
    ADC_IRQHandler                           0x0800558f   Thumb Code     0  startup_stm32f4xx.o(.text)
    CAN1_RX0_IRQHandler                      0x0800558f   Thumb Code     0  startup_stm32f4xx.o(.text)
    CAN1_RX1_IRQHandler                      0x0800558f   Thumb Code     0  startup_stm32f4xx.o(.text)
    CAN1_SCE_IRQHandler                      0x0800558f   Thumb Code     0  startup_stm32f4xx.o(.text)
    CAN1_TX_IRQHandler                       0x0800558f   Thumb Code     0  startup_stm32f4xx.o(.text)
    CAN2_RX0_IRQHandler                      0x0800558f   Thumb Code     0  startup_stm32f4xx.o(.text)
    CAN2_RX1_IRQHandler                      0x0800558f   Thumb Code     0  startup_stm32f4xx.o(.text)
    CAN2_SCE_IRQHandler                      0x0800558f   Thumb Code     0  startup_stm32f4xx.o(.text)
    CAN2_TX_IRQHandler                       0x0800558f   Thumb Code     0  startup_stm32f4xx.o(.text)
    CRYP_IRQHandler                          0x0800558f   Thumb Code     0  startup_stm32f4xx.o(.text)
    DCMI_IRQHandler                          0x0800558f   Thumb Code     0  startup_stm32f4xx.o(.text)
    DMA1_Stream0_IRQHandler                  0x0800558f   Thumb Code     0  startup_stm32f4xx.o(.text)
    DMA1_Stream1_IRQHandler                  0x0800558f   Thumb Code     0  startup_stm32f4xx.o(.text)
    DMA1_Stream2_IRQHandler                  0x0800558f   Thumb Code     0  startup_stm32f4xx.o(.text)
    DMA1_Stream3_IRQHandler                  0x0800558f   Thumb Code     0  startup_stm32f4xx.o(.text)
    DMA1_Stream4_IRQHandler                  0x0800558f   Thumb Code     0  startup_stm32f4xx.o(.text)
    DMA1_Stream5_IRQHandler                  0x0800558f   Thumb Code     0  startup_stm32f4xx.o(.text)
    DMA1_Stream6_IRQHandler                  0x0800558f   Thumb Code     0  startup_stm32f4xx.o(.text)
    DMA1_Stream7_IRQHandler                  0x0800558f   Thumb Code     0  startup_stm32f4xx.o(.text)
    DMA2_Stream0_IRQHandler                  0x0800558f   Thumb Code     0  startup_stm32f4xx.o(.text)
    DMA2_Stream1_IRQHandler                  0x0800558f   Thumb Code     0  startup_stm32f4xx.o(.text)
    DMA2_Stream2_IRQHandler                  0x0800558f   Thumb Code     0  startup_stm32f4xx.o(.text)
    DMA2_Stream3_IRQHandler                  0x0800558f   Thumb Code     0  startup_stm32f4xx.o(.text)
    DMA2_Stream4_IRQHandler                  0x0800558f   Thumb Code     0  startup_stm32f4xx.o(.text)
    DMA2_Stream5_IRQHandler                  0x0800558f   Thumb Code     0  startup_stm32f4xx.o(.text)
    DMA2_Stream6_IRQHandler                  0x0800558f   Thumb Code     0  startup_stm32f4xx.o(.text)
    DMA2_Stream7_IRQHandler                  0x0800558f   Thumb Code     0  startup_stm32f4xx.o(.text)
    ETH_IRQHandler                           0x0800558f   Thumb Code     0  startup_stm32f4xx.o(.text)
    ETH_WKUP_IRQHandler                      0x0800558f   Thumb Code     0  startup_stm32f4xx.o(.text)
    EXTI0_IRQHandler                         0x0800558f   Thumb Code     0  startup_stm32f4xx.o(.text)
    EXTI15_10_IRQHandler                     0x0800558f   Thumb Code     0  startup_stm32f4xx.o(.text)
    EXTI1_IRQHandler                         0x0800558f   Thumb Code     0  startup_stm32f4xx.o(.text)
    EXTI2_IRQHandler                         0x0800558f   Thumb Code     0  startup_stm32f4xx.o(.text)
    EXTI3_IRQHandler                         0x0800558f   Thumb Code     0  startup_stm32f4xx.o(.text)
    EXTI4_IRQHandler                         0x0800558f   Thumb Code     0  startup_stm32f4xx.o(.text)
    FLASH_IRQHandler                         0x0800558f   Thumb Code     0  startup_stm32f4xx.o(.text)
    FPU_IRQHandler                           0x0800558f   Thumb Code     0  startup_stm32f4xx.o(.text)
    FSMC_IRQHandler                          0x0800558f   Thumb Code     0  startup_stm32f4xx.o(.text)
    HASH_RNG_IRQHandler                      0x0800558f   Thumb Code     0  startup_stm32f4xx.o(.text)
    I2C1_ER_IRQHandler                       0x0800558f   Thumb Code     0  startup_stm32f4xx.o(.text)
    I2C1_EV_IRQHandler                       0x0800558f   Thumb Code     0  startup_stm32f4xx.o(.text)
    I2C2_ER_IRQHandler                       0x0800558f   Thumb Code     0  startup_stm32f4xx.o(.text)
    I2C2_EV_IRQHandler                       0x0800558f   Thumb Code     0  startup_stm32f4xx.o(.text)
    I2C3_ER_IRQHandler                       0x0800558f   Thumb Code     0  startup_stm32f4xx.o(.text)
    I2C3_EV_IRQHandler                       0x0800558f   Thumb Code     0  startup_stm32f4xx.o(.text)
    OTG_FS_IRQHandler                        0x0800558f   Thumb Code     0  startup_stm32f4xx.o(.text)
    OTG_FS_WKUP_IRQHandler                   0x0800558f   Thumb Code     0  startup_stm32f4xx.o(.text)
    OTG_HS_EP1_IN_IRQHandler                 0x0800558f   Thumb Code     0  startup_stm32f4xx.o(.text)
    OTG_HS_EP1_OUT_IRQHandler                0x0800558f   Thumb Code     0  startup_stm32f4xx.o(.text)
    OTG_HS_IRQHandler                        0x0800558f   Thumb Code     0  startup_stm32f4xx.o(.text)
    OTG_HS_WKUP_IRQHandler                   0x0800558f   Thumb Code     0  startup_stm32f4xx.o(.text)
    PVD_IRQHandler                           0x0800558f   Thumb Code     0  startup_stm32f4xx.o(.text)
    RCC_IRQHandler                           0x0800558f   Thumb Code     0  startup_stm32f4xx.o(.text)
    RTC_Alarm_IRQHandler                     0x0800558f   Thumb Code     0  startup_stm32f4xx.o(.text)
    RTC_WKUP_IRQHandler                      0x0800558f   Thumb Code     0  startup_stm32f4xx.o(.text)
    SDIO_IRQHandler                          0x0800558f   Thumb Code     0  startup_stm32f4xx.o(.text)
    SPI1_IRQHandler                          0x0800558f   Thumb Code     0  startup_stm32f4xx.o(.text)
    SPI2_IRQHandler                          0x0800558f   Thumb Code     0  startup_stm32f4xx.o(.text)
    SPI3_IRQHandler                          0x0800558f   Thumb Code     0  startup_stm32f4xx.o(.text)
    TAMP_STAMP_IRQHandler                    0x0800558f   Thumb Code     0  startup_stm32f4xx.o(.text)
    TIM1_BRK_TIM9_IRQHandler                 0x0800558f   Thumb Code     0  startup_stm32f4xx.o(.text)
    TIM1_CC_IRQHandler                       0x0800558f   Thumb Code     0  startup_stm32f4xx.o(.text)
    TIM1_TRG_COM_TIM11_IRQHandler            0x0800558f   Thumb Code     0  startup_stm32f4xx.o(.text)
    TIM1_UP_TIM10_IRQHandler                 0x0800558f   Thumb Code     0  startup_stm32f4xx.o(.text)
    TIM2_IRQHandler                          0x0800558f   Thumb Code     0  startup_stm32f4xx.o(.text)
    TIM5_IRQHandler                          0x0800558f   Thumb Code     0  startup_stm32f4xx.o(.text)
    TIM6_DAC_IRQHandler                      0x0800558f   Thumb Code     0  startup_stm32f4xx.o(.text)
    TIM8_BRK_TIM12_IRQHandler                0x0800558f   Thumb Code     0  startup_stm32f4xx.o(.text)
    TIM8_CC_IRQHandler                       0x0800558f   Thumb Code     0  startup_stm32f4xx.o(.text)
    TIM8_TRG_COM_TIM14_IRQHandler            0x0800558f   Thumb Code     0  startup_stm32f4xx.o(.text)
    TIM8_UP_TIM13_IRQHandler                 0x0800558f   Thumb Code     0  startup_stm32f4xx.o(.text)
    WWDG_IRQHandler                          0x0800558f   Thumb Code     0  startup_stm32f4xx.o(.text)
    SystemInit                               0x08005675   Thumb Code    88  system_stm32f4xx.o(.text)
    SystemCoreClockUpdate                    0x080056cd   Thumb Code   174  system_stm32f4xx.o(.text)
    NVIC_PriorityGroupConfig                 0x080057a9   Thumb Code    54  misc.o(.text)
    NVIC_Init                                0x080057df   Thumb Code   164  misc.o(.text)
    NVIC_SetVectorTable                      0x08005883   Thumb Code    60  misc.o(.text)
    NVIC_SystemLPConfig                      0x080058bf   Thumb Code    78  misc.o(.text)
    SysTick_CLKSourceConfig                  0x0800590d   Thumb Code    62  misc.o(.text)
    ADC_DeInit                               0x08005969   Thumb Code    22  stm32f4xx_adc.o(.text)
    ADC_Init                                 0x0800597f   Thumb Code   402  stm32f4xx_adc.o(.text)
    ADC_StructInit                           0x08005b11   Thumb Code    20  stm32f4xx_adc.o(.text)
    ADC_CommonInit                           0x08005b25   Thumb Code   342  stm32f4xx_adc.o(.text)
    ADC_CommonStructInit                     0x08005c7b   Thumb Code    12  stm32f4xx_adc.o(.text)
    ADC_Cmd                                  0x08005c87   Thumb Code    76  stm32f4xx_adc.o(.text)
    ADC_AnalogWatchdogCmd                    0x08005cd3   Thumb Code   102  stm32f4xx_adc.o(.text)
    ADC_AnalogWatchdogThresholdsConfig       0x08005d39   Thumb Code   126  stm32f4xx_adc.o(.text)
    ADC_AnalogWatchdogSingleChannelConfig    0x08005db7   Thumb Code   136  stm32f4xx_adc.o(.text)
    ADC_TempSensorVrefintCmd                 0x08005e3f   Thumb Code    56  stm32f4xx_adc.o(.text)
    ADC_VBATCmd                              0x08005e77   Thumb Code    56  stm32f4xx_adc.o(.text)
    ADC_RegularChannelConfig                 0x08005eaf   Thumb Code   408  stm32f4xx_adc.o(.text)
    ADC_SoftwareStartConv                    0x08006047   Thumb Code    44  stm32f4xx_adc.o(.text)
    ADC_GetSoftwareStartConvStatus           0x08006073   Thumb Code    54  stm32f4xx_adc.o(.text)
    ADC_EOCOnEachRegularChannelCmd           0x080060a9   Thumb Code    76  stm32f4xx_adc.o(.text)
    ADC_ContinuousModeCmd                    0x080060f5   Thumb Code    76  stm32f4xx_adc.o(.text)
    ADC_DiscModeChannelCountConfig           0x08006141   Thumb Code   100  stm32f4xx_adc.o(.text)
    ADC_DiscModeCmd                          0x080061a5   Thumb Code    76  stm32f4xx_adc.o(.text)
    ADC_GetConversionValue                   0x080061f1   Thumb Code    40  stm32f4xx_adc.o(.text)
    ADC_GetMultiModeConversionValue          0x08006219   Thumb Code     6  stm32f4xx_adc.o(.text)
    ADC_DMACmd                               0x0800621f   Thumb Code    76  stm32f4xx_adc.o(.text)
    ADC_DMARequestAfterLastTransferCmd       0x0800626b   Thumb Code    76  stm32f4xx_adc.o(.text)
    ADC_MultiModeDMARequestAfterLastTransferCmd 0x080062b7   Thumb Code    60  stm32f4xx_adc.o(.text)
    ADC_InjectedChannelConfig                0x080062f3   Thumb Code   332  stm32f4xx_adc.o(.text)
    ADC_InjectedSequencerLengthConfig        0x0800643f   Thumb Code    80  stm32f4xx_adc.o(.text)
    ADC_SetInjectedOffset                    0x0800648f   Thumb Code   102  stm32f4xx_adc.o(.text)
    ADC_ExternalTrigInjectedConvConfig       0x080064f5   Thumb Code   176  stm32f4xx_adc.o(.text)
    ADC_ExternalTrigInjectedConvEdgeConfig   0x080065a5   Thumb Code    82  stm32f4xx_adc.o(.text)
    ADC_SoftwareStartInjectedConv            0x080065f7   Thumb Code    44  stm32f4xx_adc.o(.text)
    ADC_GetSoftwareStartInjectedConvCmdStatus 0x08006623   Thumb Code    54  stm32f4xx_adc.o(.text)
    ADC_AutoInjectedConvCmd                  0x08006659   Thumb Code    76  stm32f4xx_adc.o(.text)
    ADC_InjectedDiscModeCmd                  0x080066a5   Thumb Code    76  stm32f4xx_adc.o(.text)
    ADC_GetInjectedConversionValue           0x080066f1   Thumb Code    88  stm32f4xx_adc.o(.text)
    ADC_ITConfig                             0x08006749   Thumb Code   130  stm32f4xx_adc.o(.text)
    ADC_GetFlagStatus                        0x080067cb   Thumb Code    90  stm32f4xx_adc.o(.text)
    ADC_ClearFlag                            0x08006825   Thumb Code    62  stm32f4xx_adc.o(.text)
    ADC_GetITStatus                          0x08006863   Thumb Code   122  stm32f4xx_adc.o(.text)
    ADC_ClearITPendingBit                    0x080068dd   Thumb Code    88  stm32f4xx_adc.o(.text)
    DMA_DeInit                               0x08006945   Thumb Code   462  stm32f4xx_dma.o(.text)
    DMA_Init                                 0x08006b13   Thumb Code   684  stm32f4xx_dma.o(.text)
    DMA_StructInit                           0x08006dbf   Thumb Code    34  stm32f4xx_dma.o(.text)
    DMA_Cmd                                  0x08006de1   Thumb Code   182  stm32f4xx_dma.o(.text)
    DMA_PeriphIncOffsetSizeConfig            0x08006e97   Thumb Code   184  stm32f4xx_dma.o(.text)
    DMA_FlowControllerConfig                 0x08006f4f   Thumb Code   182  stm32f4xx_dma.o(.text)
    DMA_SetCurrDataCounter                   0x08007005   Thumb Code   146  stm32f4xx_dma.o(.text)
    DMA_GetCurrDataCounter                   0x08007097   Thumb Code   146  stm32f4xx_dma.o(.text)
    DMA_DoubleBufferModeConfig               0x08007129   Thumb Code   204  stm32f4xx_dma.o(.text)
    DMA_DoubleBufferModeCmd                  0x080071f5   Thumb Code   182  stm32f4xx_dma.o(.text)
    DMA_MemoryTargetConfig                   0x080072ab   Thumb Code   174  stm32f4xx_dma.o(.text)
    DMA_GetCurrentMemoryTarget               0x08007359   Thumb Code   160  stm32f4xx_dma.o(.text)
    DMA_GetCmdStatus                         0x080073f9   Thumb Code   160  stm32f4xx_dma.o(.text)
    DMA_GetFIFOStatus                        0x08007499   Thumb Code   152  stm32f4xx_dma.o(.text)
    DMA_GetFlagStatus                        0x08007531   Thumb Code   486  stm32f4xx_dma.o(.text)
    DMA_ClearFlag                            0x08007717   Thumb Code   216  stm32f4xx_dma.o(.text)
    DMA_ITConfig                             0x080077ef   Thumb Code   238  stm32f4xx_dma.o(.text)
    DMA_GetITStatus                          0x080078dd   Thumb Code   590  stm32f4xx_dma.o(.text)
    DMA_ClearITPendingBit                    0x08007b2b   Thumb Code   216  stm32f4xx_dma.o(.text)
    EXTI_DeInit                              0x08007cad   Thumb Code    28  stm32f4xx_exti.o(.text)
    EXTI_Init                                0x08007cc9   Thumb Code   236  stm32f4xx_exti.o(.text)
    EXTI_StructInit                          0x08007db5   Thumb Code    16  stm32f4xx_exti.o(.text)
    EXTI_GenerateSWInterrupt                 0x08007dc5   Thumb Code    38  stm32f4xx_exti.o(.text)
    EXTI_GetFlagStatus                       0x08007deb   Thumb Code   158  stm32f4xx_exti.o(.text)
    EXTI_ClearFlag                           0x08007e89   Thumb Code    30  stm32f4xx_exti.o(.text)
    EXTI_GetITStatus                         0x08007ea7   Thumb Code   172  stm32f4xx_exti.o(.text)
    EXTI_ClearITPendingBit                   0x08007f53   Thumb Code    32  stm32f4xx_exti.o(.text)
    GPIO_DeInit                              0x08007f81   Thumb Code   284  stm32f4xx_gpio.o(.text)
    GPIO_Init                                0x0800809d   Thumb Code   342  stm32f4xx_gpio.o(.text)
    GPIO_StructInit                          0x080081f3   Thumb Code    18  stm32f4xx_gpio.o(.text)
    GPIO_PinLockConfig                       0x08008205   Thumb Code   122  stm32f4xx_gpio.o(.text)
    GPIO_ReadInputDataBit                    0x0800827f   Thumb Code   182  stm32f4xx_gpio.o(.text)
    GPIO_ReadInputData                       0x08008335   Thumb Code   116  stm32f4xx_gpio.o(.text)
    GPIO_ReadOutputDataBit                   0x080083a9   Thumb Code   182  stm32f4xx_gpio.o(.text)
    GPIO_ReadOutputData                      0x0800845f   Thumb Code    76  stm32f4xx_gpio.o(.text)
    GPIO_SetBits                             0x080084ab   Thumb Code    94  stm32f4xx_gpio.o(.text)
    GPIO_ResetBits                           0x08008509   Thumb Code    94  stm32f4xx_gpio.o(.text)
    GPIO_WriteBit                            0x08008567   Thumb Code   194  stm32f4xx_gpio.o(.text)
    GPIO_Write                               0x08008629   Thumb Code    76  stm32f4xx_gpio.o(.text)
    GPIO_ToggleBits                          0x08008675   Thumb Code    80  stm32f4xx_gpio.o(.text)
    GPIO_PinAFConfig                         0x080086c5   Thumb Code   382  stm32f4xx_gpio.o(.text)
    RCC_DeInit                               0x08008849   Thumb Code    60  stm32f4xx_rcc.o(.text)
    RCC_HSEConfig                            0x08008885   Thumb Code    38  stm32f4xx_rcc.o(.text)
    RCC_GetFlagStatus                        0x080088ab   Thumb Code   130  stm32f4xx_rcc.o(.text)
    RCC_WaitForHSEStartUp                    0x0800892d   Thumb Code    56  stm32f4xx_rcc.o(.text)
    RCC_AdjustHSICalibrationValue            0x08008965   Thumb Code    38  stm32f4xx_rcc.o(.text)
    RCC_HSICmd                               0x0800898b   Thumb Code    28  stm32f4xx_rcc.o(.text)
    RCC_LSEConfig                            0x080089a7   Thumb Code    72  stm32f4xx_rcc.o(.text)
    RCC_LSICmd                               0x080089ef   Thumb Code    28  stm32f4xx_rcc.o(.text)
    RCC_PLLConfig                            0x08008a0b   Thumb Code   156  stm32f4xx_rcc.o(.text)
    RCC_PLLCmd                               0x08008aa7   Thumb Code    28  stm32f4xx_rcc.o(.text)
    RCC_PLLI2SConfig                         0x08008ac3   Thumb Code    62  stm32f4xx_rcc.o(.text)
    RCC_PLLI2SCmd                            0x08008b01   Thumb Code    28  stm32f4xx_rcc.o(.text)
    RCC_ClockSecuritySystemCmd               0x08008b1d   Thumb Code    28  stm32f4xx_rcc.o(.text)
    RCC_MCO1Config                           0x08008b39   Thumb Code   102  stm32f4xx_rcc.o(.text)
    RCC_MCO2Config                           0x08008b9f   Thumb Code   102  stm32f4xx_rcc.o(.text)
    RCC_SYSCLKConfig                         0x08008c05   Thumb Code    68  stm32f4xx_rcc.o(.text)
    RCC_GetSYSCLKSource                      0x08008c49   Thumb Code    10  stm32f4xx_rcc.o(.text)
    RCC_HCLKConfig                           0x08008c53   Thumb Code    66  stm32f4xx_rcc.o(.text)
    RCC_PCLK1Config                          0x08008c95   Thumb Code    58  stm32f4xx_rcc.o(.text)
    RCC_PCLK2Config                          0x08008ccf   Thumb Code    60  stm32f4xx_rcc.o(.text)
    RCC_GetClocksFreq                        0x08008d0b   Thumb Code   214  stm32f4xx_rcc.o(.text)
    RCC_RTCCLKConfig                         0x08008de1   Thumb Code   260  stm32f4xx_rcc.o(.text)
    RCC_RTCCLKCmd                            0x08008ee5   Thumb Code    28  stm32f4xx_rcc.o(.text)
    RCC_BackupResetCmd                       0x08008f01   Thumb Code    30  stm32f4xx_rcc.o(.text)
    RCC_I2SCLKConfig                         0x08008f1f   Thumb Code    28  stm32f4xx_rcc.o(.text)
    RCC_AHB1PeriphClockCmd                   0x08008f3b   Thumb Code    78  stm32f4xx_rcc.o(.text)
    RCC_AHB2PeriphClockCmd                   0x08008f89   Thumb Code    78  stm32f4xx_rcc.o(.text)
    RCC_AHB3PeriphClockCmd                   0x08008fd7   Thumb Code   234  stm32f4xx_rcc.o(.text)
    RCC_APB1PeriphClockCmd                   0x080090c1   Thumb Code    70  stm32f4xx_rcc.o(.text)
    RCC_APB2PeriphClockCmd                   0x08009107   Thumb Code    78  stm32f4xx_rcc.o(.text)
    RCC_AHB1PeriphResetCmd                   0x08009155   Thumb Code    78  stm32f4xx_rcc.o(.text)
    RCC_AHB2PeriphResetCmd                   0x080091a3   Thumb Code    78  stm32f4xx_rcc.o(.text)
    RCC_AHB3PeriphResetCmd                   0x080091f1   Thumb Code    78  stm32f4xx_rcc.o(.text)
    RCC_APB1PeriphResetCmd                   0x0800923f   Thumb Code    78  stm32f4xx_rcc.o(.text)
    RCC_APB2PeriphResetCmd                   0x0800928d   Thumb Code    78  stm32f4xx_rcc.o(.text)
    RCC_AHB1PeriphClockLPModeCmd             0x080092db   Thumb Code    78  stm32f4xx_rcc.o(.text)
    RCC_AHB2PeriphClockLPModeCmd             0x08009329   Thumb Code    78  stm32f4xx_rcc.o(.text)
    RCC_AHB3PeriphClockLPModeCmd             0x08009377   Thumb Code    78  stm32f4xx_rcc.o(.text)
    RCC_APB1PeriphClockLPModeCmd             0x080093c5   Thumb Code    78  stm32f4xx_rcc.o(.text)
    RCC_APB2PeriphClockLPModeCmd             0x08009413   Thumb Code    78  stm32f4xx_rcc.o(.text)
    RCC_ITConfig                             0x08009461   Thumb Code   108  stm32f4xx_rcc.o(.text)
    RCC_ClearFlag                            0x080094cd   Thumb Code    14  stm32f4xx_rcc.o(.text)
    RCC_GetITStatus                          0x080094db   Thumb Code    66  stm32f4xx_rcc.o(.text)
    RCC_ClearITPendingBit                    0x0800951d   Thumb Code    32  stm32f4xx_rcc.o(.text)
    TIM_DeInit                               0x08009545   Thumb Code   440  stm32f4xx_tim.o(.text)
    TIM_TimeBaseInit                         0x080096fd   Thumb Code   278  stm32f4xx_tim.o(.text)
    TIM_TimeBaseStructInit                   0x08009813   Thumb Code    18  stm32f4xx_tim.o(.text)
    TIM_PrescalerConfig                      0x08009825   Thumb Code   128  stm32f4xx_tim.o(.text)
    TIM_CounterModeConfig                    0x080098a5   Thumb Code   100  stm32f4xx_tim.o(.text)
    TIM_SetCounter                           0x08009909   Thumb Code   164  stm32f4xx_tim.o(.text)
    TIM_SetAutoreload                        0x080099ad   Thumb Code   106  stm32f4xx_tim.o(.text)
    TIM_GetCounter                           0x08009a17   Thumb Code   104  stm32f4xx_tim.o(.text)
    TIM_GetPrescaler                         0x08009a7f   Thumb Code   104  stm32f4xx_tim.o(.text)
    TIM_UpdateDisableConfig                  0x08009ae7   Thumb Code   144  stm32f4xx_tim.o(.text)
    TIM_UpdateRequestConfig                  0x08009b77   Thumb Code   144  stm32f4xx_tim.o(.text)
    TIM_ARRPreloadConfig                     0x08009c07   Thumb Code   144  stm32f4xx_tim.o(.text)
    TIM_SelectOnePulseMode                   0x08009c97   Thumb Code   138  stm32f4xx_tim.o(.text)
    TIM_SetClockDivision                     0x08009d21   Thumb Code   190  stm32f4xx_tim.o(.text)
    TIM_Cmd                                  0x08009ddf   Thumb Code   144  stm32f4xx_tim.o(.text)
    TIM_OC1Init                              0x08009e6f   Thumb Code   400  stm32f4xx_tim.o(.text)
    TIM_OC2Init                              0x08009fff   Thumb Code   474  stm32f4xx_tim.o(.text)
    TIM_OC3Init                              0x0800a1d9   Thumb Code   400  stm32f4xx_tim.o(.text)
    TIM_OC4Init                              0x0800a369   Thumb Code   290  stm32f4xx_tim.o(.text)
    TIM_OCStructInit                         0x0800a48b   Thumb Code    20  stm32f4xx_tim.o(.text)
    TIM_SelectOCxM                           0x0800a49f   Thumb Code   250  stm32f4xx_tim.o(.text)
    TIM_SetCompare1                          0x0800a599   Thumb Code   144  stm32f4xx_tim.o(.text)
    TIM_SetCompare2                          0x0800a629   Thumb Code    70  stm32f4xx_tim.o(.text)
    TIM_SetCompare3                          0x0800a66f   Thumb Code    58  stm32f4xx_tim.o(.text)
    TIM_SetCompare4                          0x0800a6a9   Thumb Code    58  stm32f4xx_tim.o(.text)
    TIM_ForcedOC1Config                      0x0800a6e3   Thumb Code   126  stm32f4xx_tim.o(.text)
    TIM_ForcedOC2Config                      0x0800a761   Thumb Code   110  stm32f4xx_tim.o(.text)
    TIM_ForcedOC3Config                      0x0800a7cf   Thumb Code    90  stm32f4xx_tim.o(.text)
    TIM_ForcedOC4Config                      0x0800a829   Thumb Code    98  stm32f4xx_tim.o(.text)
    TIM_OC1PreloadConfig                     0x0800a88b   Thumb Code   124  stm32f4xx_tim.o(.text)
    TIM_OC2PreloadConfig                     0x0800a907   Thumb Code   108  stm32f4xx_tim.o(.text)
    TIM_OC3PreloadConfig                     0x0800a973   Thumb Code    88  stm32f4xx_tim.o(.text)
    TIM_OC4PreloadConfig                     0x0800a9cb   Thumb Code   146  stm32f4xx_tim.o(.text)
    TIM_OC1FastConfig                        0x0800aa5d   Thumb Code   124  stm32f4xx_tim.o(.text)
    TIM_OC2FastConfig                        0x0800aad9   Thumb Code   108  stm32f4xx_tim.o(.text)
    TIM_OC3FastConfig                        0x0800ab45   Thumb Code    88  stm32f4xx_tim.o(.text)
    TIM_OC4FastConfig                        0x0800ab9d   Thumb Code    96  stm32f4xx_tim.o(.text)
    TIM_ClearOC1Ref                          0x0800abfd   Thumb Code   124  stm32f4xx_tim.o(.text)
    TIM_ClearOC2Ref                          0x0800ac79   Thumb Code   106  stm32f4xx_tim.o(.text)
    TIM_ClearOC3Ref                          0x0800ace3   Thumb Code    88  stm32f4xx_tim.o(.text)
    TIM_ClearOC4Ref                          0x0800ad3b   Thumb Code    94  stm32f4xx_tim.o(.text)
    TIM_OC1PolarityConfig                    0x0800ad99   Thumb Code   124  stm32f4xx_tim.o(.text)
    TIM_OC1NPolarityConfig                   0x0800ae15   Thumb Code   114  stm32f4xx_tim.o(.text)
    TIM_OC2PolarityConfig                    0x0800ae87   Thumb Code   108  stm32f4xx_tim.o(.text)
    TIM_OC2NPolarityConfig                   0x0800aef3   Thumb Code    72  stm32f4xx_tim.o(.text)
    TIM_OC3PolarityConfig                    0x0800af3b   Thumb Code    96  stm32f4xx_tim.o(.text)
    TIM_OC3NPolarityConfig                   0x0800af9b   Thumb Code    72  stm32f4xx_tim.o(.text)
    TIM_OC4PolarityConfig                    0x0800afe3   Thumb Code    96  stm32f4xx_tim.o(.text)
    TIM_CCxCmd                               0x0800b043   Thumb Code   168  stm32f4xx_tim.o(.text)
    TIM_CCxNCmd                              0x0800b0eb   Thumb Code   104  stm32f4xx_tim.o(.text)
    TIM_SetIC4Prescaler                      0x0800b153   Thumb Code   106  stm32f4xx_tim.o(.text)
    TIM_SetIC3Prescaler                      0x0800b20d   Thumb Code   148  stm32f4xx_tim.o(.text)
    TIM_SetIC2Prescaler                      0x0800b2e9   Thumb Code   118  stm32f4xx_tim.o(.text)
    TIM_SetIC1Prescaler                      0x0800b3af   Thumb Code   134  stm32f4xx_tim.o(.text)
    TIM_ICInit                               0x0800b46f   Thumb Code   460  stm32f4xx_tim.o(.text)
    TIM_ICStructInit                         0x0800b63b   Thumb Code    18  stm32f4xx_tim.o(.text)
    TIM_PWMIConfig                           0x0800b64d   Thumb Code   234  stm32f4xx_tim.o(.text)
    TIM_GetCapture1                          0x0800b737   Thumb Code    92  stm32f4xx_tim.o(.text)
    TIM_GetCapture2                          0x0800b793   Thumb Code    68  stm32f4xx_tim.o(.text)
    TIM_GetCapture3                          0x0800b7d7   Thumb Code    56  stm32f4xx_tim.o(.text)
    TIM_GetCapture4                          0x0800b80f   Thumb Code    56  stm32f4xx_tim.o(.text)
    TIM_BDTRConfig                           0x0800b847   Thumb Code   222  stm32f4xx_tim.o(.text)
    TIM_BDTRStructInit                       0x0800b925   Thumb Code    18  stm32f4xx_tim.o(.text)
    TIM_CtrlPWMOutputs                       0x0800b937   Thumb Code    78  stm32f4xx_tim.o(.text)
    TIM_SelectCOM                            0x0800b985   Thumb Code    72  stm32f4xx_tim.o(.text)
    TIM_CCPreloadControl                     0x0800b9cd   Thumb Code    72  stm32f4xx_tim.o(.text)
    TIM_ITConfig                             0x0800ba15   Thumb Code   216  stm32f4xx_tim.o(.text)
    TIM_GenerateEvent                        0x0800baed   Thumb Code   126  stm32f4xx_tim.o(.text)
    TIM_GetFlagStatus                        0x0800bb6b   Thumb Code   188  stm32f4xx_tim.o(.text)
    TIM_ClearFlag                            0x0800bc27   Thumb Code   108  stm32f4xx_tim.o(.text)
    TIM_GetITStatus                          0x0800bc93   Thumb Code   186  stm32f4xx_tim.o(.text)
    TIM_ClearITPendingBit                    0x0800bd4d   Thumb Code   108  stm32f4xx_tim.o(.text)
    TIM_DMAConfig                            0x0800bdb9   Thumb Code   328  stm32f4xx_tim.o(.text)
    TIM_DMACmd                               0x0800bf01   Thumb Code   126  stm32f4xx_tim.o(.text)
    TIM_SelectCCDMA                          0x0800bf7f   Thumb Code    96  stm32f4xx_tim.o(.text)
    TIM_InternalClockConfig                  0x0800bfdf   Thumb Code    76  stm32f4xx_tim.o(.text)
    TIM_SelectInputTrigger                   0x0800c02b   Thumb Code   148  stm32f4xx_tim.o(.text)
    TIM_ITRxExternalClockConfig              0x0800c0bf   Thumb Code   110  stm32f4xx_tim.o(.text)
    TIM_TIxExternalClockConfig               0x0800c12d   Thumb Code   184  stm32f4xx_tim.o(.text)
    TIM_ETRConfig                            0x0800c1e5   Thumb Code   164  stm32f4xx_tim.o(.text)
    TIM_ETRClockMode1Config                  0x0800c289   Thumb Code   228  stm32f4xx_tim.o(.text)
    TIM_ETRClockMode2Config                  0x0800c36d   Thumb Code   152  stm32f4xx_tim.o(.text)
    TIM_SelectOutputTrigger                  0x0800c405   Thumb Code   126  stm32f4xx_tim.o(.text)
    TIM_SelectSlaveMode                      0x0800c483   Thumb Code   112  stm32f4xx_tim.o(.text)
    TIM_SelectMasterSlaveMode                0x0800c4f3   Thumb Code   102  stm32f4xx_tim.o(.text)
    TIM_EncoderInterfaceConfig               0x0800c559   Thumb Code   226  stm32f4xx_tim.o(.text)
    TIM_SelectHallSensor                     0x0800c63b   Thumb Code   108  stm32f4xx_tim.o(.text)
    TIM_RemapConfig                          0x0800c6a7   Thumb Code   138  stm32f4xx_tim.o(.text)
    USART_DeInit                             0x0800c731   Thumb Code   202  stm32f4xx_usart.o(.text)
    USART_Init                               0x0800c7fb   Thumb Code   456  stm32f4xx_usart.o(.text)
    USART_StructInit                         0x0800c9c3   Thumb Code    24  stm32f4xx_usart.o(.text)
    USART_ClockInit                          0x0800c9db   Thumb Code   166  stm32f4xx_usart.o(.text)
    USART_ClockStructInit                    0x0800ca81   Thumb Code    12  stm32f4xx_usart.o(.text)
    USART_Cmd                                0x0800ca8d   Thumb Code    96  stm32f4xx_usart.o(.text)
    USART_SetPrescaler                       0x0800caed   Thumb Code   102  stm32f4xx_usart.o(.text)
    USART_OverSampling8Cmd                   0x0800cb53   Thumb Code    94  stm32f4xx_usart.o(.text)
    USART_OneBitMethodCmd                    0x0800cbb1   Thumb Code    96  stm32f4xx_usart.o(.text)
    USART_SendData                           0x0800cc11   Thumb Code    80  stm32f4xx_usart.o(.text)
    USART_ReceiveData                        0x0800cc61   Thumb Code    60  stm32f4xx_usart.o(.text)
    USART_SetAddress                         0x0800cc9d   Thumb Code    88  stm32f4xx_usart.o(.text)
    USART_ReceiverWakeUpCmd                  0x0800ccf5   Thumb Code    96  stm32f4xx_usart.o(.text)
    USART_WakeUpConfig                       0x0800cd55   Thumb Code    92  stm32f4xx_usart.o(.text)
    USART_LINBreakDetectLengthConfig         0x0800cdb1   Thumb Code    90  stm32f4xx_usart.o(.text)
    USART_LINCmd                             0x0800ce0b   Thumb Code    96  stm32f4xx_usart.o(.text)
    USART_SendBreak                          0x0800ce6b   Thumb Code    62  stm32f4xx_usart.o(.text)
    USART_HalfDuplexCmd                      0x0800cea9   Thumb Code    96  stm32f4xx_usart.o(.text)
    USART_SetGuardTime                       0x0800cf09   Thumb Code    86  stm32f4xx_usart.o(.text)
    USART_SmartCardCmd                       0x0800cf5f   Thumb Code    84  stm32f4xx_usart.o(.text)
    USART_SmartCardNACKCmd                   0x0800cfb3   Thumb Code    84  stm32f4xx_usart.o(.text)
    USART_IrDAConfig                         0x0800d007   Thumb Code    90  stm32f4xx_usart.o(.text)
    USART_IrDACmd                            0x0800d061   Thumb Code    96  stm32f4xx_usart.o(.text)
    USART_DMACmd                             0x0800d0c1   Thumb Code   114  stm32f4xx_usart.o(.text)
    USART_ITConfig                           0x0800d133   Thumb Code   260  stm32f4xx_usart.o(.text)
    USART_GetFlagStatus                      0x0800d237   Thumb Code   170  stm32f4xx_usart.o(.text)
    USART_ClearFlag                          0x0800d2e1   Thumb Code   158  stm32f4xx_usart.o(.text)
    USART_GetITStatus                        0x0800d37f   Thumb Code   278  stm32f4xx_usart.o(.text)
    USART_ClearITPendingBit                  0x0800d495   Thumb Code   164  stm32f4xx_usart.o(.text)
    __aeabi_memcpy                           0x0800d555   Thumb Code    36  memcpya.o(.text)
    __aeabi_memcpy4                          0x0800d555   Thumb Code     0  memcpya.o(.text)
    __aeabi_memcpy8                          0x0800d555   Thumb Code     0  memcpya.o(.text)
    __aeabi_dadd                             0x0800d579   Thumb Code   322  dadd.o(.text)
    __aeabi_dsub                             0x0800d6bb   Thumb Code     6  dadd.o(.text)
    __aeabi_drsub                            0x0800d6c1   Thumb Code     6  dadd.o(.text)
    __aeabi_dmul                             0x0800d6c7   Thumb Code   228  dmul.o(.text)
    __aeabi_i2d                              0x0800d7ab   Thumb Code    34  dflti.o(.text)
    __aeabi_d2iz                             0x0800d7cd   Thumb Code    62  dfixi.o(.text)
    __aeabi_cdcmpeq                          0x0800d80d   Thumb Code     0  cdcmple.o(.text)
    __aeabi_cdcmple                          0x0800d80d   Thumb Code    48  cdcmple.o(.text)
    __aeabi_cdrcmple                         0x0800d83d   Thumb Code    48  cdrcmple.o(.text)
    __aeabi_d2f                              0x0800d86d   Thumb Code    56  d2f.o(.text)
    __aeabi_llsl                             0x0800d8a5   Thumb Code    30  llshl.o(.text)
    _ll_shift_l                              0x0800d8a5   Thumb Code     0  llshl.o(.text)
    __aeabi_llsr                             0x0800d8c3   Thumb Code    32  llushr.o(.text)
    _ll_ushift_r                             0x0800d8c3   Thumb Code     0  llushr.o(.text)
    __aeabi_lasr                             0x0800d8e3   Thumb Code    36  llsshr.o(.text)
    _ll_sshift_r                             0x0800d8e3   Thumb Code     0  llsshr.o(.text)
    __I$use$fp                               0x0800d907   Thumb Code     0  iusefp.o(.text)
    _float_round                             0x0800d907   Thumb Code    18  fepilogue.o(.text)
    _float_epilogue                          0x0800d919   Thumb Code    92  fepilogue.o(.text)
    _double_round                            0x0800d975   Thumb Code    30  depilogue.o(.text)
    _double_epilogue                         0x0800d993   Thumb Code   156  depilogue.o(.text)
    __scatterload                            0x0800da31   Thumb Code    28  init.o(.text)
    __scatterload_rt2                        0x0800da31   Thumb Code     0  init.o(.text)
    __decompress                             0x0800da55   Thumb Code     0  __dczerorl2.o(.text)
    __decompress1                            0x0800da55   Thumb Code    86  __dczerorl2.o(.text)
    __scatterload_copy                       0x0800daab   Thumb Code    14  handlers.o(i.__scatterload_copy)
    __scatterload_null                       0x0800dab9   Thumb Code     2  handlers.o(i.__scatterload_null)
    __scatterload_zeroinit                   0x0800dabb   Thumb Code    14  handlers.o(i.__scatterload_zeroinit)
    fast_atan_table                          0x0800dac8   Data        1028  ano_math.o(.constdata)
    Region$$Table$$Base                      0x0800e160   Number         0  anon$$obj.o(Region$$Table)
    Region$$Table$$Limit                     0x0800e180   Number         0  anon$$obj.o(Region$$Table)
    dx                                       0x20000000   Data           2  ano_scheduler.o(.data)
    dy                                       0x20000002   Data           2  ano_scheduler.o(.data)
    dis_fix_x                                0x20000004   Data           2  ano_scheduler.o(.data)
    dis_fix_y                                0x20000006   Data           2  ano_scheduler.o(.data)
    dis_x                                    0x20000008   Data           2  ano_scheduler.o(.data)
    dis_y                                    0x2000000a   Data           2  ano_scheduler.o(.data)
    user_exp_fdb_x                           0x2000000c   Data           4  ano_scheduler.o(.data)
    test_output_x                            0x20000010   Data           2  ano_scheduler.o(.data)
    test_output_pole_x                       0x20000012   Data           2  ano_scheduler.o(.data)
    user_exp_fdb_y                           0x20000014   Data           4  ano_scheduler.o(.data)
    test_output_y                            0x20000018   Data           2  ano_scheduler.o(.data)
    user_exp_fdb_z                           0x2000001a   Data           4  ano_scheduler.o(.data)
    test_output_z                            0x2000001e   Data           2  ano_scheduler.o(.data)
    user_exp_fdb_alt_z                       0x20000020   Data           4  ano_scheduler.o(.data)
    test_output_alt_z                        0x20000024   Data           2  ano_scheduler.o(.data)
    user_exp_fdb_yaw                         0x20000026   Data           4  ano_scheduler.o(.data)
    test_output_yaw                          0x2000002a   Data           2  ano_scheduler.o(.data)
    user_eula                                0x2000002c   Data           8  ano_scheduler.o(.data)
    Position_now                             0x20000034   Data           2  ano_scheduler.o(.data)
    Position_pre                             0x20000036   Data           2  ano_scheduler.o(.data)
    Position_incre                           0x20000038   Data           2  ano_scheduler.o(.data)
    THR_Val                                  0x200000a0   Data           2  user_task.o(.data)
    CTRL_SPD_Z                               0x200000a2   Data           2  user_task.o(.data)
    out_speed                                0x200000a4   Data           2  user_task.o(.data)
    out_speed_y                              0x200000a6   Data           2  user_task.o(.data)
    out_speed_z                              0x200000a8   Data           2  user_task.o(.data)
    axialdirection                           0x200000aa   Data           1  user_task.o(.data)
    fc_bat                                   0x200000b8   Data           4  ano_lx.o(.data)
    sti_fun                                  0x200000d0   Data           2  lx_fc_state.o(.data)
    OpenMVmodeflagdata                       0x200000ee   Data           1  drv_openmv.o(.data)
    offline_check_time                       0x200000f0   Data           2  drv_openmv.o(.data)
    tf_offline_check_time                    0x200000f4   Data           2  drv_tfmini_plus.o(.data)
    tfmini                                   0x200000f6   Data           8  drv_tfmini_plus.o(.data)
    hwt_offline_check_time                   0x20000100   Data           2  drv_hwt101ct.o(.data)
    hwt101ct                                 0x20000102   Data           6  drv_hwt101ct.o(.data)
    led                                      0x20000118   Data           4  drv_led.o(.data)
    Tx1Counter                               0x20000128   Data           1  drv_uart.o(.data)
    count1                                   0x20000129   Data           1  drv_uart.o(.data)
    U1RxInCnt                                0x2000012a   Data           1  drv_uart.o(.data)
    U1RxoutCnt                               0x2000012b   Data           1  drv_uart.o(.data)
    TxCounter                                0x2000012c   Data           1  drv_uart.o(.data)
    count                                    0x2000012d   Data           1  drv_uart.o(.data)
    U2RxInCnt                                0x2000012e   Data           1  drv_uart.o(.data)
    U2RxoutCnt                               0x2000012f   Data           1  drv_uart.o(.data)
    Tx3Counter                               0x20000130   Data           1  drv_uart.o(.data)
    count3                                   0x20000131   Data           1  drv_uart.o(.data)
    U3RxInCnt                                0x20000132   Data           1  drv_uart.o(.data)
    U3RxoutCnt                               0x20000133   Data           1  drv_uart.o(.data)
    Tx4Counter                               0x20000134   Data           1  drv_uart.o(.data)
    count4                                   0x20000135   Data           1  drv_uart.o(.data)
    U4RxInCnt                                0x20000136   Data           1  drv_uart.o(.data)
    U4RxoutCnt                               0x20000137   Data           1  drv_uart.o(.data)
    Tx5Counter                               0x20000138   Data           1  drv_uart.o(.data)
    count5                                   0x20000139   Data           1  drv_uart.o(.data)
    U5RxInCnt                                0x2000013a   Data           1  drv_uart.o(.data)
    U5RxoutCnt                               0x2000013b   Data           1  drv_uart.o(.data)
    SystemCoreClock                          0x2000013c   Data           4  system_stm32f4xx.o(.data)
    AHBPrescTable                            0x20000140   Data          16  system_stm32f4xx.o(.data)
    user_flag                                0x20000160   Data           9  ano_scheduler.o(.bss)
    PID_Speed_arg_x                          0x2000016c   Data          24  ano_scheduler.o(.bss)
    PID_Speed_arg_y                          0x20000184   Data          24  ano_scheduler.o(.bss)
    PID_Speed_val_x                          0x2000019c   Data          40  ano_scheduler.o(.bss)
    PID_Speed_val_y                          0x200001c4   Data          40  ano_scheduler.o(.bss)
    PID_Distance_arg_x                       0x200001ec   Data          24  ano_scheduler.o(.bss)
    PID_Distance_arg_y                       0x20000204   Data          24  ano_scheduler.o(.bss)
    PID_Distance_val_x                       0x2000021c   Data          40  ano_scheduler.o(.bss)
    PID_Distance_val_y                       0x20000244   Data          40  ano_scheduler.o(.bss)
    PID_Speed_arg_yaw                        0x2000026c   Data          24  ano_scheduler.o(.bss)
    PID_Speed_val_yaw                        0x20000284   Data          40  ano_scheduler.o(.bss)
    PID_Distance_arg_yaw                     0x200002ac   Data          24  ano_scheduler.o(.bss)
    PID_Distance_val_yaw                     0x200002c4   Data          40  ano_scheduler.o(.bss)
    PID_Speed_arg_z                          0x200002ec   Data          24  ano_scheduler.o(.bss)
    PID_Speed_val_z                          0x20000304   Data          40  ano_scheduler.o(.bss)
    PID_Distance_arg_z                       0x2000032c   Data          24  ano_scheduler.o(.bss)
    PID_Distance_val_z                       0x20000344   Data          40  ano_scheduler.o(.bss)
    user_threshold_x                         0x2000036c   Data          12  ano_scheduler.o(.bss)
    user_threshold_pole_x                    0x20000378   Data          12  ano_scheduler.o(.bss)
    user_threshold_y                         0x20000384   Data          12  ano_scheduler.o(.bss)
    user_threshold_z                         0x20000390   Data          12  ano_scheduler.o(.bss)
    user_threshold_alt_z                     0x2000039c   Data          12  ano_scheduler.o(.bss)
    user_threshold_yaw                       0x200003a8   Data          12  ano_scheduler.o(.bss)
    send_buffer                              0x200003b4   Data          50  ano_dt_lx.o(.bss)
    dt                                       0x200003e8   Data        1564  ano_dt_lx.o(.bss)
    rt_tar                                   0x20000b36   Data          14  ano_lx.o(.bss)
    pwm_to_esc                               0x20000b44   Data          16  ano_lx.o(.bss)
    ext_sens                                 0x20000b64   Data          48  lx_fc_ext_sensor.o(.bss)
    fc_sta                                   0x20000b94   Data          11  lx_fc_state.o(.bss)
    rc_in                                    0x20000ba0   Data          82  drv_bsp.o(.bss)
    ano_of                                   0x20000c0c   Data          60  drv_anoof.o(.bss)
    openmv_buf                               0x20000c88   Data          20  drv_openmv.o(.bss)
    opmv                                     0x20000c9c   Data          48  drv_openmv.o(.bss)
    tfmini_buf                               0x20000ccc   Data          20  drv_tfmini_plus.o(.bss)
    hwt101ct_buf                             0x20000ce0   Data          20  drv_hwt101ct.o(.bss)
    AdcValue                                 0x20000cf4   Data         100  drv_adc.o(.bss)
    Tx1Buffer                                0x20000d58   Data         256  drv_uart.o(.bss)
    U1RxDataTmp                              0x20000e58   Data         100  drv_uart.o(.bss)
    TxBuffer                                 0x20000ebc   Data         256  drv_uart.o(.bss)
    U2RxDataTmp                              0x20000fbc   Data         100  drv_uart.o(.bss)
    Tx3Buffer                                0x20001020   Data         256  drv_uart.o(.bss)
    U3RxDataTmp                              0x20001120   Data         200  drv_uart.o(.bss)
    Tx4Buffer                                0x200011e8   Data         256  drv_uart.o(.bss)
    U4RxDataTmp                              0x200012e8   Data         100  drv_uart.o(.bss)
    Tx5Buffer                                0x2000134c   Data         256  drv_uart.o(.bss)
    U5RxDataTmp                              0x2000144c   Data         100  drv_uart.o(.bss)
    __initial_sp                             0x20001cb0   Data           0  startup_stm32f4xx.o(STACK)



==============================================================================

Memory Map of the image

  Image Entry point : 0x08000189

  Load Region LR_IROM1 (Base: 0x08000000, Size: 0x0000e2e0, Max: 0x00100000, ABSOLUTE, COMPRESSED[0x0000e1c4])

    Execution Region ER_IROM1 (Exec base: 0x08000000, Load base: 0x08000000, Size: 0x0000e180, Max: 0x00100000, ABSOLUTE)

    Exec Addr    Load Addr    Size         Type   Attr      Idx    E Section Name        Object

    0x08000000   0x08000000   0x00000188   Data   RO          677    RESET               startup_stm32f4xx.o
    0x08000188   0x08000188   0x00000000   Code   RO          876  * .ARM.Collect$$$$00000000  mc_w.l(entry.o)
    0x08000188   0x08000188   0x00000004   Code   RO          897    .ARM.Collect$$$$00000001  mc_w.l(entry2.o)
    0x0800018c   0x0800018c   0x00000004   Code   RO          900    .ARM.Collect$$$$00000004  mc_w.l(entry5.o)
    0x08000190   0x08000190   0x00000000   Code   RO          902    .ARM.Collect$$$$00000008  mc_w.l(entry7b.o)
    0x08000190   0x08000190   0x00000000   Code   RO          904    .ARM.Collect$$$$0000000A  mc_w.l(entry8b.o)
    0x08000190   0x08000190   0x00000008   Code   RO          905    .ARM.Collect$$$$0000000B  mc_w.l(entry9a.o)
    0x08000198   0x08000198   0x00000000   Code   RO          907    .ARM.Collect$$$$0000000D  mc_w.l(entry10a.o)
    0x08000198   0x08000198   0x00000000   Code   RO          909    .ARM.Collect$$$$0000000F  mc_w.l(entry11a.o)
    0x08000198   0x08000198   0x00000004   Code   RO          898    .ARM.Collect$$$$00002712  mc_w.l(entry2.o)
    0x0800019c   0x0800019c   0x00000014   Code   RO            2    .text               main.o
    0x080001b0   0x080001b0   0x000008d4   Code   RO          113    .text               ano_scheduler.o
    0x08000a84   0x08000a84   0x00000abc   Code   RO          164    .text               user_task.o
    0x08001540   0x08001540   0x00000ae0   Code   RO          195    .text               ano_dt_lx.o
    0x08002020   0x08002020   0x000004e0   Code   RO          230    .text               ano_lx.o
    0x08002500   0x08002500   0x000000e4   Code   RO          269    .text               lx_fc_ext_sensor.o
    0x080025e4   0x080025e4   0x00000320   Code   RO          292    .text               lx_fc_fun.o
    0x08002904   0x08002904   0x00000284   Code   RO          309    .text               lx_fc_state.o
    0x08002b88   0x08002b88   0x000004d4   Code   RO          332    .text               drv_bsp.o
    0x0800305c   0x0800305c   0x0000087c   Code   RO          361    .text               ano_math.o
    0x080038d8   0x080038d8   0x00000340   Code   RO          380    .text               drv_anoof.o
    0x08003c18   0x08003c18   0x000002a4   Code   RO          403    .text               drv_openmv.o
    0x08003ebc   0x08003ebc   0x00000100   Code   RO          426    .text               drv_tfmini_plus.o
    0x08003fbc   0x08003fbc   0x000000f8   Code   RO          472    .text               drv_hwt101ct.o
    0x080040b4   0x080040b4   0x0000007c   Code   RO          495    .text               stm32f4xx_it.o
    0x08004130   0x08004130   0x00000108   Code   RO          511    .text               drv_sys.o
    0x08004238   0x08004238   0x00000194   Code   RO          539    .text               drv_adc.o
    0x080043cc   0x080043cc   0x0000011c   Code   RO          561    .text               drv_led.o
    0x080044e8   0x080044e8   0x0000037c   Code   RO          583    .text               drv_pwmout.o
    0x08004864   0x08004864   0x000001e4   Code   RO          599    .text               drv_rcin.o
    0x08004a48   0x08004a48   0x0000008c   Code   RO          616    .text               drv_timer.o
    0x08004ad4   0x08004ad4   0x00000a58   Code   RO          636    .text               drv_uart.o
    0x0800552c   0x0800552c   0x00000048   Code   RO          660    .text               drv_gpio.o
    0x08005574   0x08005574   0x00000024   Code   RO          678    .text               startup_stm32f4xx.o
    0x08005598   0x08005598   0x00000210   Code   RO          683    .text               system_stm32f4xx.o
    0x080057a8   0x080057a8   0x000001c0   Code   RO          705    .text               misc.o
    0x08005968   0x08005968   0x00000fdc   Code   RO          722    .text               stm32f4xx_adc.o
    0x08006944   0x08006944   0x00001368   Code   RO          739    .text               stm32f4xx_dma.o
    0x08007cac   0x08007cac   0x000002d4   Code   RO          756    .text               stm32f4xx_exti.o
    0x08007f80   0x08007f80   0x000008c8   Code   RO          790    .text               stm32f4xx_gpio.o
    0x08008848   0x08008848   0x00000cfc   Code   RO          807    .text               stm32f4xx_rcc.o
    0x08009544   0x08009544   0x000031ec   Code   RO          843    .text               stm32f4xx_tim.o
    0x0800c730   0x0800c730   0x00000e24   Code   RO          860    .text               stm32f4xx_usart.o
    0x0800d554   0x0800d554   0x00000024   Code   RO          879    .text               mc_w.l(memcpya.o)
    0x0800d578   0x0800d578   0x0000014e   Code   RO          883    .text               mf_w.l(dadd.o)
    0x0800d6c6   0x0800d6c6   0x000000e4   Code   RO          885    .text               mf_w.l(dmul.o)
    0x0800d7aa   0x0800d7aa   0x00000022   Code   RO          887    .text               mf_w.l(dflti.o)
    0x0800d7cc   0x0800d7cc   0x0000003e   Code   RO          889    .text               mf_w.l(dfixi.o)
    0x0800d80a   0x0800d80a   0x00000002   PAD
    0x0800d80c   0x0800d80c   0x00000030   Code   RO          891    .text               mf_w.l(cdcmple.o)
    0x0800d83c   0x0800d83c   0x00000030   Code   RO          893    .text               mf_w.l(cdrcmple.o)
    0x0800d86c   0x0800d86c   0x00000038   Code   RO          895    .text               mf_w.l(d2f.o)
    0x0800d8a4   0x0800d8a4   0x0000001e   Code   RO          911    .text               mc_w.l(llshl.o)
    0x0800d8c2   0x0800d8c2   0x00000020   Code   RO          913    .text               mc_w.l(llushr.o)
    0x0800d8e2   0x0800d8e2   0x00000024   Code   RO          915    .text               mc_w.l(llsshr.o)
    0x0800d906   0x0800d906   0x00000000   Code   RO          917    .text               mc_w.l(iusefp.o)
    0x0800d906   0x0800d906   0x0000006e   Code   RO          918    .text               mf_w.l(fepilogue.o)
    0x0800d974   0x0800d974   0x000000ba   Code   RO          920    .text               mf_w.l(depilogue.o)
    0x0800da2e   0x0800da2e   0x00000002   PAD
    0x0800da30   0x0800da30   0x00000024   Code   RO          922    .text               mc_w.l(init.o)
    0x0800da54   0x0800da54   0x00000056   Code   RO          932    .text               mc_w.l(__dczerorl2.o)
    0x0800daaa   0x0800daaa   0x0000000e   Code   RO          926    i.__scatterload_copy  mc_w.l(handlers.o)
    0x0800dab8   0x0800dab8   0x00000002   Code   RO          927    i.__scatterload_null  mc_w.l(handlers.o)
    0x0800daba   0x0800daba   0x0000000e   Code   RO          928    i.__scatterload_zeroinit  mc_w.l(handlers.o)
    0x0800dac8   0x0800dac8   0x00000404   Data   RO          362    .constdata          ano_math.o
    0x0800decc   0x0800decc   0x00000048   Data   RO          706    .conststring        misc.o
    0x0800df14   0x0800df14   0x00000051   Data   RO          723    .conststring        stm32f4xx_adc.o
    0x0800df65   0x0800df65   0x00000003   PAD
    0x0800df68   0x0800df68   0x00000051   Data   RO          740    .conststring        stm32f4xx_dma.o
    0x0800dfb9   0x0800dfb9   0x00000003   PAD
    0x0800dfbc   0x0800dfbc   0x00000052   Data   RO          757    .conststring        stm32f4xx_exti.o
    0x0800e00e   0x0800e00e   0x00000002   PAD
    0x0800e010   0x0800e010   0x00000052   Data   RO          791    .conststring        stm32f4xx_gpio.o
    0x0800e062   0x0800e062   0x00000002   PAD
    0x0800e064   0x0800e064   0x00000051   Data   RO          808    .conststring        stm32f4xx_rcc.o
    0x0800e0b5   0x0800e0b5   0x00000003   PAD
    0x0800e0b8   0x0800e0b8   0x00000051   Data   RO          844    .conststring        stm32f4xx_tim.o
    0x0800e109   0x0800e109   0x00000003   PAD
    0x0800e10c   0x0800e10c   0x00000053   Data   RO          861    .conststring        stm32f4xx_usart.o
    0x0800e15f   0x0800e15f   0x00000001   PAD
    0x0800e160   0x0800e160   0x00000020   Data   RO          924    Region$$Table       anon$$obj.o


    Execution Region RW_IRAM1 (Exec base: 0x20000000, Load base: 0x0800e180, Size: 0x00001cb0, Max: 0x00020000, ABSOLUTE, COMPRESSED[0x00000044])

    Exec Addr    Load Addr    Size         Type   Attr      Idx    E Section Name        Object

    0x20000000   COMPRESSED   0x000000a0   Data   RW          115    .data               ano_scheduler.o
    0x200000a0   COMPRESSED   0x00000012   Data   RW          165    .data               user_task.o
    0x200000b2   COMPRESSED   0x00000006   Data   RW          197    .data               ano_dt_lx.o
    0x200000b8   COMPRESSED   0x00000012   Data   RW          232    .data               ano_lx.o
    0x200000ca   COMPRESSED   0x00000004   Data   RW          271    .data               lx_fc_ext_sensor.o
    0x200000ce   COMPRESSED   0x00000001   Data   RW          293    .data               lx_fc_fun.o
    0x200000cf   COMPRESSED   0x00000001   PAD
    0x200000d0   COMPRESSED   0x00000006   Data   RW          311    .data               lx_fc_state.o
    0x200000d6   COMPRESSED   0x00000002   PAD
    0x200000d8   COMPRESSED   0x00000012   Data   RW          334    .data               drv_bsp.o
    0x200000ea   COMPRESSED   0x00000003   Data   RW          382    .data               drv_anoof.o
    0x200000ed   COMPRESSED   0x00000001   PAD
    0x200000ee   COMPRESSED   0x00000006   Data   RW          405    .data               drv_openmv.o
    0x200000f4   COMPRESSED   0x0000000b   Data   RW          428    .data               drv_tfmini_plus.o
    0x200000ff   COMPRESSED   0x00000001   PAD
    0x20000100   COMPRESSED   0x00000009   Data   RW          474    .data               drv_hwt101ct.o
    0x20000109   COMPRESSED   0x00000007   PAD
    0x20000110   COMPRESSED   0x00000008   Data   RW          512    .data               drv_sys.o
    0x20000118   COMPRESSED   0x0000000c   Data   RW          562    .data               drv_led.o
    0x20000124   COMPRESSED   0x00000004   Data   RW          600    .data               drv_rcin.o
    0x20000128   COMPRESSED   0x00000014   Data   RW          638    .data               drv_uart.o
    0x2000013c   COMPRESSED   0x00000014   Data   RW          684    .data               system_stm32f4xx.o
    0x20000150   COMPRESSED   0x00000010   Data   RW          809    .data               stm32f4xx_rcc.o
    0x20000160        -       0x00000254   Zero   RW          114    .bss                ano_scheduler.o
    0x200003b4        -       0x00000782   Zero   RW          196    .bss                ano_dt_lx.o
    0x20000b36        -       0x0000002e   Zero   RW          231    .bss                ano_lx.o
    0x20000b64        -       0x00000030   Zero   RW          270    .bss                lx_fc_ext_sensor.o
    0x20000b94        -       0x0000000b   Zero   RW          310    .bss                lx_fc_state.o
    0x20000b9f   COMPRESSED   0x00000001   PAD
    0x20000ba0        -       0x0000006b   Zero   RW          333    .bss                drv_bsp.o
    0x20000c0b   COMPRESSED   0x00000001   PAD
    0x20000c0c        -       0x0000007c   Zero   RW          381    .bss                drv_anoof.o
    0x20000c88        -       0x00000044   Zero   RW          404    .bss                drv_openmv.o
    0x20000ccc        -       0x00000014   Zero   RW          427    .bss                drv_tfmini_plus.o
    0x20000ce0        -       0x00000014   Zero   RW          473    .bss                drv_hwt101ct.o
    0x20000cf4        -       0x00000064   Zero   RW          540    .bss                drv_adc.o
    0x20000d58        -       0x00000758   Zero   RW          637    .bss                drv_uart.o
    0x200014b0        -       0x00000800   Zero   RW          675    STACK               startup_stm32f4xx.o


==============================================================================

Image component sizes


      Code (inc. data)   RO Data    RW Data    ZI Data      Debug   Object Name

      2784        142          0          6       1922       6935   ano_dt_lx.o
      1248        106          0         18         46       3125   ano_lx.o
      2172        142       1028          0          0       7830   ano_math.o
      2260        298          0        160        596       7535   ano_scheduler.o
       404         36          0          0        100       1957   drv_adc.o
       832         36          0          3        124       3182   drv_anoof.o
      1236         58          0         18        107       3666   drv_bsp.o
        72          4          0          0          0        612   drv_gpio.o
       248         16          0          9         20       2498   drv_hwt101ct.o
       284         12          0         12          0       2582   drv_led.o
       676         22          0          6         68       3307   drv_openmv.o
       892         38          0          0          0       1871   drv_pwmout.o
       484         20          0          4          0       1472   drv_rcin.o
       264         12          0          8          0      20413   drv_sys.o
       256         18          0         11         20       2509   drv_tfmini_plus.o
       140          4          0          0          0        947   drv_timer.o
      2648        174          0         20       1880       9151   drv_uart.o
       228         30          0          4         48       2715   lx_fc_ext_sensor.o
       800         12          0          1          0       3204   lx_fc_fun.o
       644         30          0          6         11       2107   lx_fc_state.o
        20          0          0          0          0     301428   main.o
       448         30         72          0          0       2333   misc.o
        36          8        392          0       2048        984   startup_stm32f4xx.o
      4060        104         81          0          0      13650   stm32f4xx_adc.o
      4968        316         81          0          0       9261   stm32f4xx_dma.o
       724         14         82          0          0       3011   stm32f4xx_exti.o
      2248         86         82          0          0       5713   stm32f4xx_gpio.o
       124          4          0          0          0       2350   stm32f4xx_it.o
      3324        218         81         16          0      13879   stm32f4xx_rcc.o
     12780        628         81          0          0      31504   stm32f4xx_tim.o
      3620        116         83          0          0      10384   stm32f4xx_usart.o
       528         46          0         20          0       2275   system_stm32f4xx.o
      2748        164          0         18          0       8183   user_task.o

    ----------------------------------------------------------------------
     54200       2944       2112        352       6992     492573   Object Totals
         0          0         32          0          0          0   (incl. Generated)
         0          0         17         12          2          0   (incl. Padding)

    ----------------------------------------------------------------------

      Code (inc. data)   RO Data    RW Data    ZI Data      Debug   Library Member Name

        86          0          0          0          0          0   __dczerorl2.o
         0          0          0          0          0          0   entry.o
         0          0          0          0          0          0   entry10a.o
         0          0          0          0          0          0   entry11a.o
         8          4          0          0          0          0   entry2.o
         4          0          0          0          0          0   entry5.o
         0          0          0          0          0          0   entry7b.o
         0          0          0          0          0          0   entry8b.o
         8          4          0          0          0          0   entry9a.o
        30          0          0          0          0          0   handlers.o
        36          8          0          0          0         68   init.o
         0          0          0          0          0          0   iusefp.o
        30          0          0          0          0         68   llshl.o
        36          0          0          0          0         68   llsshr.o
        32          0          0          0          0         68   llushr.o
        36          0          0          0          0         68   memcpya.o
        48          0          0          0          0         68   cdcmple.o
        48          0          0          0          0         68   cdrcmple.o
        56          0          0          0          0         88   d2f.o
       334          0          0          0          0        148   dadd.o
       186          0          0          0          0        176   depilogue.o
        62          0          0          0          0         80   dfixi.o
        34          0          0          0          0         76   dflti.o
       228          0          0          0          0         96   dmul.o
       110          0          0          0          0        168   fepilogue.o

    ----------------------------------------------------------------------
      1416         16          0          0          0       1308   Library Totals
         4          0          0          0          0          0   (incl. Padding)

    ----------------------------------------------------------------------

      Code (inc. data)   RO Data    RW Data    ZI Data      Debug   Library Name

       306         16          0          0          0        340   mc_w.l
      1106          0          0          0          0        968   mf_w.l

    ----------------------------------------------------------------------
      1416         16          0          0          0       1308   Library Totals

    ----------------------------------------------------------------------

==============================================================================


      Code (inc. data)   RO Data    RW Data    ZI Data      Debug   

     55616       2960       2112        352       6992     487641   Grand Totals
     55616       2960       2112         68       6992     487641   ELF Image Totals (compressed)
     55616       2960       2112         68          0          0   ROM Totals

==============================================================================

    Total RO  Size (Code + RO Data)                57728 (  56.38kB)
    Total RW  Size (RW Data + ZI Data)              7344 (   7.17kB)
    Total ROM Size (Code + RO Data + RW Data)      57796 (  56.44kB)

==============================================================================

